<html>
<body>
<pre>
<h1>µVision Build Log</h1>
<h2>Tool Versions:</h2>
IDE-Version: µVision V5.14.0.0
Copyright (C) 2015 ARM Ltd and ARM Germany GmbH. All rights reserved.
License Information: M D, Università, LIC=4ZLPC-7VUQY-UKXB6-DNH4Q-QI6FA-4R5DN
 
Tool Versions:
Toolchain:       MDK-ARM Professional  Version: 5.14.0.0
Toolchain Path:  C:\Keil_v5\ARM\ARMCC\Bin
C Compiler:      Armcc.exe V5.05 update 1 (build 106)
Assembler:       Armasm.exe V5.05 update 1 (build 106)
Linker/Locator:  ArmLink.exe V5.05 update 1 (build 106)
Library Manager: ArmAr.exe V5.05 update 1 (build 106)
Hex Converter:   FromElf.exe V5.05 update 1 (build 106)
CPU DLL:         SARMCM3.DLL V5.14.0.0
Dialog DLL:      DCM.DLL V1.13.1.0
Target DLL:      STLink\ST-LINKIII-KEIL_SWO.dll V2.0.14.0_KEIL
Dialog DLL:      TCM.DLL V1.14.4.0
 
<h2>Project:</h2>
C:\Users\mike_\Documents\GitHub\telemetria-2017\daq\prova_adc_potenziometro\MDK-ARM\prova_adc_potenziometro.uvprojx
Project File Date:  05/14/2017

<h2>Output:</h2>
Build target 'prova_adc_potenziometro'
assembling startup_stm32f746xx.s...
compiling stm32f7xx_hal_adc_ex.c...
compiling stm32f7xx_hal_dma.c...
compiling stm32f7xx_hal_rcc.c...
compiling stm32f7xx_hal_cortex.c...
compiling stm32f7xx_hal_i2c_ex.c...
compiling stm32f7xx_hal_pwr_ex.c...
compiling stm32f7xx_hal_dma_ex.c...
compiling stm32f7xx_hal_pwr.c...
compiling stm32f7xx_hal_uart.c...
compiling stm32f7xx_hal_rcc_ex.c...
compiling stm32f7xx_hal_flash.c...
compiling stm32f7xx_hal_adc.c...
compiling stm32f7xx_hal.c...
compiling stm32f7xx_hal_tim.c...
compiling stm32f7xx_hal_gpio.c...
compiling stm32f7xx_hal_flash_ex.c...
compiling stm32f7xx_hal_i2c.c...
compiling stm32f7xx_hal_tim_ex.c...
compiling system_stm32f7xx.c...
compiling stm32f7xx_it.c...
compiling stm32f7xx_hal_msp.c...
compiling main.c...
../Src/main.c(107): warning:  #223-D: function "strlen" declared implicitly
        HAL_UART_Transmit(&huart3, (uint8_t*) msg, strlen(msg), HAL_MAX_DELAY);
../Src/main.c: 1 warning, 0 errors
linking...
Program Size: Code=8648 RO-data=512 RW-data=12 ZI-data=1212  
"prova_adc_potenziometro\prova_adc_potenziometro.axf" - 0 Error(s), 1 Warning(s).

<h2>Software Packages used:</h2>

Package Vendor: ARM
                http://www.keil.com/pack/ARM.CMSIS.4.2.0.pack
                ARM::CMSIS:CORE:3.40.0
                CMSIS (Cortex Microcontroller Software Interface Standard)
   * Component: CORE Version: 3.40.0

<h2>Collection of Component include folders:</h2>
  C:\Users\mike_\Documents\GitHub\telemetria-2017\daq\prova_adc_potenziometro\MDK-ARM\RTE
  C:\Keil_v5\ARM\PACK\ARM\CMSIS\4.2.0\CMSIS\Include
  C:\Keil_v5\ARM\PACK\Keil\STM32F7xx_DFP\2.9.0

<h2>Collection of Component Files used:</h2>

   * Component: ARM::CMSIS:CORE:3.40.0
      Source file:   CMSIS\UserCodeTemplates\ARM\ITM_Retarget.c
</pre>
</body>
</html>
