Component: ARM Compiler 5.05 update 1 (build 106) Tool: armlink [4d0efa]

==============================================================================

Section Cross References

    event_groups.o(i.vEventGroupClearBitsCallback) refers to event_groups.o(i.xEventGroupClearBits) for xEventGroupClearBits
    event_groups.o(i.vEventGroupDelete) refers to tasks.o(i.vTaskSuspendAll) for vTaskSuspendAll
    event_groups.o(i.vEventGroupDelete) refers to tasks.o(i.xTaskRemoveFromUnorderedEventList) for xTaskRemoveFromUnorderedEventList
    event_groups.o(i.vEventGroupDelete) refers to heap_4.o(i.vPortFree) for vPortFree
    event_groups.o(i.vEventGroupDelete) refers to tasks.o(i.xTaskResumeAll) for xTaskResumeAll
    event_groups.o(i.vEventGroupSetBitsCallback) refers to event_groups.o(i.xEventGroupSetBits) for xEventGroupSetBits
    event_groups.o(i.xEventGroupClearBits) refers to port.o(i.vPortEnterCritical) for vPortEnterCritical
    event_groups.o(i.xEventGroupClearBits) refers to port.o(i.vPortExitCritical) for vPortExitCritical
    event_groups.o(i.xEventGroupCreate) refers to heap_4.o(i.pvPortMalloc) for pvPortMalloc
    event_groups.o(i.xEventGroupCreate) refers to list.o(i.vListInitialise) for vListInitialise
    event_groups.o(i.xEventGroupSetBits) refers to tasks.o(i.vTaskSuspendAll) for vTaskSuspendAll
    event_groups.o(i.xEventGroupSetBits) refers to tasks.o(i.xTaskRemoveFromUnorderedEventList) for xTaskRemoveFromUnorderedEventList
    event_groups.o(i.xEventGroupSetBits) refers to tasks.o(i.xTaskResumeAll) for xTaskResumeAll
    event_groups.o(i.xEventGroupSync) refers to tasks.o(i.xTaskGetSchedulerState) for xTaskGetSchedulerState
    event_groups.o(i.xEventGroupSync) refers to tasks.o(i.vTaskSuspendAll) for vTaskSuspendAll
    event_groups.o(i.xEventGroupSync) refers to event_groups.o(i.xEventGroupSetBits) for xEventGroupSetBits
    event_groups.o(i.xEventGroupSync) refers to tasks.o(i.vTaskPlaceOnUnorderedEventList) for vTaskPlaceOnUnorderedEventList
    event_groups.o(i.xEventGroupSync) refers to tasks.o(i.xTaskResumeAll) for xTaskResumeAll
    event_groups.o(i.xEventGroupSync) refers to tasks.o(i.uxTaskResetEventItemValue) for uxTaskResetEventItemValue
    event_groups.o(i.xEventGroupSync) refers to port.o(i.vPortEnterCritical) for vPortEnterCritical
    event_groups.o(i.xEventGroupSync) refers to port.o(i.vPortExitCritical) for vPortExitCritical
    event_groups.o(i.xEventGroupWaitBits) refers to tasks.o(i.xTaskGetSchedulerState) for xTaskGetSchedulerState
    event_groups.o(i.xEventGroupWaitBits) refers to tasks.o(i.vTaskSuspendAll) for vTaskSuspendAll
    event_groups.o(i.xEventGroupWaitBits) refers to event_groups.o(i.prvTestWaitCondition) for prvTestWaitCondition
    event_groups.o(i.xEventGroupWaitBits) refers to tasks.o(i.vTaskPlaceOnUnorderedEventList) for vTaskPlaceOnUnorderedEventList
    event_groups.o(i.xEventGroupWaitBits) refers to tasks.o(i.xTaskResumeAll) for xTaskResumeAll
    event_groups.o(i.xEventGroupWaitBits) refers to tasks.o(i.uxTaskResetEventItemValue) for uxTaskResetEventItemValue
    event_groups.o(i.xEventGroupWaitBits) refers to port.o(i.vPortEnterCritical) for vPortEnterCritical
    event_groups.o(i.xEventGroupWaitBits) refers to port.o(i.vPortExitCritical) for vPortExitCritical
    queue.o(i.pcQueueGetName) refers to queue.o(.bss) for .bss
    queue.o(i.prvCopyDataFromQueue) refers to memcpya.o(.text) for __aeabi_memcpy
    queue.o(i.prvCopyDataToQueue) refers to memcpya.o(.text) for __aeabi_memcpy
    queue.o(i.prvCopyDataToQueue) refers to tasks.o(i.xTaskPriorityDisinherit) for xTaskPriorityDisinherit
    queue.o(i.prvIsQueueEmpty) refers to port.o(i.vPortEnterCritical) for vPortEnterCritical
    queue.o(i.prvIsQueueEmpty) refers to port.o(i.vPortExitCritical) for vPortExitCritical
    queue.o(i.prvUnlockQueue) refers to port.o(i.vPortEnterCritical) for vPortEnterCritical
    queue.o(i.prvUnlockQueue) refers to tasks.o(i.xTaskRemoveFromEventList) for xTaskRemoveFromEventList
    queue.o(i.prvUnlockQueue) refers to tasks.o(i.vTaskMissedYield) for vTaskMissedYield
    queue.o(i.prvUnlockQueue) refers to port.o(i.vPortExitCritical) for vPortExitCritical
    queue.o(i.uxQueueMessagesWaiting) refers to port.o(i.vPortEnterCritical) for vPortEnterCritical
    queue.o(i.uxQueueMessagesWaiting) refers to port.o(i.vPortExitCritical) for vPortExitCritical
    queue.o(i.uxQueueSpacesAvailable) refers to port.o(i.vPortEnterCritical) for vPortEnterCritical
    queue.o(i.uxQueueSpacesAvailable) refers to port.o(i.vPortExitCritical) for vPortExitCritical
    queue.o(i.vQueueAddToRegistry) refers to queue.o(.bss) for .bss
    queue.o(i.vQueueDelete) refers to queue.o(i.vQueueUnregisterQueue) for vQueueUnregisterQueue
    queue.o(i.vQueueDelete) refers to heap_4.o(i.vPortFree) for vPortFree
    queue.o(i.vQueueUnregisterQueue) refers to queue.o(.bss) for .bss
    queue.o(i.xQueueCreateMutex) refers to queue.o(i.xQueueGenericCreate) for xQueueGenericCreate
[...]
    BSP_SD_ReadBlocks                        0x08000511   Thumb Code    26  bsp_driver_sd.o(i.BSP_SD_ReadBlocks)
    BSP_SD_WriteBlocks                       0x08000531   Thumb Code    26  bsp_driver_sd.o(i.BSP_SD_WriteBlocks)
    ETH_IRQHandler                           0x08000581   Thumb Code     6  stm32f7xx_it.o(i.ETH_IRQHandler)
    FATFS_LinkDriver                         0x080006b1   Thumb Code     6  ff_gen_drv.o(i.FATFS_LinkDriver)
    FATFS_LinkDriverEx                       0x080006b9   Thumb Code    60  ff_gen_drv.o(i.FATFS_LinkDriverEx)
    HAL_ADC_ConfigChannel                    0x080006f9   Thumb Code   338  stm32f7xx_hal_adc.o(i.HAL_ADC_ConfigChannel)
    HAL_ADC_GetValue                         0x0800085d   Thumb Code     6  stm32f7xx_hal_adc.o(i.HAL_ADC_GetValue)
    HAL_ADC_Init                             0x08000863   Thumb Code    84  stm32f7xx_hal_adc.o(i.HAL_ADC_Init)
    HAL_ADC_MspInit                          0x080008b9   Thumb Code    76  adc.o(i.HAL_ADC_MspInit)
    HAL_ADC_PollForConversion                0x08000915   Thumb Code   160  stm32f7xx_hal_adc.o(i.HAL_ADC_PollForConversion)
    HAL_ADC_Start                            0x080009b5   Thumb Code   170  stm32f7xx_hal_adc.o(i.HAL_ADC_Start)
    HAL_ADC_Stop                             0x08000a6d   Thumb Code    60  stm32f7xx_hal_adc.o(i.HAL_ADC_Stop)
    HAL_CAN_Init                             0x08000aa9   Thumb Code   330  stm32f7xx_hal_can.o(i.HAL_CAN_Init)
    HAL_CAN_MspInit                          0x08000bf5   Thumb Code    58  can.o(i.HAL_CAN_MspInit)
    HAL_Delay                                0x08000c3d   Thumb Code    22  stm32f7xx_hal.o(i.HAL_Delay)
    HAL_ETH_DMARxDescListInit                0x08000c53   Thumb Code   116  stm32f7xx_hal_eth.o(i.HAL_ETH_DMARxDescListInit)
    HAL_ETH_DMATxDescListInit                0x08000cc9   Thumb Code   132  stm32f7xx_hal_eth.o(i.HAL_ETH_DMATxDescListInit)
    HAL_ETH_ErrorCallback                    0x08000d4d   Thumb Code     2  stm32f7xx_hal_eth.o(i.HAL_ETH_ErrorCallback)
    HAL_ETH_GetReceivedFrame_IT              0x08000d4f   Thumb Code   140  stm32f7xx_hal_eth.o(i.HAL_ETH_GetReceivedFrame_IT)
    HAL_ETH_IRQHandler                       0x08000ddb   Thumb Code   118  stm32f7xx_hal_eth.o(i.HAL_ETH_IRQHandler)
    HAL_ETH_Init                             0x08000e51   Thumb Code   454  stm32f7xx_hal_eth.o(i.HAL_ETH_Init)
    HAL_ETH_MspInit                          0x08001041   Thumb Code   148  ethernetif.o(i.HAL_ETH_MspInit)
    HAL_ETH_ReadPHYRegister                  0x080010ed   Thumb Code   134  stm32f7xx_hal_eth.o(i.HAL_ETH_ReadPHYRegister)
    HAL_ETH_RxCpltCallback                   0x08001175   Thumb Code     8  ethernetif.o(i.HAL_ETH_RxCpltCallback)
    HAL_ETH_Start                            0x08001181   Thumb Code   132  stm32f7xx_hal_eth.o(i.HAL_ETH_Start)
    HAL_ETH_TransmitFrame                    0x08001205   Thumb Code   274  stm32f7xx_hal_eth.o(i.HAL_ETH_TransmitFrame)
    HAL_ETH_TxCpltCallback                   0x08001317   Thumb Code     2  stm32f7xx_hal_eth.o(i.HAL_ETH_TxCpltCallback)
    HAL_ETH_WritePHYRegister                 0x08001319   Thumb Code   122  stm32f7xx_hal_eth.o(i.HAL_ETH_WritePHYRegister)
    HAL_GPIO_Init                            0x08001395   Thumb Code   418  stm32f7xx_hal_gpio.o(i.HAL_GPIO_Init)
    HAL_GPIO_WritePin                        0x0800156d   Thumb Code    10  stm32f7xx_hal_gpio.o(i.HAL_GPIO_WritePin)
    HAL_GetTick                              0x08001579   Thumb Code     6  stm32f7xx_hal.o(i.HAL_GetTick)
    HAL_I2CEx_ConfigAnalogFilter             0x08001585   Thumb Code    88  stm32f7xx_hal_i2c_ex.o(i.HAL_I2CEx_ConfigAnalogFilter)
    HAL_I2CEx_ConfigDigitalFilter            0x080015dd   Thumb Code    84  stm32f7xx_hal_i2c_ex.o(i.HAL_I2CEx_ConfigDigitalFilter)
    HAL_I2C_Init                             0x08001631   Thumb Code   180  stm32f7xx_hal_i2c.o(i.HAL_I2C_Init)
    HAL_I2C_MspInit                          0x080016e9   Thumb Code    58  i2c.o(i.HAL_I2C_MspInit)
    HAL_IncTick                              0x08001731   Thumb Code    10  stm32f7xx_hal.o(i.HAL_IncTick)
    HAL_Init                                 0x08001741   Thumb Code    22  stm32f7xx_hal.o(i.HAL_Init)
    HAL_InitTick                             0x08001759   Thumb Code   100  stm32f7xx_hal_timebase_tim.o(i.HAL_InitTick)
    HAL_MspInit                              0x080017cd   Thumb Code    88  stm32f7xx_hal_msp.o(i.HAL_MspInit)
    HAL_NVIC_EnableIRQ                       0x08001825   Thumb Code    22  stm32f7xx_hal_cortex.o(i.HAL_NVIC_EnableIRQ)
    HAL_NVIC_SetPriority                     0x0800183d   Thumb Code    60  stm32f7xx_hal_cortex.o(i.HAL_NVIC_SetPriority)
    HAL_NVIC_SetPriorityGrouping             0x0800187d   Thumb Code    28  stm32f7xx_hal_cortex.o(i.HAL_NVIC_SetPriorityGrouping)
    HAL_PWREx_EnableOverDrive                0x080018a1   Thumb Code   100  stm32f7xx_hal_pwr_ex.o(i.HAL_PWREx_EnableOverDrive)
    HAL_RCCEx_PeriphCLKConfig                0x0800190d   Thumb Code  1712  stm32f7xx_hal_rcc_ex.o(i.HAL_RCCEx_PeriphCLKConfig)
    HAL_RCC_ClockConfig                      0x08001fc1   Thumb Code   338  stm32f7xx_hal_rcc.o(i.HAL_RCC_ClockConfig)
    HAL_RCC_GetClockConfig                   0x08002125   Thumb Code    56  stm32f7xx_hal_rcc.o(i.HAL_RCC_GetClockConfig)
    HAL_RCC_GetHCLKFreq                      0x08002165   Thumb Code     6  stm32f7xx_hal_rcc.o(i.HAL_RCC_GetHCLKFreq)
    HAL_RCC_GetPCLK1Freq                     0x08002171   Thumb Code    34  stm32f7xx_hal_rcc.o(i.HAL_RCC_GetPCLK1Freq)
    HAL_RCC_GetPCLK2Freq                     0x080021a1   Thumb Code    34  stm32f7xx_hal_rcc.o(i.HAL_RCC_GetPCLK2Freq)
    HAL_RCC_GetSysClockFreq                  0x080021d1   Thumb Code   120  stm32f7xx_hal_rcc.o(i.HAL_RCC_GetSysClockFreq)
    HAL_RCC_OscConfig                        0x08002251   Thumb Code   850  stm32f7xx_hal_rcc.o(i.HAL_RCC_OscConfig)
    HAL_SD_ConfigWideBusOperation            0x080025ad   Thumb Code   120  stm32f7xx_hal_sd.o(i.HAL_SD_ConfigWideBusOperation)
    HAL_SD_GetCardCSD                        0x08002625   Thumb Code   506  stm32f7xx_hal_sd.o(i.HAL_SD_GetCardCSD)
    HAL_SD_GetCardInfo                       0x0800281f   Thumb Code    36  stm32f7xx_hal_sd.o(i.HAL_SD_GetCardInfo)
    HAL_SD_GetCardState                      0x08002843   Thumb Code    44  stm32f7xx_hal_sd.o(i.HAL_SD_GetCardState)
    HAL_SD_Init                              0x0800286f   Thumb Code    54  stm32f7xx_hal_sd.o(i.HAL_SD_Init)
    HAL_SD_InitCard                          0x080028a5   Thumb Code    92  stm32f7xx_hal_sd.o(i.HAL_SD_InitCard)
    HAL_SD_MspInit                           0x08002901   Thumb Code    72  sdmmc.o(i.HAL_SD_MspInit)
    HAL_SD_ReadBlocks                        0x08002959   Thumb Code   432  stm32f7xx_hal_sd.o(i.HAL_SD_ReadBlocks)
    HAL_SD_WriteBlocks                       0x08002b09   Thumb Code   418  stm32f7xx_hal_sd.o(i.HAL_SD_WriteBlocks)
    HAL_SYSTICK_CLKSourceConfig              0x08002cab   Thumb Code    24  stm32f7xx_hal_cortex.o(i.HAL_SYSTICK_CLKSourceConfig)
    HAL_SYSTICK_Config                       0x08002cc3   Thumb Code    38  stm32f7xx_hal_cortex.o(i.HAL_SYSTICK_Config)
    HAL_TIMEx_BreakCallback                  0x08002ce9   Thumb Code     2  stm32f7xx_hal_tim_ex.o(i.HAL_TIMEx_BreakCallback)
    HAL_TIMEx_CommutationCallback            0x08002ceb   Thumb Code     2  stm32f7xx_hal_tim_ex.o(i.HAL_TIMEx_CommutationCallback)
    HAL_TIM_Base_Init                        0x08002ced   Thumb Code    54  stm32f7xx_hal_tim.o(i.HAL_TIM_Base_Init)
    HAL_TIM_Base_MspInit                     0x08002d23   Thumb Code     2  stm32f7xx_hal_tim.o(i.HAL_TIM_Base_MspInit)
    HAL_TIM_Base_Start_IT                    0x08002d25   Thumb Code    24  stm32f7xx_hal_tim.o(i.HAL_TIM_Base_Start_IT)
    HAL_TIM_IC_CaptureCallback               0x08002d3d   Thumb Code     2  stm32f7xx_hal_tim.o(i.HAL_TIM_IC_CaptureCallback)
    HAL_TIM_IRQHandler                       0x08002d3f   Thumb Code   382  stm32f7xx_hal_tim.o(i.HAL_TIM_IRQHandler)
    HAL_TIM_OC_DelayElapsedCallback          0x08002ebd   Thumb Code     2  stm32f7xx_hal_tim.o(i.HAL_TIM_OC_DelayElapsedCallback)
    HAL_TIM_PWM_PulseFinishedCallback        0x08002ebf   Thumb Code     2  stm32f7xx_hal_tim.o(i.HAL_TIM_PWM_PulseFinishedCallback)
    HAL_TIM_PeriodElapsedCallback            0x08002ec1   Thumb Code    14  main.o(i.HAL_TIM_PeriodElapsedCallback)
    HAL_TIM_TriggerCallback                  0x08002ed5   Thumb Code     2  stm32f7xx_hal_tim.o(i.HAL_TIM_TriggerCallback)
    HAL_UART_Init                            0x08002ed7   Thumb Code   106  stm32f7xx_hal_uart.o(i.HAL_UART_Init)
    HAL_UART_MspInit                         0x08002f41   Thumb Code   106  usart.o(i.HAL_UART_MspInit)
    HAL_UART_Transmit                        0x08002fc1   Thumb Code   182  stm32f7xx_hal_uart.o(i.HAL_UART_Transmit)
    MX_ADC1_Init                             0x08003079   Thumb Code    80  adc.o(i.MX_ADC1_Init)
    MX_ADC2_Init                             0x080030e5   Thumb Code    80  adc.o(i.MX_ADC2_Init)
    MX_CAN1_Init                             0x08003151   Thumb Code    58  can.o(i.MX_CAN1_Init)
    MX_FATFS_Init                            0x080031a5   Thumb Code    18  fatfs.o(i.MX_FATFS_Init)
    MX_FREERTOS_Init                         0x080031c1   Thumb Code    30  freertos.o(i.MX_FREERTOS_Init)
    MX_GPIO_Init                             0x080031e9   Thumb Code   256  gpio.o(i.MX_GPIO_Init)
    MX_I2C1_Init                             0x08003301   Thumb Code    88  i2c.o(i.MX_I2C1_Init)
    MX_LWIP_Init                             0x08003375   Thumb Code   152  lwip.o(i.MX_LWIP_Init)
    MX_SDMMC1_SD_Init                        0x0800341d   Thumb Code    22  sdmmc.o(i.MX_SDMMC1_SD_Init)
    MX_USART2_UART_Init                      0x0800343d   Thumb Code    56  usart.o(i.MX_USART2_UART_Init)
    MX_USART3_UART_Init                      0x0800348d   Thumb Code    56  usart.o(i.MX_USART3_UART_Init)
    SDMMC_CmdAppCommand                      0x080034ff   Thumb Code    50  stm32f7xx_ll_sdmmc.o(i.SDMMC_CmdAppCommand)
    SDMMC_CmdAppOperCommand                  0x08003531   Thumb Code    48  stm32f7xx_ll_sdmmc.o(i.SDMMC_CmdAppOperCommand)
    SDMMC_CmdBlockLength                     0x08003565   Thumb Code    50  stm32f7xx_ll_sdmmc.o(i.SDMMC_CmdBlockLength)
    SDMMC_CmdBusWidth                        0x08003597   Thumb Code    50  stm32f7xx_ll_sdmmc.o(i.SDMMC_CmdBusWidth)
    SDMMC_CmdGoIdleState                     0x080035c9   Thumb Code    76  stm32f7xx_ll_sdmmc.o(i.SDMMC_CmdGoIdleState)
    SDMMC_CmdOperCond                        0x08003619   Thumb Code    94  stm32f7xx_ll_sdmmc.o(i.SDMMC_CmdOperCond)
    SDMMC_CmdReadMultiBlock                  0x0800367d   Thumb Code    50  stm32f7xx_ll_sdmmc.o(i.SDMMC_CmdReadMultiBlock)
    SDMMC_CmdReadSingleBlock                 0x080036af   Thumb Code    50  stm32f7xx_ll_sdmmc.o(i.SDMMC_CmdReadSingleBlock)
    SDMMC_CmdSelDesel                        0x080036e1   Thumb Code    48  stm32f7xx_ll_sdmmc.o(i.SDMMC_CmdSelDesel)
    SDMMC_CmdSendCID                         0x08003711   Thumb Code    42  stm32f7xx_ll_sdmmc.o(i.SDMMC_CmdSendCID)
    SDMMC_CmdSendCSD                         0x0800373b   Thumb Code    46  stm32f7xx_ll_sdmmc.o(i.SDMMC_CmdSendCSD)
    SDMMC_CmdSendSCR                         0x08003769   Thumb Code    48  stm32f7xx_ll_sdmmc.o(i.SDMMC_CmdSendSCR)
    SDMMC_CmdSendStatus                      0x08003799   Thumb Code    50  stm32f7xx_ll_sdmmc.o(i.SDMMC_CmdSendStatus)
    SDMMC_CmdSetRelAdd                       0x080037cb   Thumb Code    48  stm32f7xx_ll_sdmmc.o(i.SDMMC_CmdSetRelAdd)
    SDMMC_CmdStopTransfer                    0x080037fd   Thumb Code    46  stm32f7xx_ll_sdmmc.o(i.SDMMC_CmdStopTransfer)
    SDMMC_CmdWriteMultiBlock                 0x08003831   Thumb Code    50  stm32f7xx_ll_sdmmc.o(i.SDMMC_CmdWriteMultiBlock)
    SDMMC_CmdWriteSingleBlock                0x08003863   Thumb Code    50  stm32f7xx_ll_sdmmc.o(i.SDMMC_CmdWriteSingleBlock)
    SDMMC_ConfigData                         0x08003895   Thumb Code    38  stm32f7xx_ll_sdmmc.o(i.SDMMC_ConfigData)
    SDMMC_GetPowerState                      0x08003aed   Thumb Code     8  stm32f7xx_ll_sdmmc.o(i.SDMMC_GetPowerState)
    SDMMC_GetResponse                        0x08003af5   Thumb Code    12  stm32f7xx_ll_sdmmc.o(i.SDMMC_GetResponse)
    SDMMC_Init                               0x08003b01   Thumb Code    34  stm32f7xx_ll_sdmmc.o(i.SDMMC_Init)
    SDMMC_PowerState_ON                      0x08003b23   Thumb Code     8  stm32f7xx_ll_sdmmc.o(i.SDMMC_PowerState_ON)
    SDMMC_ReadFIFO                           0x08003b2b   Thumb Code     6  stm32f7xx_ll_sdmmc.o(i.SDMMC_ReadFIFO)
    SDMMC_SendCommand                        0x08003b31   Thumb Code    34  stm32f7xx_ll_sdmmc.o(i.SDMMC_SendCommand)
    SDMMC_WriteFIFO                          0x08003b53   Thumb Code    10  stm32f7xx_ll_sdmmc.o(i.SDMMC_WriteFIFO)
    SD_initialize                            0x08003e5d   Thumb Code    26  sd_diskio.o(i.SD_initialize)
    SD_ioctl                                 0x08003e7d   Thumb Code    84  sd_diskio.o(i.SD_ioctl)
    SD_read                                  0x08003ed5   Thumb Code    52  sd_diskio.o(i.SD_read)
    SD_status                                0x08003f11   Thumb Code    26  sd_diskio.o(i.SD_status)
    SD_write                                 0x08003f31   Thumb Code    52  sd_diskio.o(i.SD_write)
    StartDefaultTask                         0x08003f6d   Thumb Code    16  freertos.o(i.StartDefaultTask)
    SysTick_Handler                          0x08003f7d   Thumb Code     4  stm32f7xx_it.o(i.SysTick_Handler)
    SystemClock_Config                       0x08003f81   Thumb Code   194  main.o(i.SystemClock_Config)
    SystemInit                               0x08004061   Thumb Code    68  system_stm32f7xx.o(i.SystemInit)
    TIM8_TRG_COM_TIM14_IRQHandler            0x080040b5   Thumb Code     6  stm32f7xx_it.o(i.TIM8_TRG_COM_TIM14_IRQHandler)
    TIM_Base_SetConfig                       0x080040c1   Thumb Code   158  stm32f7xx_hal_tim.o(i.TIM_Base_SetConfig)
    UART_AdvFeatureConfig                    0x0800418d   Thumb Code   200  stm32f7xx_hal_uart.o(i.UART_AdvFeatureConfig)
    UART_CheckIdleState                      0x08004255   Thumb Code    64  stm32f7xx_hal_uart.o(i.UART_CheckIdleState)
    UART_SetConfig                           0x08004295   Thumb Code   550  stm32f7xx_hal_uart.o(i.UART_SetConfig)
    UART_WaitOnFlagUntilTimeout              0x080044ed   Thumb Code   100  stm32f7xx_hal_uart.o(i.UART_WaitOnFlagUntilTimeout)
    _Error_Handler                           0x08004551   Thumb Code     8  main.o(i._Error_Handler)
    __0printf$bare                           0x08004571   Thumb Code     8  printfb.o(i.__0printf$bare)
    __1printf$bare                           0x08004571   Thumb Code     0  printfb.o(i.__0printf$bare)
    __2printf                                0x08004571   Thumb Code     0  printfb.o(i.__0printf$bare)
    __scatterload_copy                       0x08004581   Thumb Code    14  handlers.o(i.__scatterload_copy)
    __scatterload_null                       0x0800458f   Thumb Code     2  handlers.o(i.__scatterload_null)
    __scatterload_zeroinit                   0x08004591   Thumb Code    14  handlers.o(i.__scatterload_zeroinit)
    etharp_cleanup_netif                     0x0800461d   Thumb Code    42  etharp.o(i.etharp_cleanup_netif)
    etharp_input                             0x0800474d   Thumb Code   160  etharp.o(i.etharp_input)
    etharp_output                            0x080047ed   Thumb Code   220  etharp.o(i.etharp_output)
    etharp_query                             0x08004935   Thumb Code   232  etharp.o(i.etharp_query)
    etharp_request                           0x08004aad   Thumb Code     6  etharp.o(i.etharp_request)
    etharp_tmr                               0x08004ad9   Thumb Code    92  etharp.o(i.etharp_tmr)
    ethernet_input                           0x08004bb9   Thumb Code   154  ethernet.o(i.ethernet_input)
    ethernet_output                          0x08004c59   Thumb Code    74  ethernet.o(i.ethernet_output)
    ethernetif_init                          0x08004ca5   Thumb Code    30  ethernetif.o(i.ethernetif_init)
    ethernetif_input                         0x08004ccd   Thumb Code    48  ethernetif.o(i.ethernetif_input)
    fputc                                    0x08004d01   Thumb Code    18  fputc.o(i.fputc)
    icmp_dest_unreach                        0x08004d13   Thumb Code     8  icmp.o(i.icmp_dest_unreach)
    icmp_input                               0x08004d1d   Thumb Code   244  icmp.o(i.icmp_input)
    icmp_time_exceeded                       0x08004e81   Thumb Code     8  icmp.o(i.icmp_time_exceeded)
    ip4_addr_isbroadcast_u32                 0x08004e95   Thumb Code    46  ip4_addr.o(i.ip4_addr_isbroadcast_u32)
    ip4_frag                                 0x08004ec5   Thumb Code   346  ip4_frag.o(i.ip4_frag)
    ip4_input                                0x08005025   Thumb Code   402  ip4.o(i.ip4_input)
    ip4_output_if                            0x080051c1   Thumb Code    30  ip4.o(i.ip4_output_if)
    ip4_output_if_src                        0x080051e1   Thumb Code   162  ip4.o(i.ip4_output_if_src)
    ip4_reass                                0x0800528d   Thumb Code   398  ip4_frag.o(i.ip4_reass)
    ip4_route                                0x08005421   Thumb Code    82  ip4.o(i.ip4_route)
    ip_reass_tmr                             0x08005689   Thumb Code    40  ip4_frag.o(i.ip_reass_tmr)
    lwip_htonl                               0x0800595d   Thumb Code     4  def.o(i.lwip_htonl)
    lwip_htons                               0x08005961   Thumb Code     4  def.o(i.lwip_htons)
    lwip_init                                0x08005965   Thumb Code    34  init.o(i.lwip_init)
    main                                     0x08005989   Thumb Code    76  main.o(i.main)
    mem_free                                 0x080059ed   Thumb Code    74  mem.o(i.mem_free)
    mem_init                                 0x08005a3d   Thumb Code    50  mem.o(i.mem_init)
    mem_malloc                               0x08005a79   Thumb Code   206  mem.o(i.mem_malloc)
    mem_trim                                 0x08005b4d   Thumb Code   230  mem.o(i.mem_trim)
    memp_free                                0x08005c39   Thumb Code    20  memp.o(i.memp_free)
    memp_init                                0x08005c51   Thumb Code    26  memp.o(i.memp_init)
    memp_init_pool                           0x08005c71   Thumb Code    42  memp.o(i.memp_init_pool)
    memp_malloc                              0x08005c9d   Thumb Code    18  memp.o(i.memp_malloc)
    netif_add                                0x08005cb5   Thumb Code    78  netif.o(i.netif_add)
    netif_init                               0x08005d09   Thumb Code     2  netif.o(i.netif_init)
    netif_set_addr                           0x08005d25   Thumb Code    72  netif.o(i.netif_set_addr)
    netif_set_default                        0x08005d6d   Thumb Code     6  netif.o(i.netif_set_default)
    netif_set_down                           0x08005d79   Thumb Code    26  netif.o(i.netif_set_down)
    netif_set_gw                             0x08005d93   Thumb Code     8  netif.o(i.netif_set_gw)
    netif_set_ipaddr                         0x08005d9d   Thumb Code    60  netif.o(i.netif_set_ipaddr)
    netif_set_netmask                        0x08005ddd   Thumb Code     8  netif.o(i.netif_set_netmask)
    netif_set_up                             0x08005de5   Thumb Code    28  netif.o(i.netif_set_up)
    osDelay                                  0x08005e01   Thumb Code    14  cmsis_os.o(i.osDelay)
    osKernelStart                            0x08005e0f   Thumb Code    10  cmsis_os.o(i.osKernelStart)
    osKernelSysTick                          0x08005e19   Thumb Code    24  cmsis_os.o(i.osKernelSysTick)
    osMessageCreate                          0x08005e31   Thumb Code    10  cmsis_os.o(i.osMessageCreate)
    osMessageGet                             0x08005e3d   Thumb Code   146  cmsis_os.o(i.osMessageGet)
    osMessagePut                             0x08005ed5   Thumb Code    88  cmsis_os.o(i.osMessagePut)
    osMutexCreate                            0x08005f31   Thumb Code     6  cmsis_os.o(i.osMutexCreate)
    osMutexRelease                           0x08005f39   Thumb Code    74  cmsis_os.o(i.osMutexRelease)
    osMutexWait                              0x08005f89   Thumb Code   102  cmsis_os.o(i.osMutexWait)
    osSemaphoreCreate                        0x08005ff5   Thumb Code    38  cmsis_os.o(i.osSemaphoreCreate)
    osSemaphoreRelease                       0x0800601d   Thumb Code    74  cmsis_os.o(i.osSemaphoreRelease)
    osSemaphoreWait                          0x0800606d   Thumb Code   102  cmsis_os.o(i.osSemaphoreWait)
    osSystickHandler                         0x080060d9   Thumb Code    20  cmsis_os.o(i.osSystickHandler)
    osThreadCreate                           0x080060ed   Thumb Code    46  cmsis_os.o(i.osThreadCreate)
    pbuf_alloc                               0x0800611b   Thumb Code   284  pbuf.o(i.pbuf_alloc)
    pbuf_alloced_custom                      0x08006237   Thumb Code    82  pbuf.o(i.pbuf_alloced_custom)
    pbuf_cat                                 0x08006289   Thumb Code    40  pbuf.o(i.pbuf_cat)
    pbuf_clen                                0x080062b1   Thumb Code    18  pbuf.o(i.pbuf_clen)
    pbuf_copy                                0x080062c3   Thumb Code   154  pbuf.o(i.pbuf_copy)
    pbuf_copy_partial                        0x0800635d   Thumb Code   102  pbuf.o(i.pbuf_copy_partial)
    pbuf_free                                0x080063c3   Thumb Code    98  pbuf.o(i.pbuf_free)
    pbuf_header                              0x08006459   Thumb Code     6  pbuf.o(i.pbuf_header)
    pbuf_header_force                        0x0800645f   Thumb Code     6  pbuf.o(i.pbuf_header_force)
    pbuf_realloc                             0x08006509   Thumb Code    84  pbuf.o(i.pbuf_realloc)
    pbuf_ref                                 0x0800655d   Thumb Code    26  pbuf.o(i.pbuf_ref)
    pvPortMalloc                             0x08006a35   Thumb Code   222  heap_4.o(i.pvPortMalloc)
    pvTaskIncrementMutexHeldCount            0x08006b19   Thumb Code    18  tasks.o(i.pvTaskIncrementMutexHeldCount)
    pxPortInitialiseStack                    0x08006b31   Thumb Code    42  port.o(i.pxPortInitialiseStack)
    sys_arch_mbox_fetch                      0x08006ba9   Thumb Code    70  sys_arch.o(i.sys_arch_mbox_fetch)
    sys_arch_protect                         0x08006bf1   Thumb Code    18  sys_arch.o(i.sys_arch_protect)
    sys_arch_unprotect                       0x08006c09   Thumb Code     8  sys_arch.o(i.sys_arch_unprotect)
    sys_init                                 0x08006c6d   Thumb Code    14  sys_arch.o(i.sys_init)
    sys_mbox_new                             0x08006c85   Thumb Code    34  sys_arch.o(i.sys_mbox_new)
    sys_mbox_post                            0x08006cad   Thumb Code    26  sys_arch.o(i.sys_mbox_post)
    sys_mbox_trypost                         0x08006cc7   Thumb Code    20  sys_arch.o(i.sys_mbox_trypost)
    sys_mbox_valid                           0x08006cdb   Thumb Code    10  sys_arch.o(i.sys_mbox_valid)
    sys_mutex_lock                           0x08006ce5   Thumb Code    10  sys_arch.o(i.sys_mutex_lock)
    sys_mutex_new                            0x08006cef   Thumb Code    28  sys_arch.o(i.sys_mutex_new)
    sys_mutex_unlock                         0x08006d0b   Thumb Code     6  sys_arch.o(i.sys_mutex_unlock)
    sys_now                                  0x08006d11   Thumb Code     4  ethernetif.o(i.sys_now)
    sys_thread_new                           0x08006d15   Thumb Code    48  sys_arch.o(i.sys_thread_new)
    sys_timeout                              0x08006d45   Thumb Code   138  timeouts.o(i.sys_timeout)
    sys_timeouts_init                        0x08006dd5   Thumb Code    38  timeouts.o(i.sys_timeouts_init)
    sys_timeouts_mbox_fetch                  0x08006e09   Thumb Code    66  timeouts.o(i.sys_timeouts_mbox_fetch)
    tcp_abandon                              0x08006e51   Thumb Code   210  tcp.o(i.tcp_abandon)
    tcp_abort                                0x08006f29   Thumb Code     6  tcp.o(i.tcp_abort)
    tcp_alloc                                0x08006f31   Thumb Code   258  tcp.o(i.tcp_alloc)
    tcp_close                                0x08007041   Thumb Code    20  tcp.o(i.tcp_close)
    tcp_eff_send_mss_impl                    0x08007251   Thumb Code    34  tcp.o(i.tcp_eff_send_mss_impl)
    tcp_enqueue_flags                        0x08007273   Thumb Code   150  tcp_out.o(i.tcp_enqueue_flags)
    tcp_fasttmr                              0x08007309   Thumb Code    84  tcp.o(i.tcp_fasttmr)
    tcp_init                                 0x08007391   Thumb Code     2  tcp.o(i.tcp_init)
    tcp_input                                0x08007395   Thumb Code   852  tcp_in.o(i.tcp_input)
    tcp_keepalive                            0x08007701   Thumb Code    82  tcp_out.o(i.tcp_keepalive)
    tcp_netif_ip_addr_changed                0x0800787d   Thumb Code    72  tcp.o(i.tcp_netif_ip_addr_changed)
    tcp_next_iss                             0x080078ed   Thumb Code    12  tcp.o(i.tcp_next_iss)
    tcp_output                               0x08007979   Thumb Code   452  tcp_out.o(i.tcp_output)
    tcp_pcb_purge                            0x08007cd1   Thumb Code    66  tcp.o(i.tcp_pcb_purge)
    tcp_pcb_remove                           0x08007d13   Thumb Code    80  tcp.o(i.tcp_pcb_remove)
    tcp_process_refused_data                 0x080080d9   Thumb Code   108  tcp.o(i.tcp_process_refused_data)
    tcp_recv_null                            0x08008819   Thumb Code    36  tcp.o(i.tcp_recv_null)
    tcp_recved                               0x0800883d   Thumb Code    66  tcp.o(i.tcp_recved)
    tcp_rexmit                               0x0800887f   Thumb Code    82  tcp_out.o(i.tcp_rexmit)
    tcp_rexmit_fast                          0x080088d1   Thumb Code    92  tcp_out.o(i.tcp_rexmit_fast)
    tcp_rexmit_rto                           0x0800892d   Thumb Code    44  tcp_out.o(i.tcp_rexmit_rto)
    tcp_rst                                  0x08008959   Thumb Code   128  tcp_out.o(i.tcp_rst)
    tcp_seg_copy                             0x080089d9   Thumb Code    40  tcp.o(i.tcp_seg_copy)
    tcp_seg_free                             0x08008a01   Thumb Code    28  tcp.o(i.tcp_seg_free)
    tcp_segs_free                            0x08008a1d   Thumb Code    18  tcp.o(i.tcp_segs_free)
    tcp_send_empty_ack                       0x08008a2f   Thumb Code   114  tcp_out.o(i.tcp_send_empty_ack)
    tcp_send_fin                             0x08008aa1   Thumb Code    68  tcp_out.o(i.tcp_send_fin)
    tcp_slowtmr                              0x08008ae5   Thumb Code   626  tcp.o(i.tcp_slowtmr)
    tcp_timer_needed                         0x08008d69   Thumb Code    36  timeouts.o(i.tcp_timer_needed)
    tcp_tmr                                  0x08008e05   Thumb Code    28  tcp.o(i.tcp_tmr)
    tcp_trigger_input_pcb_close              0x08008e25   Thumb Code    12  tcp_in.o(i.tcp_trigger_input_pcb_close)
    tcp_update_rcv_ann_wnd                   0x08008e35   Thumb Code    54  tcp.o(i.tcp_update_rcv_ann_wnd)
    tcp_zero_window_probe                    0x08008e6b   Thumb Code   174  tcp_out.o(i.tcp_zero_window_probe)
    tcpip_callback_with_block                0x08008f19   Thumb Code    80  tcpip.o(i.tcpip_callback_with_block)
    tcpip_init                               0x08008f6d   Thumb Code    52  tcpip.o(i.tcpip_init)
    tcpip_inpkt                              0x08008fb9   Thumb Code    68  tcpip.o(i.tcpip_inpkt)
    tcpip_input                              0x08009001   Thumb Code    20  tcpip.o(i.tcpip_input)
    udp_init                                 0x080090c1   Thumb Code     2  udp.o(i.udp_init)
    udp_input                                0x080090c5   Thumb Code   284  udp.o(i.udp_input)
    udp_netif_ip_addr_changed                0x080091e9   Thumb Code    48  udp.o(i.udp_netif_ip_addr_changed)
    uxListRemove                             0x0800921d   Thumb Code    36  list.o(i.uxListRemove)
    vListInitialise                          0x08009241   Thumb Code    22  list.o(i.vListInitialise)
    vListInitialiseItem                      0x08009257   Thumb Code     6  list.o(i.vListInitialiseItem)
    vListInsert                              0x0800925d   Thumb Code    48  list.o(i.vListInsert)
    vListInsertEnd                           0x0800928d   Thumb Code    24  list.o(i.vListInsertEnd)
    vPortEnterCritical                       0x080092a5   Thumb Code    62  port.o(i.vPortEnterCritical)
    vPortExitCritical                        0x080092ed   Thumb Code    38  port.o(i.vPortExitCritical)
    vPortFree                                0x08009319   Thumb Code    96  heap_4.o(i.vPortFree)
    vPortSetupTimerInterrupt                 0x0800937d   Thumb Code    26  port.o(i.vPortSetupTimerInterrupt)
    vPortValidateInterruptPriority           0x0800939d   Thumb Code    82  port.o(i.vPortValidateInterruptPriority)
    vTaskDelay                               0x080093f9   Thumb Code    70  tasks.o(i.vTaskDelay)
    vTaskMissedYield                         0x08009449   Thumb Code     8  tasks.o(i.vTaskMissedYield)
    vTaskPlaceOnEventList                    0x08009455   Thumb Code    48  tasks.o(i.vTaskPlaceOnEventList)
    vTaskPriorityInherit                     0x08009489   Thumb Code   128  tasks.o(i.vTaskPriorityInherit)
    vTaskSetTimeOutState                     0x08009511   Thumb Code    34  tasks.o(i.vTaskSetTimeOutState)
    vTaskStartScheduler                      0x08009539   Thumb Code    94  tasks.o(i.vTaskStartScheduler)
    vTaskSuspendAll                          0x080095a9   Thumb Code    10  tasks.o(i.vTaskSuspendAll)
    vTaskSwitchContext                       0x080095b9   Thumb Code    86  tasks.o(i.vTaskSwitchContext)
    xPortStartScheduler                      0x08009619   Thumb Code   152  port.o(i.xPortStartScheduler)
    xPortSysTickHandler                      0x080096c1   Thumb Code    42  port.o(i.xPortSysTickHandler)
    xQueueCreateMutex                        0x080096f1   Thumb Code    36  queue.o(i.xQueueCreateMutex)
    xQueueGenericCreate                      0x08009715   Thumb Code    76  queue.o(i.xQueueGenericCreate)
    xQueueGenericReceive                     0x08009761   Thumb Code   376  queue.o(i.xQueueGenericReceive)
    xQueueGenericReset                       0x080098dd   Thumb Code   148  queue.o(i.xQueueGenericReset)
    xQueueGenericSend                        0x08009975   Thumb Code   362  queue.o(i.xQueueGenericSend)
    xQueueGenericSendFromISR                 0x08009ae5   Thumb Code   204  queue.o(i.xQueueGenericSendFromISR)
    xQueueGiveFromISR                        0x08009bb1   Thumb Code   172  queue.o(i.xQueueGiveFromISR)
    xQueueReceiveFromISR                     0x08009c5d   Thumb Code   168  queue.o(i.xQueueReceiveFromISR)
    xTaskCheckForTimeOut                     0x08009d05   Thumb Code   110  tasks.o(i.xTaskCheckForTimeOut)
    xTaskCreate                              0x08009d79   Thumb Code    86  tasks.o(i.xTaskCreate)
    xTaskGetSchedulerState                   0x08009dd1   Thumb Code    22  tasks.o(i.xTaskGetSchedulerState)
    xTaskGetTickCount                        0x08009ded   Thumb Code     6  tasks.o(i.xTaskGetTickCount)
    xTaskGetTickCountFromISR                 0x08009df9   Thumb Code    12  tasks.o(i.xTaskGetTickCountFromISR)
    xTaskIncrementTick                       0x08009e09   Thumb Code   196  tasks.o(i.xTaskIncrementTick)
    xTaskPriorityDisinherit                  0x08009ed5   Thumb Code   158  tasks.o(i.xTaskPriorityDisinherit)
    xTaskRemoveFromEventList                 0x08009f7d   Thumb Code   112  tasks.o(i.xTaskRemoveFromEventList)
    xTaskResumeAll                           0x08009ff5   Thumb Code   188  tasks.o(i.xTaskResumeAll)
    AHBPrescTable                            0x0800a0bc   Data          16  system_stm32f7xx.o(.constdata)
    APBPrescTable                            0x0800a0cc   Data           8  system_stm32f7xx.o(.constdata)
    SD_Driver                                0x0800a0d4   Data          20  sd_diskio.o(.constdata)
    ethbroadcast                             0x0800a124   Data           6  ethernet.o(.constdata)
    ethzero                                  0x0800a12a   Data           6  ethernet.o(.constdata)
    lwip_cyclic_timers                       0x0800a130   Data          24  timeouts.o(.constdata)
    tcp_pcb_lists                            0x0800a18c   Data          16  tcp.o(.constdata)
    ip_addr_any                              0x0800a19c   Data           4  ip4_addr.o(.constdata)
    memp_UDP_PCB                             0x0800a1a0   Data          12  memp.o(.constdata)
    memp_TCP_PCB                             0x0800a1ac   Data          12  memp.o(.constdata)
    memp_TCP_PCB_LISTEN                      0x0800a1b8   Data          12  memp.o(.constdata)
    memp_TCP_SEG                             0x0800a1c4   Data          12  memp.o(.constdata)
    memp_REASSDATA                           0x0800a1d0   Data          12  memp.o(.constdata)
    memp_FRAG_PBUF                           0x0800a1dc   Data          12  memp.o(.constdata)
    memp_NETBUF                              0x0800a1e8   Data          12  memp.o(.constdata)
    memp_NETCONN                             0x0800a1f4   Data          12  memp.o(.constdata)
    memp_TCPIP_MSG_API                       0x0800a200   Data          12  memp.o(.constdata)
    memp_TCPIP_MSG_INPKT                     0x0800a20c   Data          12  memp.o(.constdata)
    memp_SYS_TIMEOUT                         0x0800a218   Data          12  memp.o(.constdata)
    memp_PBUF                                0x0800a224   Data          12  memp.o(.constdata)
    memp_PBUF_POOL                           0x0800a230   Data          12  memp.o(.constdata)
    memp_pools                               0x0800a23c   Data          52  memp.o(.constdata)
    os_mutex_def_lwip_sys_mutex              0x0800a270   Data           4  sys_arch.o(.constdata)
    Region$$Table$$Base                      0x0800a30c   Number         0  anon$$obj.o(Region$$Table)
    Region$$Table$$Limit                     0x0800a32c   Number         0  anon$$obj.o(Region$$Table)
    pxCurrentTCB                             0x20000024   Data           4  tasks.o(.data)
    uwTick                                   0x20000060   Data           4  stm32f7xx_hal.o(.data)
    SystemCoreClock                          0x20000064   Data           4  system_stm32f7xx.o(.data)
    s_xSemaphore                             0x2000006c   Data           4  ethernetif.o(.data)
    retSD                                    0x20000070   Data           1  fatfs.o(.data)
    SD_Path                                  0x20000071   Data           4  fatfs.o(.data)
    defaultTaskHandle                        0x20000078   Data           4  freertos.o(.data)
    ipaddr                                   0x2000007c   Data           4  lwip.o(.data)
    netmask                                  0x20000080   Data           4  lwip.o(.data)
    gw                                       0x20000084   Data           4  lwip.o(.data)
    IP_ADDRESS                               0x20000088   Data           4  lwip.o(.data)
    NETMASK_ADDRESS                          0x2000008c   Data           4  lwip.o(.data)
    GATEWAY_ADDRESS                          0x20000090   Data           4  lwip.o(.data)
    udp_pcbs                                 0x20000098   Data           4  udp.o(.data)
    lock_tcpip_core                          0x200000a8   Data           4  tcpip.o(.data)
    tcp_input_pcb                            0x200000cc   Data           4  tcp_in.o(.data)
    tcp_active_pcbs_changed                  0x200000dc   Data           1  tcp.o(.data)
    tcp_ticks                                0x200000e8   Data           4  tcp.o(.data)
    tcp_bound_pcbs                           0x200000ec   Data           4  tcp.o(.data)
    tcp_listen_pcbs                          0x200000f0   Data           4  tcp.o(.data)
    tcp_active_pcbs                          0x200000f4   Data           4  tcp.o(.data)
    tcp_tw_pcbs                              0x200000f8   Data           4  tcp.o(.data)
    pbuf_free_ooseq_pending                  0x20000104   Data           1  pbuf.o(.data)
    lwip_sys_mutex                           0x20000140   Data           4  sys_arch.o(.data)
    netif_list                               0x20000158   Data           4  netif.o(.data)
    netif_default                            0x2000015c   Data           4  netif.o(.data)
    __stdout                                 0x20000160   Data           4  stdout.o(.data)
    disk                                     0x20003e54   Data          12  ff_gen_drv.o(.bss)
    hadc1                                    0x20003e60   Data          72  adc.o(.bss)
    hadc2                                    0x20003ea8   Data          72  adc.o(.bss)
    hi2c1                                    0x20003ef0   Data          76  i2c.o(.bss)
    hsd1                                     0x20003f3c   Data         132  sdmmc.o(.bss)
    DMARxDscrTab                             0x20003fc0   Data         128  ethernetif.o(.bss)
    DMATxDscrTab                             0x20004040   Data         128  ethernetif.o(.bss)
    Rx_Buff                                  0x200040c0   Data        6096  ethernetif.o(.bss)
    Tx_Buff                                  0x20005890   Data        6096  ethernetif.o(.bss)
    heth                                     0x20007060   Data          72  ethernetif.o(.bss)
    gnetif                                   0x200070a8   Data          48  lwip.o(.bss)
    huart2                                   0x200070d8   Data         112  usart.o(.bss)
    huart3                                   0x20007148   Data         112  usart.o(.bss)
    hcan1                                    0x200071b8   Data          68  can.o(.bss)
    htim14                                   0x200071fc   Data          64  stm32f7xx_hal_timebase_tim.o(.bss)
    ip_data                                  0x2000733c   Data          24  ip.o(.bss)
    memp_memory_UDP_PCB_base                 0x20007354   Data         131  memp.o(.bss)
    memp_memory_TCP_PCB_base                 0x200073d7   Data         763  memp.o(.bss)
    memp_memory_TCP_PCB_LISTEN_base          0x200076d2   Data         227  memp.o(.bss)
    memp_memory_TCP_SEG_base                 0x200077b5   Data         259  memp.o(.bss)
    memp_memory_REASSDATA_base               0x200078b8   Data         163  memp.o(.bss)
    memp_memory_FRAG_PBUF_base               0x2000795b   Data         363  memp.o(.bss)
    memp_memory_NETBUF_base                  0x20007ac6   Data          35  memp.o(.bss)
    memp_memory_NETCONN_base                 0x20007ae9   Data         179  memp.o(.bss)
    memp_memory_TCPIP_MSG_API_base           0x20007b9c   Data         131  memp.o(.bss)
    memp_memory_TCPIP_MSG_INPKT_base         0x20007c1f   Data         131  memp.o(.bss)
    memp_memory_SYS_TIMEOUT_base             0x20007ca2   Data          51  memp.o(.bss)
    memp_memory_PBUF_base                    0x20007cd5   Data         259  memp.o(.bss)
    memp_memory_PBUF_POOL_base               0x20007dd8   Data        9731  memp.o(.bss)
    ram_heap                                 0x2000a3db   Data        1619  mem.o(.bss)
    __initial_sp                             0x2000ae30   Data           0  startup_stm32f746xx.o(STACK)



==============================================================================

Memory Map of the image

  Image Entry point : 0x080001c9

  Load Region LR_IROM1 (Base: 0x08000000, Size: 0x0000a490, Max: 0x00100000, ABSOLUTE, COMPRESSED[0x0000a344])

    Execution Region ER_IROM1 (Base: 0x08000000, Size: 0x0000a32c, Max: 0x00100000, ABSOLUTE)

    Base Addr    Size         Type   Attr      Idx    E Section Name        Object

    0x08000000   0x000001c8   Data   RO         1127    RESET               startup_stm32f746xx.o
    0x080001c8   0x00000000   Code   RO        10067  * .ARM.Collect$$$$00000000  mc_w.l(entry.o)
    0x080001c8   0x00000004   Code   RO        10342    .ARM.Collect$$$$00000001  mc_w.l(entry2.o)
    0x080001cc   0x00000004   Code   RO        10345    .ARM.Collect$$$$00000004  mc_w.l(entry5.o)
    0x080001d0   0x00000000   Code   RO        10347    .ARM.Collect$$$$00000008  mc_w.l(entry7b.o)
    0x080001d0   0x00000000   Code   RO        10349    .ARM.Collect$$$$0000000A  mc_w.l(entry8b.o)
    0x080001d0   0x00000008   Code   RO        10350    .ARM.Collect$$$$0000000B  mc_w.l(entry9a.o)
    0x080001d8   0x00000000   Code   RO        10352    .ARM.Collect$$$$0000000D  mc_w.l(entry10a.o)
    0x080001d8   0x00000000   Code   RO        10354    .ARM.Collect$$$$0000000F  mc_w.l(entry11a.o)
    0x080001d8   0x00000004   Code   RO        10343    .ARM.Collect$$$$00002712  mc_w.l(entry2.o)
    0x080001dc   0x000000ba   Code   RO          284    .emb_text           port.o
    0x08000296   0x00000002   PAD
    0x08000298   0x00000024   Code   RO         1128    .text               startup_stm32f746xx.o
    0x080002bc   0x00000024   Code   RO        10070    .text               mc_w.l(memcpya.o)
    0x080002e0   0x00000024   Code   RO        10072    .text               mc_w.l(memseta.o)
    0x08000304   0x0000001a   Code   RO        10076    .text               mc_w.l(memcmp.o)
    0x0800031e   0x00000002   PAD
    0x08000320   0x00000024   Code   RO        10374    .text               mc_w.l(init.o)
    0x08000344   0x00000000   Code   RO        10376    .text               mc_w.l(semi.o)
    0x08000344   0x00000000   Code   RO        10383    .text               mc_w.l(iusesemip.o)
    0x08000344   0x0000003a   Code   RO        10394    .text               mc_w.l(__dczerorl.o)
    0x0800037e   0x00000002   PAD
    0x08000380   0x00000138   Code   RO         3184    i.ADC_Init          stm32f7xx_hal_adc.o
    0x080004b8   0x0000000c   Code   RO         6217    i.BSP_SD_GetCardInfo  bsp_driver_sd.o
    0x080004c4   0x00000018   Code   RO         6218    i.BSP_SD_GetCardState  bsp_driver_sd.o
    0x080004dc   0x00000034   Code   RO         6220    i.BSP_SD_Init       bsp_driver_sd.o
    0x08000510   0x00000020   Code   RO         6222    i.BSP_SD_ReadBlocks  bsp_driver_sd.o
    0x08000530   0x00000020   Code   RO         6224    i.BSP_SD_WriteBlocks  bsp_driver_sd.o
    0x08000550   0x0000002e   Code   RO         1364    i.ETH_FlushTransmitFIFO  stm32f7xx_hal_eth.o
    0x0800057e   0x00000002   PAD
    0x08000580   0x0000000c   Code   RO         6152    i.ETH_IRQHandler    stm32f7xx_it.o
    0x0800058c   0x00000124   Code   RO         1365    i.ETH_MACDMAConfig  stm32f7xx_hal_eth.o
    0x080006b0   0x00000006   Code   RO         5086    i.FATFS_LinkDriver  ff_gen_drv.o
    0x080006b6   0x00000002   PAD
    0x080006b8   0x00000040   Code   RO         5087    i.FATFS_LinkDriverEx  ff_gen_drv.o
    0x080006f8   0x00000164   Code   RO         3186    i.HAL_ADC_ConfigChannel  stm32f7xx_hal_adc.o
    0x0800085c   0x00000006   Code   RO         3193    i.HAL_ADC_GetValue  stm32f7xx_hal_adc.o
    0x08000862   0x00000054   Code   RO         3195    i.HAL_ADC_Init      stm32f7xx_hal_adc.o
    0x080008b6   0x00000002   PAD
    0x080008b8   0x0000005c   Code   RO         5599    i.HAL_ADC_MspInit   adc.o
    0x08000914   0x000000a0   Code   RO         3199    i.HAL_ADC_PollForConversion  stm32f7xx_hal_adc.o
    0x080009b4   0x000000b8   Code   RO         3201    i.HAL_ADC_Start     stm32f7xx_hal_adc.o
    0x08000a6c   0x0000003c   Code   RO         3204    i.HAL_ADC_Stop      stm32f7xx_hal_adc.o
    0x08000aa8   0x0000014a   Code   RO         3063    i.HAL_CAN_Init      stm32f7xx_hal_can.o
    0x08000bf2   0x00000002   PAD
    0x08000bf4   0x00000048   Code   RO         6295    i.HAL_CAN_MspInit   can.o
    0x08000c3c   0x00000016   Code   RO         1654    i.HAL_Delay         stm32f7xx_hal.o
    0x08000c52   0x00000074   Code   RO         1368    i.HAL_ETH_DMARxDescListInit  stm32f7xx_hal_eth.o
    0x08000cc6   0x00000002   PAD
    0x08000cc8   0x00000084   Code   RO         1369    i.HAL_ETH_DMATxDescListInit  stm32f7xx_hal_eth.o
    0x08000d4c   0x00000002   Code   RO         1371    i.HAL_ETH_ErrorCallback  stm32f7xx_hal_eth.o
    0x08000d4e   0x0000008c   Code   RO         1373    i.HAL_ETH_GetReceivedFrame_IT  stm32f7xx_hal_eth.o
    0x08000dda   0x00000076   Code   RO         1375    i.HAL_ETH_IRQHandler  stm32f7xx_hal_eth.o
    0x08000e50   0x000001f0   Code   RO         1376    i.HAL_ETH_Init      stm32f7xx_hal_eth.o
    0x08001040   0x000000ac   Code   RO         5752    i.HAL_ETH_MspInit   ethernetif.o
    0x080010ec   0x00000086   Code   RO         1379    i.HAL_ETH_ReadPHYRegister  stm32f7xx_hal_eth.o
    0x08001172   0x00000002   PAD
    0x08001174   0x0000000c   Code   RO         5753    i.HAL_ETH_RxCpltCallback  ethernetif.o
    0x08001180   0x00000084   Code   RO         1381    i.HAL_ETH_Start     stm32f7xx_hal_eth.o
    0x08001204   0x00000112   Code   RO         1383    i.HAL_ETH_TransmitFrame  stm32f7xx_hal_eth.o
    0x08001316   0x00000002   Code   RO         1384    i.HAL_ETH_TxCpltCallback  stm32f7xx_hal_eth.o
    0x08001318   0x0000007a   Code   RO         1385    i.HAL_ETH_WritePHYRegister  stm32f7xx_hal_eth.o
    0x08001392   0x00000002   PAD
    0x08001394   0x000001d8   Code   RO         2086    i.HAL_GPIO_Init     stm32f7xx_hal_gpio.o
    0x0800156c   0x0000000a   Code   RO         2090    i.HAL_GPIO_WritePin  stm32f7xx_hal_gpio.o
    0x08001576   0x00000002   PAD
    0x08001578   0x0000000c   Code   RO         1662    i.HAL_GetTick       stm32f7xx_hal.o
    0x08001584   0x00000058   Code   RO         1842    i.HAL_I2CEx_ConfigAnalogFilter  stm32f7xx_hal_i2c_ex.o
    0x080015dc   0x00000054   Code   RO         1843    i.HAL_I2CEx_ConfigDigitalFilter  stm32f7xx_hal_i2c_ex.o
    0x08001630   0x000000b8   Code   RO         3861    i.HAL_I2C_Init      stm32f7xx_hal_i2c.o
    0x080016e8   0x00000048   Code   RO         5650    i.HAL_I2C_MspInit   i2c.o
    0x08001730   0x00000010   Code   RO         1663    i.HAL_IncTick       stm32f7xx_hal.o
    0x08001740   0x00000016   Code   RO         1664    i.HAL_Init          stm32f7xx_hal.o
    0x08001756   0x00000002   PAD
    0x08001758   0x00000074   Code   RO         6437    i.HAL_InitTick      stm32f7xx_hal_timebase_tim.o
    0x080017cc   0x00000058   Code   RO         6192    i.HAL_MspInit       stm32f7xx_hal_msp.o
    0x08001824   0x00000016   Code   RO         1517    i.HAL_NVIC_EnableIRQ  stm32f7xx_hal_cortex.o
    0x0800183a   0x00000002   PAD
    0x0800183c   0x00000040   Code   RO         1523    i.HAL_NVIC_SetPriority  stm32f7xx_hal_cortex.o
    0x0800187c   0x00000024   Code   RO         1524    i.HAL_NVIC_SetPriorityGrouping  stm32f7xx_hal_cortex.o
    0x080018a0   0x0000006c   Code   RO         4894    i.HAL_PWREx_EnableOverDrive  stm32f7xx_hal_pwr_ex.o
    0x0800190c   0x000006b4   Code   RO         1808    i.HAL_RCCEx_PeriphCLKConfig  stm32f7xx_hal_rcc_ex.o
    0x08001fc0   0x00000164   Code   RO         4558    i.HAL_RCC_ClockConfig  stm32f7xx_hal_rcc.o
    0x08002124   0x00000040   Code   RO         4562    i.HAL_RCC_GetClockConfig  stm32f7xx_hal_rcc.o
    0x08002164   0x0000000c   Code   RO         4563    i.HAL_RCC_GetHCLKFreq  stm32f7xx_hal_rcc.o
    0x08002170   0x00000030   Code   RO         4565    i.HAL_RCC_GetPCLK1Freq  stm32f7xx_hal_rcc.o
    0x080021a0   0x00000030   Code   RO         4566    i.HAL_RCC_GetPCLK2Freq  stm32f7xx_hal_rcc.o
    0x080021d0   0x00000080   Code   RO         4567    i.HAL_RCC_GetSysClockFreq  stm32f7xx_hal_rcc.o
    0x08002250   0x0000035c   Code   RO         4570    i.HAL_RCC_OscConfig  stm32f7xx_hal_rcc.o
    0x080025ac   0x00000078   Code   RO         3354    i.HAL_SD_ConfigWideBusOperation  stm32f7xx_hal_sd.o
    0x08002624   0x000001fa   Code   RO         3359    i.HAL_SD_GetCardCSD  stm32f7xx_hal_sd.o
    0x0800281e   0x00000024   Code   RO         3360    i.HAL_SD_GetCardInfo  stm32f7xx_hal_sd.o
    0x08002842   0x0000002c   Code   RO         3361    i.HAL_SD_GetCardState  stm32f7xx_hal_sd.o
    0x0800286e   0x00000036   Code   RO         3366    i.HAL_SD_Init       stm32f7xx_hal_sd.o
    0x080028a4   0x0000005c   Code   RO         3367    i.HAL_SD_InitCard   stm32f7xx_hal_sd.o
    0x08002900   0x00000058   Code   RO         5710    i.HAL_SD_MspInit    sdmmc.o
    0x08002958   0x000001b0   Code   RO         3370    i.HAL_SD_ReadBlocks  stm32f7xx_hal_sd.o
    0x08002b08   0x000001a2   Code   RO         3375    i.HAL_SD_WriteBlocks  stm32f7xx_hal_sd.o
    0x08002caa   0x00000018   Code   RO         1526    i.HAL_SYSTICK_CLKSourceConfig  stm32f7xx_hal_cortex.o
    0x08002cc2   0x00000026   Code   RO         1528    i.HAL_SYSTICK_Config  stm32f7xx_hal_cortex.o
    0x08002ce8   0x00000002   Code   RO         2149    i.HAL_TIMEx_BreakCallback  stm32f7xx_hal_tim_ex.o
    0x08002cea   0x00000002   Code   RO         2150    i.HAL_TIMEx_CommutationCallback  stm32f7xx_hal_tim_ex.o
    0x08002cec   0x00000036   Code   RO         2424    i.HAL_TIM_Base_Init  stm32f7xx_hal_tim.o
    0x08002d22   0x00000002   Code   RO         2426    i.HAL_TIM_Base_MspInit  stm32f7xx_hal_tim.o
    0x08002d24   0x00000018   Code   RO         2429    i.HAL_TIM_Base_Start_IT  stm32f7xx_hal_tim.o
    0x08002d3c   0x00000002   Code   RO         2453    i.HAL_TIM_IC_CaptureCallback  stm32f7xx_hal_tim.o
    0x08002d3e   0x0000017e   Code   RO         2466    i.HAL_TIM_IRQHandler  stm32f7xx_hal_tim.o
    0x08002ebc   0x00000002   Code   RO         2469    i.HAL_TIM_OC_DelayElapsedCallback  stm32f7xx_hal_tim.o
    0x08002ebe   0x00000002   Code   RO         2496    i.HAL_TIM_PWM_PulseFinishedCallback  stm32f7xx_hal_tim.o
    0x08002ec0   0x00000014   Code   RO         6336    i.HAL_TIM_PeriodElapsedCallback  main.o
    0x08002ed4   0x00000002   Code   RO         2507    i.HAL_TIM_TriggerCallback  stm32f7xx_hal_tim.o
    0x08002ed6   0x0000006a   Code   RO         4297    i.HAL_UART_Init     stm32f7xx_hal_uart.o
    0x08002f40   0x00000080   Code   RO         6105    i.HAL_UART_MspInit  usart.o
    0x08002fc0   0x000000b6   Code   RO         4305    i.HAL_UART_Transmit  stm32f7xx_hal_uart.o
    0x08003076   0x00000002   PAD
    0x08003078   0x0000006c   Code   RO         5600    i.MX_ADC1_Init      adc.o
    0x080030e4   0x0000006c   Code   RO         5601    i.MX_ADC2_Init      adc.o
    0x08003150   0x00000054   Code   RO         6296    i.MX_CAN1_Init      can.o
    0x080031a4   0x0000001c   Code   RO         5942    i.MX_FATFS_Init     fatfs.o
    0x080031c0   0x00000028   Code   RO         6003    i.MX_FREERTOS_Init  freertos.o
    0x080031e8   0x00000118   Code   RO         5982    i.MX_GPIO_Init      gpio.o
    0x08003300   0x00000074   Code   RO         5653    i.MX_I2C1_Init      i2c.o
    0x08003374   0x000000a8   Code   RO         6029    i.MX_LWIP_Init      lwip.o
    0x0800341c   0x00000020   Code   RO         5711    i.MX_SDMMC1_SD_Init  sdmmc.o
    0x0800343c   0x00000050   Code   RO         6106    i.MX_USART2_UART_Init  usart.o
    0x0800348c   0x00000050   Code   RO         6107    i.MX_USART3_UART_Init  usart.o
    0x080034dc   0x00000022   Code   RO         1530    i.NVIC_SetPriority  stm32f7xx_hal_cortex.o
    0x080034fe   0x00000032   Code   RO         3586    i.SDMMC_CmdAppCommand  stm32f7xx_ll_sdmmc.o
    0x08003530   0x00000034   Code   RO         3587    i.SDMMC_CmdAppOperCommand  stm32f7xx_ll_sdmmc.o
    0x08003564   0x00000032   Code   RO         3588    i.SDMMC_CmdBlockLength  stm32f7xx_ll_sdmmc.o
    0x08003596   0x00000032   Code   RO         3589    i.SDMMC_CmdBusWidth  stm32f7xx_ll_sdmmc.o
    0x080035c8   0x00000050   Code   RO         3593    i.SDMMC_CmdGoIdleState  stm32f7xx_ll_sdmmc.o
    0x08003618   0x00000064   Code   RO         3595    i.SDMMC_CmdOperCond  stm32f7xx_ll_sdmmc.o
    0x0800367c   0x00000032   Code   RO         3596    i.SDMMC_CmdReadMultiBlock  stm32f7xx_ll_sdmmc.o
    0x080036ae   0x00000032   Code   RO         3597    i.SDMMC_CmdReadSingleBlock  stm32f7xx_ll_sdmmc.o
    0x080036e0   0x00000030   Code   RO         3600    i.SDMMC_CmdSelDesel  stm32f7xx_ll_sdmmc.o
    0x08003710   0x0000002a   Code   RO         3601    i.SDMMC_CmdSendCID  stm32f7xx_ll_sdmmc.o
    0x0800373a   0x0000002e   Code   RO         3602    i.SDMMC_CmdSendCSD  stm32f7xx_ll_sdmmc.o
    0x08003768   0x00000030   Code   RO         3603    i.SDMMC_CmdSendSCR  stm32f7xx_ll_sdmmc.o
    0x08003798   0x00000032   Code   RO         3604    i.SDMMC_CmdSendStatus  stm32f7xx_ll_sdmmc.o
    0x080037ca   0x00000030   Code   RO         3605    i.SDMMC_CmdSetRelAdd  stm32f7xx_ll_sdmmc.o
    0x080037fa   0x00000002   PAD
    0x080037fc   0x00000034   Code   RO         3607    i.SDMMC_CmdStopTransfer  stm32f7xx_ll_sdmmc.o
    0x08003830   0x00000032   Code   RO         3609    i.SDMMC_CmdWriteMultiBlock  stm32f7xx_ll_sdmmc.o
    0x08003862   0x00000032   Code   RO         3610    i.SDMMC_CmdWriteSingleBlock  stm32f7xx_ll_sdmmc.o
    0x08003894   0x00000026   Code   RO         3611    i.SDMMC_ConfigData  stm32f7xx_ll_sdmmc.o
    0x080038ba   0x00000002   PAD
    0x080038bc   0x0000011c   Code   RO         3612    i.SDMMC_GetCmdResp1  stm32f7xx_ll_sdmmc.o
    0x080039d8   0x00000050   Code   RO         3613    i.SDMMC_GetCmdResp2  stm32f7xx_ll_sdmmc.o
    0x08003a28   0x00000040   Code   RO         3614    i.SDMMC_GetCmdResp3  stm32f7xx_ll_sdmmc.o
    0x08003a68   0x00000084   Code   RO         3615    i.SDMMC_GetCmdResp6  stm32f7xx_ll_sdmmc.o
    0x08003aec   0x00000008   Code   RO         3619    i.SDMMC_GetPowerState  stm32f7xx_ll_sdmmc.o
    0x08003af4   0x0000000c   Code   RO         3620    i.SDMMC_GetResponse  stm32f7xx_ll_sdmmc.o
    0x08003b00   0x00000022   Code   RO         3621    i.SDMMC_Init        stm32f7xx_ll_sdmmc.o
    0x08003b22   0x00000008   Code   RO         3623    i.SDMMC_PowerState_ON  stm32f7xx_ll_sdmmc.o
    0x08003b2a   0x00000006   Code   RO         3624    i.SDMMC_ReadFIFO    stm32f7xx_ll_sdmmc.o
    0x08003b30   0x00000022   Code   RO         3625    i.SDMMC_SendCommand  stm32f7xx_ll_sdmmc.o
    0x08003b52   0x0000000a   Code   RO         3627    i.SDMMC_WriteFIFO   stm32f7xx_ll_sdmmc.o
    0x08003b5c   0x000000d6   Code   RO         3383    i.SD_FindSCR        stm32f7xx_hal_sd.o
    0x08003c32   0x000000e6   Code   RO         3384    i.SD_InitCard       stm32f7xx_hal_sd.o
    0x08003d18   0x000000a6   Code   RO         3385    i.SD_PowerON        stm32f7xx_hal_sd.o
    0x08003dbe   0x0000004e   Code   RO         3387    i.SD_WideBus_Disable  stm32f7xx_hal_sd.o
    0x08003e0c   0x0000004e   Code   RO         3388    i.SD_WideBus_Enable  stm32f7xx_hal_sd.o
    0x08003e5a   0x00000002   PAD
    0x08003e5c   0x00000020   Code   RO         5542    i.SD_initialize     sd_diskio.o
    0x08003e7c   0x00000058   Code   RO         5543    i.SD_ioctl          sd_diskio.o
    0x08003ed4   0x0000003c   Code   RO         5544    i.SD_read           sd_diskio.o
    0x08003f10   0x00000020   Code   RO         5545    i.SD_status         sd_diskio.o
    0x08003f30   0x0000003c   Code   RO         5546    i.SD_write          sd_diskio.o
    0x08003f6c   0x00000010   Code   RO         6004    i.StartDefaultTask  freertos.o
    0x08003f7c   0x00000004   Code   RO         6153    i.SysTick_Handler   stm32f7xx_it.o
    0x08003f80   0x000000e0   Code   RO         6337    i.SystemClock_Config  main.o
    0x08004060   0x00000054   Code   RO         4981    i.SystemInit        system_stm32f7xx.o
    0x080040b4   0x0000000c   Code   RO         6154    i.TIM8_TRG_COM_TIM14_IRQHandler  stm32f7xx_it.o
    0x080040c0   0x000000cc   Code   RO         2508    i.TIM_Base_SetConfig  stm32f7xx_hal_tim.o
    0x0800418c   0x000000c8   Code   RO         4310    i.UART_AdvFeatureConfig  stm32f7xx_hal_uart.o
    0x08004254   0x00000040   Code   RO         4311    i.UART_CheckIdleState  stm32f7xx_hal_uart.o
    0x08004294   0x00000258   Code   RO         4321    i.UART_SetConfig    stm32f7xx_hal_uart.o
    0x080044ec   0x00000064   Code   RO         4322    i.UART_WaitOnFlagUntilTimeout  stm32f7xx_hal_uart.o
    0x08004550   0x00000020   Code   RO         6338    i._Error_Handler    main.o
    0x08004570   0x00000010   Code   RO        10083    i.__0printf$bare    mc_w.l(printfb.o)
    0x08004580   0x0000000e   Code   RO        10388    i.__scatterload_copy  mc_w.l(handlers.o)
    0x0800458e   0x00000002   Code   RO        10389    i.__scatterload_null  mc_w.l(handlers.o)
    0x08004590   0x0000000e   Code   RO        10390    i.__scatterload_zeroinit  mc_w.l(handlers.o)
    0x0800459e   0x00000022   Code   RO        10090    i._printf_core      mc_w.l(printfb.o)
    0x080045c0   0x0000001c   Code   RO         7376    i.cyclic_timer      timeouts.o
    0x080045dc   0x0000001c   Code   RO         9151    i.do_memp_free_pool  memp.o
    0x080045f8   0x00000022   Code   RO         9152    i.do_memp_malloc_pool  memp.o
    0x0800461a   0x00000002   PAD
    0x0800461c   0x00000030   Code   RO         8450    i.etharp_cleanup_netif  etharp.o
    0x0800464c   0x000000dc   Code   RO         8452    i.etharp_find_entry  etharp.o
    0x08004728   0x00000024   Code   RO         8453    i.etharp_free_entry  etharp.o
    0x0800474c   0x000000a0   Code   RO         8455    i.etharp_input      etharp.o
    0x080047ec   0x000000e8   Code   RO         8456    i.etharp_output     etharp.o
    0x080048d4   0x00000060   Code   RO         8457    i.etharp_output_to_arp_index  etharp.o
    0x08004934   0x000000f0   Code   RO         8458    i.etharp_query      etharp.o
    0x08004a24   0x00000088   Code   RO         8459    i.etharp_raw        etharp.o
    0x08004aac   0x0000000c   Code   RO         8460    i.etharp_request    etharp.o
    0x08004ab8   0x00000020   Code   RO         8461    i.etharp_request_dst  etharp.o
    0x08004ad8   0x00000060   Code   RO         8462    i.etharp_tmr        etharp.o
    0x08004b38   0x00000080   Code   RO         8463    i.etharp_update_arp_entry  etharp.o
    0x08004bb8   0x000000a0   Code   RO         6498    i.ethernet_input    ethernet.o
    0x08004c58   0x0000004a   Code   RO         6499    i.ethernet_output   ethernet.o
    0x08004ca2   0x00000002   PAD
    0x08004ca4   0x00000028   Code   RO         5754    i.ethernetif_init   ethernetif.o
    0x08004ccc   0x00000034   Code   RO         5755    i.ethernetif_input  ethernetif.o
    0x08004d00   0x00000012   Code   RO        10356    i.fputc             mc_w.l(fputc.o)
    0x08004d12   0x00000008   Code   RO         6548    i.icmp_dest_unreach  icmp.o
    0x08004d1a   0x00000002   PAD
    0x08004d1c   0x000000f8   Code   RO         6549    i.icmp_input        icmp.o
    0x08004e14   0x0000006c   Code   RO         6550    i.icmp_send_response  icmp.o
    0x08004e80   0x00000008   Code   RO         6551    i.icmp_time_exceeded  icmp.o
    0x08004e88   0x0000000c   Code   RO          364    i.inHandlerMode     cmsis_os.o
    0x08004e94   0x0000002e   Code   RO         9031    i.ip4_addr_isbroadcast_u32  ip4_addr.o
    0x08004ec2   0x00000002   PAD
    0x08004ec4   0x00000160   Code   RO         7863    i.ip4_frag          ip4_frag.o
    0x08005024   0x0000019c   Code   RO         8375    i.ip4_input         ip4.o
    0x080051c0   0x0000001e   Code   RO         8377    i.ip4_output_if     ip4.o
    0x080051de   0x00000002   PAD
    0x080051e0   0x000000ac   Code   RO         8378    i.ip4_output_if_src  ip4.o
    0x0800528c   0x00000194   Code   RO         7864    i.ip4_reass         ip4_frag.o
    0x08005420   0x0000005c   Code   RO         8379    i.ip4_route         ip4.o
    0x0800547c   0x00000008   Code   RO         7865    i.ip_frag_free_pbuf_custom_ref  ip4_frag.o
    0x08005484   0x000000f0   Code   RO         7866    i.ip_reass_chain_frag_into_datagram_and_validate  ip4_frag.o
    0x08005574   0x00000024   Code   RO         7867    i.ip_reass_dequeue_datagram  ip4_frag.o
    0x08005598   0x00000070   Code   RO         7868    i.ip_reass_free_complete_datagram  ip4_frag.o
    0x08005608   0x00000080   Code   RO         7869    i.ip_reass_remove_oldest_datagram  ip4_frag.o
    0x08005688   0x0000002c   Code   RO         7870    i.ip_reass_tmr      ip4_frag.o
    0x080056b4   0x00000016   Code   RO         7871    i.ipfrag_free_pbuf_custom  ip4_frag.o
    0x080056ca   0x00000002   PAD
    0x080056cc   0x0000011c   Code   RO         5756    i.low_level_init    ethernetif.o
    0x080057e8   0x000000c4   Code   RO         5757    i.low_level_input   ethernetif.o
    0x080058ac   0x000000b0   Code   RO         5758    i.low_level_output  ethernetif.o
    0x0800595c   0x00000004   Code   RO         7772    i.lwip_htonl        def.o
    0x08005960   0x00000004   Code   RO         7773    i.lwip_htons        def.o
    0x08005964   0x00000022   Code   RO         9890    i.lwip_init         init.o
    0x08005986   0x00000002   PAD
    0x08005988   0x00000054   Code   RO         6340    i.main              main.o
    0x080059dc   0x0000000e   Code   RO          366    i.makeFreeRtosPriority  cmsis_os.o
    0x080059ea   0x00000002   PAD
    0x080059ec   0x00000050   Code   RO         9665    i.mem_free          mem.o
    0x08005a3c   0x0000003c   Code   RO         9666    i.mem_init          mem.o
    0x08005a78   0x000000d4   Code   RO         9667    i.mem_malloc        mem.o
    0x08005b4c   0x000000ec   Code   RO         9668    i.mem_trim          mem.o
    0x08005c38   0x00000018   Code   RO         9153    i.memp_free         memp.o
    0x08005c50   0x00000020   Code   RO         9155    i.memp_init         memp.o
    0x08005c70   0x0000002a   Code   RO         9156    i.memp_init_pool    memp.o
    0x08005c9a   0x00000002   PAD
    0x08005c9c   0x00000018   Code   RO         9157    i.memp_malloc       memp.o
    0x08005cb4   0x00000054   Code   RO         9956    i.netif_add         netif.o
    0x08005d08   0x00000002   Code   RO         9958    i.netif_init        netif.o
    0x08005d0a   0x0000001a   Code   RO         9960    i.netif_issue_reports  netif.o
    0x08005d24   0x00000048   Code   RO         9962    i.netif_set_addr    netif.o
    0x08005d6c   0x0000000c   Code   RO         9963    i.netif_set_default  netif.o
    0x08005d78   0x0000001a   Code   RO         9964    i.netif_set_down    netif.o
    0x08005d92   0x00000008   Code   RO         9965    i.netif_set_gw      netif.o
    0x08005d9a   0x00000002   PAD
    0x08005d9c   0x00000040   Code   RO         9966    i.netif_set_ipaddr  netif.o
    0x08005ddc   0x00000008   Code   RO         9969    i.netif_set_netmask  netif.o
    0x08005de4   0x0000001c   Code   RO         9970    i.netif_set_up      netif.o
    0x08005e00   0x0000000e   Code   RO          368    i.osDelay           cmsis_os.o
    0x08005e0e   0x0000000a   Code   RO          371    i.osKernelStart     cmsis_os.o
    0x08005e18   0x00000018   Code   RO          372    i.osKernelSysTick   cmsis_os.o
    0x08005e30   0x0000000a   Code   RO          380    i.osMessageCreate   cmsis_os.o
    0x08005e3a   0x00000002   PAD
    0x08005e3c   0x00000098   Code   RO          382    i.osMessageGet      cmsis_os.o
    0x08005ed4   0x0000005c   Code   RO          384    i.osMessagePut      cmsis_os.o
    0x08005f30   0x00000006   Code   RO          386    i.osMutexCreate     cmsis_os.o
    0x08005f36   0x00000002   PAD
    0x08005f38   0x00000050   Code   RO          388    i.osMutexRelease    cmsis_os.o
    0x08005f88   0x0000006c   Code   RO          389    i.osMutexWait       cmsis_os.o
    0x08005ff4   0x00000026   Code   RO          397    i.osSemaphoreCreate  cmsis_os.o
    0x0800601a   0x00000002   PAD
    0x0800601c   0x00000050   Code   RO          400    i.osSemaphoreRelease  cmsis_os.o
    0x0800606c   0x0000006c   Code   RO          401    i.osSemaphoreWait   cmsis_os.o
    0x080060d8   0x00000014   Code   RO          404    i.osSystickHandler  cmsis_os.o
    0x080060ec   0x0000002e   Code   RO          405    i.osThreadCreate    cmsis_os.o
    0x0800611a   0x0000011c   Code   RO         8181    i.pbuf_alloc        pbuf.o
    0x08006236   0x00000052   Code   RO         8182    i.pbuf_alloced_custom  pbuf.o
    0x08006288   0x00000028   Code   RO         8183    i.pbuf_cat          pbuf.o
    0x080062b0   0x00000012   Code   RO         8185    i.pbuf_clen         pbuf.o
    0x080062c2   0x0000009a   Code   RO         8187    i.pbuf_copy         pbuf.o
    0x0800635c   0x00000066   Code   RO         8188    i.pbuf_copy_partial  pbuf.o
    0x080063c2   0x00000062   Code   RO         8190    i.pbuf_free         pbuf.o
    0x08006424   0x00000034   Code   RO         8191    i.pbuf_free_ooseq_callback  pbuf.o
    0x08006458   0x00000006   Code   RO         8193    i.pbuf_header       pbuf.o
    0x0800645e   0x00000006   Code   RO         8194    i.pbuf_header_force  pbuf.o
    0x08006464   0x00000064   Code   RO         8195    i.pbuf_header_impl  pbuf.o
    0x080064c8   0x00000040   Code   RO         8198    i.pbuf_pool_is_empty  pbuf.o
    0x08006508   0x00000054   Code   RO         8200    i.pbuf_realloc      pbuf.o
    0x0800655c   0x0000001a   Code   RO         8201    i.pbuf_ref          pbuf.o
    0x08006576   0x00000002   PAD
    0x08006578   0x00000054   Code   RO         9669    i.plug_holes        mem.o
    0x080065cc   0x00000070   Code   RO          846    i.prvAddCurrentTaskToDelayedList  tasks.o
    0x0800663c   0x000000d0   Code   RO          847    i.prvAddNewTaskToReadyList  tasks.o
    0x0800670c   0x00000050   Code   RO          848    i.prvCheckTasksWaitingTermination  tasks.o
    0x0800675c   0x00000026   Code   RO          115    i.prvCopyDataFromQueue  queue.o
    0x08006782   0x0000006c   Code   RO          116    i.prvCopyDataToQueue  queue.o
    0x080067ee   0x00000014   Code   RO          849    i.prvDeleteTCB      tasks.o
    0x08006802   0x00000002   PAD
    0x08006804   0x00000050   Code   RO          742    i.prvHeapInit       heap_4.o
    0x08006854   0x00000028   Code   RO          850    i.prvIdleTask       tasks.o
    0x0800687c   0x00000092   Code   RO          851    i.prvInitialiseNewTask  tasks.o
    0x0800690e   0x00000002   PAD
    0x08006910   0x0000004c   Code   RO          743    i.prvInsertBlockIntoFreeList  heap_4.o
    0x0800695c   0x0000001c   Code   RO          117    i.prvIsQueueEmpty   queue.o
    0x08006978   0x00000020   Code   RO          852    i.prvResetNextTaskUnblockTime  tasks.o
    0x08006998   0x00000030   Code   RO          285    i.prvTaskExitError  port.o
    0x080069c8   0x0000006a   Code   RO          118    i.prvUnlockQueue    queue.o
    0x08006a32   0x00000002   PAD
    0x08006a34   0x000000e4   Code   RO          744    i.pvPortMalloc      heap_4.o
    0x08006b18   0x00000018   Code   RO          854    i.pvTaskIncrementMutexHeldCount  tasks.o
    0x08006b30   0x00000030   Code   RO          286    i.pxPortInitialiseStack  port.o
    0x08006b60   0x00000048   Code   RO         6341    i.samplingThread    main.o
    0x08006ba8   0x00000046   Code   RO         9294    i.sys_arch_mbox_fetch  sys_arch.o
    0x08006bee   0x00000002   PAD
    0x08006bf0   0x00000018   Code   RO         9296    i.sys_arch_protect  sys_arch.o
    0x08006c08   0x0000000c   Code   RO         9298    i.sys_arch_unprotect  sys_arch.o
    0x08006c14   0x00000058   Code   RO         7377    i.sys_check_timeouts  timeouts.o
    0x08006c6c   0x00000018   Code   RO         9299    i.sys_init          sys_arch.o
    0x08006c84   0x00000028   Code   RO         9301    i.sys_mbox_new      sys_arch.o
    0x08006cac   0x0000001a   Code   RO         9302    i.sys_mbox_post     sys_arch.o
    0x08006cc6   0x00000014   Code   RO         9304    i.sys_mbox_trypost  sys_arch.o
    0x08006cda   0x0000000a   Code   RO         9305    i.sys_mbox_valid    sys_arch.o
    0x08006ce4   0x0000000a   Code   RO         9307    i.sys_mutex_lock    sys_arch.o
    0x08006cee   0x0000001c   Code   RO         9308    i.sys_mutex_new     sys_arch.o
    0x08006d0a   0x00000006   Code   RO         9309    i.sys_mutex_unlock  sys_arch.o
    0x08006d10   0x00000004   Code   RO         5760    i.sys_now           ethernetif.o
    0x08006d14   0x00000030   Code   RO         9315    i.sys_thread_new    sys_arch.o
    0x08006d44   0x00000090   Code   RO         7379    i.sys_timeout       timeouts.o
    0x08006dd4   0x00000034   Code   RO         7380    i.sys_timeouts_init  timeouts.o
    0x08006e08   0x00000048   Code   RO         7381    i.sys_timeouts_mbox_fetch  timeouts.o
    0x08006e50   0x000000d8   Code   RO         7477    i.tcp_abandon       tcp.o
    0x08006f28   0x00000006   Code   RO         7478    i.tcp_abort         tcp.o
    0x08006f2e   0x00000002   PAD
    0x08006f30   0x00000110   Code   RO         7481    i.tcp_alloc         tcp.o
    0x08007040   0x00000014   Code   RO         7484    i.tcp_close         tcp.o
    0x08007054   0x00000164   Code   RO         7485    i.tcp_close_shutdown  tcp.o
    0x080071b8   0x00000098   Code   RO         6894    i.tcp_create_segment  tcp_out.o
    0x08007250   0x00000022   Code   RO         7488    i.tcp_eff_send_mss_impl  tcp.o
    0x08007272   0x00000096   Code   RO         6895    i.tcp_enqueue_flags  tcp_out.o
    0x08007308   0x00000058   Code   RO         7490    i.tcp_fasttmr       tcp.o
    0x08007360   0x00000030   Code   RO         7192    i.tcp_getoptbyte    tcp_in.o
    0x08007390   0x00000002   Code   RO         7491    i.tcp_init          tcp.o
    0x08007392   0x00000002   PAD
    0x08007394   0x0000036c   Code   RO         7193    i.tcp_input         tcp_in.o
    0x08007700   0x00000052   Code   RO         6896    i.tcp_keepalive     tcp_out.o
    0x08007752   0x00000002   PAD
    0x08007754   0x0000003c   Code   RO         7492    i.tcp_kill_state    tcp.o
    0x08007790   0x000000ec   Code   RO         7194    i.tcp_listen_input  tcp_in.o
    0x0800787c   0x0000004c   Code   RO         7494    i.tcp_netif_ip_addr_changed  tcp.o
    0x080078c8   0x00000022   Code   RO         7495    i.tcp_netif_ip_addr_changed_pcblist  tcp.o
    0x080078ea   0x00000002   PAD
    0x080078ec   0x00000010   Code   RO         7499    i.tcp_next_iss      tcp.o
    0x080078fc   0x0000007c   Code   RO         7195    i.tcp_oos_insert_segment  tcp_in.o
    0x08007978   0x000001c8   Code   RO         6897    i.tcp_output        tcp_out.o
    0x08007b40   0x0000006c   Code   RO         6898    i.tcp_output_alloc_header  tcp_out.o
    0x08007bac   0x000000b0   Code   RO         6899    i.tcp_output_segment  tcp_out.o
    0x08007c5c   0x00000074   Code   RO         7196    i.tcp_parseopt      tcp_in.o
    0x08007cd0   0x00000042   Code   RO         7500    i.tcp_pcb_purge     tcp.o
    0x08007d12   0x00000050   Code   RO         7501    i.tcp_pcb_remove    tcp.o
    0x08007d62   0x00000002   PAD
    0x08007d64   0x00000374   Code   RO         7197    i.tcp_process       tcp_in.o
    0x080080d8   0x0000006c   Code   RO         7503    i.tcp_process_refused_data  tcp.o
    0x08008144   0x000006d4   Code   RO         7198    i.tcp_receive       tcp_in.o
    0x08008818   0x00000024   Code   RO         7505    i.tcp_recv_null     tcp.o
    0x0800883c   0x00000042   Code   RO         7506    i.tcp_recved        tcp.o
    0x0800887e   0x00000052   Code   RO         6901    i.tcp_rexmit        tcp_out.o
    0x080088d0   0x0000005c   Code   RO         6902    i.tcp_rexmit_fast   tcp_out.o
    0x0800892c   0x0000002c   Code   RO         6903    i.tcp_rexmit_rto    tcp_out.o
    0x08008958   0x00000080   Code   RO         6904    i.tcp_rst           tcp_out.o
    0x080089d8   0x00000028   Code   RO         7507    i.tcp_seg_copy      tcp.o
    0x08008a00   0x0000001c   Code   RO         7508    i.tcp_seg_free      tcp.o
    0x08008a1c   0x00000012   Code   RO         7509    i.tcp_segs_free     tcp.o
    0x08008a2e   0x00000072   Code   RO         6905    i.tcp_send_empty_ack  tcp_out.o
    0x08008aa0   0x00000044   Code   RO         6906    i.tcp_send_fin      tcp_out.o
    0x08008ae4   0x00000284   Code   RO         7513    i.tcp_slowtmr       tcp.o
    0x08008d68   0x00000034   Code   RO         7383    i.tcp_timer_needed  timeouts.o
    0x08008d9c   0x00000068   Code   RO         7199    i.tcp_timewait_input  tcp_in.o
    0x08008e04   0x00000020   Code   RO         7514    i.tcp_tmr           tcp.o
    0x08008e24   0x00000010   Code   RO         7200    i.tcp_trigger_input_pcb_close  tcp_in.o
    0x08008e34   0x00000036   Code   RO         7516    i.tcp_update_rcv_ann_wnd  tcp.o
    0x08008e6a   0x000000ae   Code   RO         6908    i.tcp_zero_window_probe  tcp_out.o
    0x08008f18   0x00000054   Code   RO         7093    i.tcpip_callback_with_block  tcpip.o
    0x08008f6c   0x0000004c   Code   RO         7096    i.tcpip_init        tcpip.o
    0x08008fb8   0x00000048   Code   RO         7097    i.tcpip_inpkt       tcpip.o
    0x08009000   0x0000001c   Code   RO         7098    i.tcpip_input       tcpip.o
    0x0800901c   0x00000038   Code   RO         7384    i.tcpip_tcp_timer   timeouts.o
    0x08009054   0x0000006c   Code   RO         7100    i.tcpip_thread      tcpip.o
    0x080090c0   0x00000002   Code   RO         6673    i.udp_init          udp.o
    0x080090c2   0x00000002   PAD
    0x080090c4   0x00000124   Code   RO         6674    i.udp_input         udp.o
    0x080091e8   0x00000034   Code   RO         6675    i.udp_netif_ip_addr_changed  udp.o
    0x0800921c   0x00000024   Code   RO          809    i.uxListRemove      list.o
    0x08009240   0x00000016   Code   RO          810    i.vListInitialise   list.o
    0x08009256   0x00000006   Code   RO          811    i.vListInitialiseItem  list.o
    0x0800925c   0x00000030   Code   RO          812    i.vListInsert       list.o
    0x0800928c   0x00000018   Code   RO          813    i.vListInsertEnd    list.o
    0x080092a4   0x00000048   Code   RO          288    i.vPortEnterCritical  port.o
    0x080092ec   0x0000002c   Code   RO          289    i.vPortExitCritical  port.o
    0x08009318   0x00000064   Code   RO          745    i.vPortFree         heap_4.o
    0x0800937c   0x00000020   Code   RO          290    i.vPortSetupTimerInterrupt  port.o
    0x0800939c   0x0000005c   Code   RO          291    i.vPortValidateInterruptPriority  port.o
    0x080093f8   0x00000050   Code   RO          860    i.vTaskDelay        tasks.o
    0x08009448   0x0000000c   Code   RO          863    i.vTaskMissedYield  tasks.o
    0x08009454   0x00000034   Code   RO          865    i.vTaskPlaceOnEventList  tasks.o
    0x08009488   0x00000088   Code   RO          867    i.vTaskPriorityInherit  tasks.o
    0x08009510   0x00000028   Code   RO          870    i.vTaskSetTimeOutState  tasks.o
    0x08009538   0x00000070   Code   RO          871    i.vTaskStartScheduler  tasks.o
    0x080095a8   0x00000010   Code   RO          873    i.vTaskSuspendAll   tasks.o
    0x080095b8   0x00000060   Code   RO          874    i.vTaskSwitchContext  tasks.o
    0x08009618   0x000000a8   Code   RO          292    i.xPortStartScheduler  port.o
    0x080096c0   0x00000030   Code   RO          293    i.xPortSysTickHandler  port.o
    0x080096f0   0x00000024   Code   RO          125    i.xQueueCreateMutex  queue.o
    0x08009714   0x0000004c   Code   RO          126    i.xQueueGenericCreate  queue.o
    0x08009760   0x0000017c   Code   RO          127    i.xQueueGenericReceive  queue.o
    0x080098dc   0x00000098   Code   RO          128    i.xQueueGenericReset  queue.o
    0x08009974   0x00000170   Code   RO          129    i.xQueueGenericSend  queue.o
    0x08009ae4   0x000000cc   Code   RO          130    i.xQueueGenericSendFromISR  queue.o
    0x08009bb0   0x000000ac   Code   RO          131    i.xQueueGiveFromISR  queue.o
    0x08009c5c   0x000000a8   Code   RO          135    i.xQueueReceiveFromISR  queue.o
    0x08009d04   0x00000074   Code   RO          875    i.xTaskCheckForTimeOut  tasks.o
    0x08009d78   0x00000056   Code   RO          876    i.xTaskCreate       tasks.o
    0x08009dce   0x00000002   PAD
    0x08009dd0   0x0000001c   Code   RO          880    i.xTaskGetSchedulerState  tasks.o
    0x08009dec   0x0000000c   Code   RO          881    i.xTaskGetTickCount  tasks.o
    0x08009df8   0x00000010   Code   RO          882    i.xTaskGetTickCountFromISR  tasks.o
    0x08009e08   0x000000cc   Code   RO          883    i.xTaskIncrementTick  tasks.o
    0x08009ed4   0x000000a8   Code   RO          886    i.xTaskPriorityDisinherit  tasks.o
    0x08009f7c   0x00000078   Code   RO          887    i.xTaskRemoveFromEventList  tasks.o
    0x08009ff4   0x000000c8   Code   RO          889    i.xTaskResumeAll    tasks.o
    0x0800a0bc   0x00000010   Data   RO         4982    .constdata          system_stm32f7xx.o
    0x0800a0cc   0x00000008   Data   RO         4983    .constdata          system_stm32f7xx.o
    0x0800a0d4   0x00000014   Data   RO         5547    .constdata          sd_diskio.o
    0x0800a0e8   0x00000014   Data   RO         5762    .constdata          ethernetif.o
    0x0800a0fc   0x00000014   Data   RO         6005    .constdata          freertos.o
    0x0800a110   0x00000014   Data   RO         6342    .constdata          main.o
    0x0800a124   0x00000006   Data   RO         6500    .constdata          ethernet.o
    0x0800a12a   0x00000006   Data   RO         6501    .constdata          ethernet.o
    0x0800a130   0x00000018   Data   RO         7385    .constdata          timeouts.o
    0x0800a148   0x00000054   Data   RO         7517    .constdata          tcp.o
    0x0800a19c   0x00000004   Data   RO         9038    .constdata          ip4_addr.o
    0x0800a1a0   0x0000000c   Data   RO         9172    .constdata          memp.o
    0x0800a1ac   0x0000000c   Data   RO         9173    .constdata          memp.o
    0x0800a1b8   0x0000000c   Data   RO         9174    .constdata          memp.o
    0x0800a1c4   0x0000000c   Data   RO         9175    .constdata          memp.o
    0x0800a1d0   0x0000000c   Data   RO         9176    .constdata          memp.o
    0x0800a1dc   0x0000000c   Data   RO         9177    .constdata          memp.o
    0x0800a1e8   0x0000000c   Data   RO         9178    .constdata          memp.o
    0x0800a1f4   0x0000000c   Data   RO         9179    .constdata          memp.o
    0x0800a200   0x0000000c   Data   RO         9180    .constdata          memp.o
    0x0800a20c   0x0000000c   Data   RO         9181    .constdata          memp.o
    0x0800a218   0x0000000c   Data   RO         9182    .constdata          memp.o
    0x0800a224   0x0000000c   Data   RO         9183    .constdata          memp.o
    0x0800a230   0x0000000c   Data   RO         9184    .constdata          memp.o
    0x0800a23c   0x00000034   Data   RO         9185    .constdata          memp.o
    0x0800a270   0x0000000c   Data   RO         9316    .constdata          sys_arch.o
    0x0800a27c   0x00000006   Data   RO         5763    .conststring        ethernetif.o
    0x0800a282   0x00000002   PAD
    0x0800a284   0x0000000c   Data   RO         6006    .conststring        freertos.o
    0x0800a290   0x00000004   Data   RO         6343    .conststring        main.o
    0x0800a294   0x00000075   Data   RO         7518    .conststring        tcp.o
    0x0800a309   0x00000003   PAD
    0x0800a30c   0x00000020   Data   RO        10386    Region$$Table       anon$$obj.o


    Execution Region RW_IRAM1 (Base: 0x20000000, Size: 0x0000ae30, Max: 0x00050000, ABSOLUTE, COMPRESSED[0x00000018])

    Base Addr    Size         Type   Attr      Idx    E Section Name        Object

    0x20000000   0x0000000c   Data   RW          294    .data               port.o
    0x2000000c   0x00000018   Data   RW          750    .data               heap_4.o
    0x20000024   0x0000003c   Data   RW          892    .data               tasks.o
    0x20000060   0x00000004   Data   RW         1670    .data               stm32f7xx_hal.o
    0x20000064   0x00000004   Data   RW         4984    .data               system_stm32f7xx.o
    0x20000068   0x00000001   Data   RW         5548    .data               sd_diskio.o
    0x20000069   0x00000003   PAD
    0x2000006c   0x00000004   Data   RW         5764    .data               ethernetif.o
    0x20000070   0x00000005   Data   RW         5944    .data               fatfs.o
    0x20000075   0x00000003   PAD
    0x20000078   0x00000004   Data   RW         6007    .data               freertos.o
    0x2000007c   0x00000018   Data   RW         6035    .data               lwip.o
    0x20000094   0x00000008   Data   RW         6684    .data               udp.o
    0x2000009c   0x00000010   Data   RW         7102    .data               tcpip.o
    0x200000ac   0x00000024   Data   RW         7202    .data               tcp_in.o
    0x200000d0   0x0000000c   Data   RW         7386    .data               timeouts.o
    0x200000dc   0x00000020   Data   RW         7519    .data               tcp.o
    0x200000fc   0x00000008   Data   RW         7872    .data               ip4_frag.o
    0x20000104   0x00000001   Data   RW         8208    .data               pbuf.o
    0x20000105   0x00000001   PAD
    0x20000106   0x00000002   Data   RW         8380    .data               ip4.o
    0x20000108   0x00000001   Data   RW         8465    .data               etharp.o
    0x20000109   0x00000003   PAD
    0x2000010c   0x00000004   Data   RW         9186    .data               memp.o
    0x20000110   0x00000004   Data   RW         9187    .data               memp.o
    0x20000114   0x00000004   Data   RW         9188    .data               memp.o
    0x20000118   0x00000004   Data   RW         9189    .data               memp.o
    0x2000011c   0x00000004   Data   RW         9190    .data               memp.o
    0x20000120   0x00000004   Data   RW         9191    .data               memp.o
    0x20000124   0x00000004   Data   RW         9192    .data               memp.o
    0x20000128   0x00000004   Data   RW         9193    .data               memp.o
    0x2000012c   0x00000004   Data   RW         9194    .data               memp.o
    0x20000130   0x00000004   Data   RW         9195    .data               memp.o
    0x20000134   0x00000004   Data   RW         9196    .data               memp.o
    0x20000138   0x00000004   Data   RW         9197    .data               memp.o
    0x2000013c   0x00000004   Data   RW         9198    .data               memp.o
    0x20000140   0x00000004   Data   RW         9318    .data               sys_arch.o
    0x20000144   0x00000010   Data   RW         9671    .data               mem.o
    0x20000154   0x0000000c   Data   RW         9971    .data               netif.o
    0x20000160   0x00000004   Data   RW        10358    .data               mc_w.l(stdout.o)
    0x20000164   0x00003c00   Zero   RW          749    .bss                heap_4.o
    0x20003d64   0x000000f0   Zero   RW          891    .bss                tasks.o
    0x20003e54   0x0000000c   Zero   RW         5090    .bss                ff_gen_drv.o
    0x20003e60   0x00000090   Zero   RW         5602    .bss                adc.o
    0x20003ef0   0x0000004c   Zero   RW         5655    .bss                i2c.o
    0x20003f3c   0x00000084   Zero   RW         5712    .bss                sdmmc.o
    0x20003fc0   0x000030e8   Zero   RW         5761    .bss                ethernetif.o
    0x200070a8   0x00000030   Zero   RW         6034    .bss                lwip.o
    0x200070d8   0x000000e0   Zero   RW         6108    .bss                usart.o
    0x200071b8   0x00000044   Zero   RW         6297    .bss                can.o
    0x200071fc   0x00000040   Zero   RW         6440    .bss                stm32f7xx_hal_timebase_tim.o
    0x2000723c   0x00000010   Zero   RW         7201    .bss                tcp_in.o
    0x2000724c   0x000000f0   Zero   RW         8464    .bss                etharp.o
    0x2000733c   0x00000018   Zero   RW         8971    .bss                ip.o
    0x20007354   0x00000083   Zero   RW         9159    .bss                memp.o
    0x200073d7   0x000002fb   Zero   RW         9160    .bss                memp.o
    0x200076d2   0x000000e3   Zero   RW         9161    .bss                memp.o
    0x200077b5   0x00000103   Zero   RW         9162    .bss                memp.o
    0x200078b8   0x000000a3   Zero   RW         9163    .bss                memp.o
    0x2000795b   0x0000016b   Zero   RW         9164    .bss                memp.o
    0x20007ac6   0x00000023   Zero   RW         9165    .bss                memp.o
    0x20007ae9   0x000000b3   Zero   RW         9166    .bss                memp.o
    0x20007b9c   0x00000083   Zero   RW         9167    .bss                memp.o
    0x20007c1f   0x00000083   Zero   RW         9168    .bss                memp.o
    0x20007ca2   0x00000033   Zero   RW         9169    .bss                memp.o
    0x20007cd5   0x00000103   Zero   RW         9170    .bss                memp.o
    0x20007dd8   0x00002603   Zero   RW         9171    .bss                memp.o
    0x2000a3db   0x00000653   Zero   RW         9670    .bss                mem.o
    0x2000aa2e   0x00000002   PAD
    0x2000aa30   0x00000400   Zero   RW         1125    STACK               startup_stm32f746xx.o


==============================================================================

Image component sizes


      Code (inc. data)   RO Data    RW Data    ZI Data      Debug   Object Name

       308         72          0          0        144       2338   adc.o
       152         24          0          0          0       3451   bsp_driver_sd.o
       156         40          0          0         68       1677   can.o
       814         34          0          0          0      24956   cmsis_os.o
         0          0          0          0          0       8128   croutine.o
         8          0          0          0          0       1106   def.o
      1436         56          0          1        240      11091   etharp.o
       234          6         12          0          0       2502   ethernet.o
       936         78         26          4      12520      29427   ethernetif.o
         0          0          0          0          0      18776   event_groups.o
        28         10          0          5          0       1028   fatfs.o
        70          4          0          0         12       3659   ff_gen_drv.o
        56         10         32          4          0       1762   freertos.o
       280         24          0          0          0       1099   gpio.o
       484         24          0         24      15360       7363   heap_4.o
       188         42          0          0         76       1757   i2c.o
       372          4          0          0          0       4870   icmp.o
        34          0          0          0          0        588   init.o
         0          0          0          0         24       3050   ip.o
       706         30          0          2          0       4484   ip4.o
        46          0          4          0          0       6826   ip4_addr.o
      1346         36          0          8          0       8870   ip4_frag.o
       136          0          0          0          0       3498   list.o
       168         16          0         24         48       1497   lwip.o
       432         76         24          0          0       7113   main.o
       672         34          0         16       1619       5269   mem.o
       184         16        208         52      12423      10884   memp.o
       330         16          0         12          0       9373   netif.o
      1116         32          0          1          0      11986   pbuf.o
       738         82          0         12          0      12073   port.o
      1836         14          0          0          0      17036   queue.o
       272         32         20          1          0       4324   sd_diskio.o
       120         26          0          0        132       1636   sdmmc.o
        36          8        456          0       1024        828   startup_stm32f746xx.o
        72         12          0          4          0       3288   stm32f7xx_hal.o
      1162         42          0          0          0       5669   stm32f7xx_hal_adc.o
       330          0          0          0          0       1463   stm32f7xx_hal_can.o
       218         12          0          0          0      35893   stm32f7xx_hal_cortex.o
      2006         66          0          0          0      11832   stm32f7xx_hal_eth.o
         0          0          0          0          0     894828   stm32f7xx_hal_flash.o
       482         54          0          0          0       2420   stm32f7xx_hal_gpio.o
       184          4          0          0          0       2939   stm32f7xx_hal_i2c.o
       172          0          0          0          0       1931   stm32f7xx_hal_i2c_ex.o
        88          0          0          0          0        550   stm32f7xx_hal_msp.o
       108          8          0          0          0       1316   stm32f7xx_hal_pwr_ex.o
      1516         78          0          0          0       6301   stm32f7xx_hal_rcc.o
      1716         16          0          0          0       2356   stm32f7xx_hal_rcc_ex.o
      2468          0          0          0          0      12144   stm32f7xx_hal_sd.o
       674         46          0          0          0       7288   stm32f7xx_hal_tim.o
         4          0          0          0          0       1738   stm32f7xx_hal_tim_ex.o
       116         16          0          0         64       1505   stm32f7xx_hal_timebase_tim.o
      1252         70          0          0          0       5637   stm32f7xx_hal_uart.o
        28         12          0          0          0       1459   stm32f7xx_it.o
      1626         42          0          0          0      22164   stm32f7xx_ll_sdmmc.o
         0          0          0          0          0        752   sys.o
       318         26         12          4          0      13012   sys_arch.o
         0          0          0          0          0       3488   syscall.o
        84         16         24          4          0       1299   system_stm32f7xx.o
      2156        182          0         60        240      23292   tasks.o
      2352         80        201         32          0      27059   tcp.o
      4152        130          0         36         16      18999   tcp_in.o
      1826         10          0          0          0      21234   tcp_out.o
       368         46          0         16          0       6519   tcpip.o
       492         72         24         12          0       7188   timeouts.o
       346         12          0          8          0       5207   udp.o
       288         70          0          0        224       2395   usart.o

    ----------------------------------------------------------------------
     40378       1968       1080        352      44236    1387490   Object Totals
         0          0         32          0          0          0   (incl. Generated)
        80          0          5         10          2          0   (incl. Padding)

    ----------------------------------------------------------------------

      Code (inc. data)   RO Data    RW Data    ZI Data      Debug   Library Member Name

        58          0          0          0          0          0   __dczerorl.o
         0          0          0          0          0          0   entry.o
         0          0          0          0          0          0   entry10a.o
         0          0          0          0          0          0   entry11a.o
         8          4          0          0          0          0   entry2.o
         4          0          0          0          0          0   entry5.o
         0          0          0          0          0          0   entry7b.o
         0          0          0          0          0          0   entry8b.o
         8          4          0          0          0          0   entry9a.o
        18          0          0          0          0         80   fputc.o
        30          0          0          0          0          0   handlers.o
        36          8          0          0          0         68   init.o
         0          0          0          0          0          0   iusesemip.o
        26          0          0          0          0         80   memcmp.o
        36          0          0          0          0         68   memcpya.o
        36          0          0          0          0        108   memseta.o
        50          8          0          0          0        152   printfb.o
         0          0          0          0          0          0   semi.o
         0          0          0          4          0          0   stdout.o

    ----------------------------------------------------------------------
       314         24          0          4          0        556   Library Totals
         4          0          0          0          0          0   (incl. Padding)

    ----------------------------------------------------------------------

      Code (inc. data)   RO Data    RW Data    ZI Data      Debug   Library Name

       310         24          0          4          0        556   mc_w.l

    ----------------------------------------------------------------------
       314         24          0          4          0        556   Library Totals

    ----------------------------------------------------------------------

==============================================================================


      Code (inc. data)   RO Data    RW Data    ZI Data      Debug   

     40692       1992       1080        356      44236    1352422   Grand Totals
     40692       1992       1080         24      44236    1352422   ELF Image Totals (compressed)
     40692       1992       1080         24          0          0   ROM Totals

==============================================================================

    Total RO  Size (Code + RO Data)                41772 (  40.79kB)
    Total RW  Size (RW Data + ZI Data)             44592 (  43.55kB)
    Total ROM Size (Code + RO Data + RW Data)      41796 (  40.82kB)

==============================================================================

