Component: ARM Compiler 5.05 update 1 (build 106) Tool: armlink [4d0efa]

==============================================================================

Section Cross References

    event_groups.o(i.vEventGroupClearBitsCallback) refers to event_groups.o(i.xEventGroupClearBits) for xEventGroupClearBits
    event_groups.o(i.vEventGroupDelete) refers to tasks.o(i.vTaskSuspendAll) for vTaskSuspendAll
    event_groups.o(i.vEventGroupDelete) refers to tasks.o(i.xTaskRemoveFromUnorderedEventList) for xTaskRemoveFromUnorderedEventList
    event_groups.o(i.vEventGroupDelete) refers to heap_4.o(i.vPortFree) for vPortFree
    event_groups.o(i.vEventGroupDelete) refers to tasks.o(i.xTaskResumeAll) for xTaskResumeAll
    event_groups.o(i.vEventGroupSetBitsCallback) refers to event_groups.o(i.xEventGroupSetBits) for xEventGroupSetBits
    event_groups.o(i.xEventGroupClearBits) refers to port.o(i.vPortEnterCritical) for vPortEnterCritical
    event_groups.o(i.xEventGroupClearBits) refers to port.o(i.vPortExitCritical) for vPortExitCritical
    event_groups.o(i.xEventGroupCreate) refers to heap_4.o(i.pvPortMalloc) for pvPortMalloc
    event_groups.o(i.xEventGroupCreate) refers to list.o(i.vListInitialise) for vListInitialise
    event_groups.o(i.xEventGroupSetBits) refers to tasks.o(i.vTaskSuspendAll) for vTaskSuspendAll
    event_groups.o(i.xEventGroupSetBits) refers to tasks.o(i.xTaskRemoveFromUnorderedEventList) for xTaskRemoveFromUnorderedEventList
    event_groups.o(i.xEventGroupSetBits) refers to tasks.o(i.xTaskResumeAll) for xTaskResumeAll
    event_groups.o(i.xEventGroupSync) refers to tasks.o(i.xTaskGetSchedulerState) for xTaskGetSchedulerState
    event_groups.o(i.xEventGroupSync) refers to tasks.o(i.vTaskSuspendAll) for vTaskSuspendAll
    event_groups.o(i.xEventGroupSync) refers to event_groups.o(i.xEventGroupSetBits) for xEventGroupSetBits
    event_groups.o(i.xEventGroupSync) refers to tasks.o(i.vTaskPlaceOnUnorderedEventList) for vTaskPlaceOnUnorderedEventList
    event_groups.o(i.xEventGroupSync) refers to tasks.o(i.xTaskResumeAll) for xTaskResumeAll
    event_groups.o(i.xEventGroupSync) refers to tasks.o(i.uxTaskResetEventItemValue) for uxTaskResetEventItemValue
    event_groups.o(i.xEventGroupSync) refers to port.o(i.vPortEnterCritical) for vPortEnterCritical
    event_groups.o(i.xEventGroupSync) refers to port.o(i.vPortExitCritical) for vPortExitCritical
    event_groups.o(i.xEventGroupWaitBits) refers to tasks.o(i.xTaskGetSchedulerState) for xTaskGetSchedulerState
    event_groups.o(i.xEventGroupWaitBits) refers to tasks.o(i.vTaskSuspendAll) for vTaskSuspendAll
    event_groups.o(i.xEventGroupWaitBits) refers to event_groups.o(i.prvTestWaitCondition) for prvTestWaitCondition
    event_groups.o(i.xEventGroupWaitBits) refers to tasks.o(i.vTaskPlaceOnUnorderedEventList) for vTaskPlaceOnUnorderedEventList
    event_groups.o(i.xEventGroupWaitBits) refers to tasks.o(i.xTaskResumeAll) for xTaskResumeAll
    event_groups.o(i.xEventGroupWaitBits) refers to tasks.o(i.uxTaskResetEventItemValue) for uxTaskResetEventItemValue
    event_groups.o(i.xEventGroupWaitBits) refers to port.o(i.vPortEnterCritical) for vPortEnterCritical
    event_groups.o(i.xEventGroupWaitBits) refers to port.o(i.vPortExitCritical) for vPortExitCritical
    queue.o(i.pcQueueGetName) refers to queue.o(.bss) for .bss
    queue.o(i.prvCopyDataFromQueue) refers to memcpya.o(.text) for __aeabi_memcpy
    queue.o(i.prvCopyDataToQueue) refers to memcpya.o(.text) for __aeabi_memcpy
    queue.o(i.prvCopyDataToQueue) refers to tasks.o(i.xTaskPriorityDisinherit) for xTaskPriorityDisinherit
    queue.o(i.prvIsQueueEmpty) refers to port.o(i.vPortEnterCritical) for vPortEnterCritical
    queue.o(i.prvIsQueueEmpty) refers to port.o(i.vPortExitCritical) for vPortExitCritical
    queue.o(i.prvUnlockQueue) refers to port.o(i.vPortEnterCritical) for vPortEnterCritical
    queue.o(i.prvUnlockQueue) refers to tasks.o(i.xTaskRemoveFromEventList) for xTaskRemoveFromEventList
    queue.o(i.prvUnlockQueue) refers to tasks.o(i.vTaskMissedYield) for vTaskMissedYield
    queue.o(i.prvUnlockQueue) refers to port.o(i.vPortExitCritical) for vPortExitCritical
    queue.o(i.uxQueueMessagesWaiting) refers to port.o(i.vPortEnterCritical) for vPortEnterCritical
    queue.o(i.uxQueueMessagesWaiting) refers to port.o(i.vPortExitCritical) for vPortExitCritical
    queue.o(i.uxQueueSpacesAvailable) refers to port.o(i.vPortEnterCritical) for vPortEnterCritical
    queue.o(i.uxQueueSpacesAvailable) refers to port.o(i.vPortExitCritical) for vPortExitCritical
    queue.o(i.vQueueAddToRegistry) refers to queue.o(.bss) for .bss
    queue.o(i.vQueueDelete) refers to queue.o(i.vQueueUnregisterQueue) for vQueueUnregisterQueue
    queue.o(i.vQueueDelete) refers to heap_4.o(i.vPortFree) for vPortFree
    queue.o(i.vQueueUnregisterQueue) refers to queue.o(.bss) for .bss
    queue.o(i.xQueueCreateMutex) refers to queue.o(i.xQueueGenericCreate) for xQueueGenericCreate
[...]
    __scatterload_rt2                        0x08000321   Thumb Code     0  init.o(.text)
    __I$use$semihosting$fputc                0x08000345   Thumb Code     0  iusesemip.o(.text)
    __decompress                             0x08000345   Thumb Code     0  __dczerorl.o(.text)
    __decompress0                            0x08000345   Thumb Code    58  __dczerorl.o(.text)
    __semihosting_library_function           0x08000345   Thumb Code     0  semi.o(.text)
    BSP_SD_GetCardInfo                       0x080004b9   Thumb Code     8  bsp_driver_sd.o(i.BSP_SD_GetCardInfo)
    BSP_SD_GetCardState                      0x080004c5   Thumb Code    20  bsp_driver_sd.o(i.BSP_SD_GetCardState)
    BSP_SD_Init                              0x080004dd   Thumb Code    48  bsp_driver_sd.o(i.BSP_SD_Init)
    BSP_SD_ReadBlocks                        0x08000511   Thumb Code    26  bsp_driver_sd.o(i.BSP_SD_ReadBlocks)
    BSP_SD_WriteBlocks                       0x08000531   Thumb Code    26  bsp_driver_sd.o(i.BSP_SD_WriteBlocks)
    ETH_IRQHandler                           0x08000581   Thumb Code     6  stm32f7xx_it.o(i.ETH_IRQHandler)
    FATFS_LinkDriver                         0x080006b1   Thumb Code     6  ff_gen_drv.o(i.FATFS_LinkDriver)
    FATFS_LinkDriverEx                       0x080006b9   Thumb Code    60  ff_gen_drv.o(i.FATFS_LinkDriverEx)
    HAL_ADC_ConfigChannel                    0x080006f9   Thumb Code   338  stm32f7xx_hal_adc.o(i.HAL_ADC_ConfigChannel)
    HAL_ADC_Init                             0x0800085d   Thumb Code    84  stm32f7xx_hal_adc.o(i.HAL_ADC_Init)
    HAL_ADC_MspInit                          0x080008b1   Thumb Code    76  adc.o(i.HAL_ADC_MspInit)
    HAL_CAN_Init                             0x0800090d   Thumb Code   330  stm32f7xx_hal_can.o(i.HAL_CAN_Init)
    HAL_CAN_MspInit                          0x08000a59   Thumb Code    58  can.o(i.HAL_CAN_MspInit)
    HAL_Delay                                0x08000aa1   Thumb Code    22  stm32f7xx_hal.o(i.HAL_Delay)
    HAL_ETH_DMARxDescListInit                0x08000ab7   Thumb Code   116  stm32f7xx_hal_eth.o(i.HAL_ETH_DMARxDescListInit)
    HAL_ETH_DMATxDescListInit                0x08000b2d   Thumb Code   132  stm32f7xx_hal_eth.o(i.HAL_ETH_DMATxDescListInit)
    HAL_ETH_ErrorCallback                    0x08000bb1   Thumb Code     2  stm32f7xx_hal_eth.o(i.HAL_ETH_ErrorCallback)
    HAL_ETH_GetReceivedFrame_IT              0x08000bb3   Thumb Code   140  stm32f7xx_hal_eth.o(i.HAL_ETH_GetReceivedFrame_IT)
    HAL_ETH_IRQHandler                       0x08000c3f   Thumb Code   118  stm32f7xx_hal_eth.o(i.HAL_ETH_IRQHandler)
    HAL_ETH_Init                             0x08000cb5   Thumb Code   454  stm32f7xx_hal_eth.o(i.HAL_ETH_Init)
    HAL_ETH_MspInit                          0x08000ea5   Thumb Code   148  ethernetif.o(i.HAL_ETH_MspInit)
    HAL_ETH_ReadPHYRegister                  0x08000f51   Thumb Code   134  stm32f7xx_hal_eth.o(i.HAL_ETH_ReadPHYRegister)
    HAL_ETH_RxCpltCallback                   0x08000fd9   Thumb Code     8  ethernetif.o(i.HAL_ETH_RxCpltCallback)
    HAL_ETH_Start                            0x08000fe5   Thumb Code   132  stm32f7xx_hal_eth.o(i.HAL_ETH_Start)
    HAL_ETH_TransmitFrame                    0x08001069   Thumb Code   274  stm32f7xx_hal_eth.o(i.HAL_ETH_TransmitFrame)
    HAL_ETH_TxCpltCallback                   0x0800117b   Thumb Code     2  stm32f7xx_hal_eth.o(i.HAL_ETH_TxCpltCallback)
    HAL_ETH_WritePHYRegister                 0x0800117d   Thumb Code   122  stm32f7xx_hal_eth.o(i.HAL_ETH_WritePHYRegister)
    HAL_GPIO_Init                            0x080011f9   Thumb Code   418  stm32f7xx_hal_gpio.o(i.HAL_GPIO_Init)
    HAL_GPIO_TogglePin                       0x080013d1   Thumb Code     8  stm32f7xx_hal_gpio.o(i.HAL_GPIO_TogglePin)
    HAL_GPIO_WritePin                        0x080013d9   Thumb Code    10  stm32f7xx_hal_gpio.o(i.HAL_GPIO_WritePin)
    HAL_GetTick                              0x080013e5   Thumb Code     6  stm32f7xx_hal.o(i.HAL_GetTick)
    HAL_I2CEx_ConfigAnalogFilter             0x080013f1   Thumb Code    88  stm32f7xx_hal_i2c_ex.o(i.HAL_I2CEx_ConfigAnalogFilter)
    HAL_I2CEx_ConfigDigitalFilter            0x08001449   Thumb Code    84  stm32f7xx_hal_i2c_ex.o(i.HAL_I2CEx_ConfigDigitalFilter)
    HAL_I2C_Init                             0x0800149d   Thumb Code   180  stm32f7xx_hal_i2c.o(i.HAL_I2C_Init)
    HAL_I2C_MspInit                          0x08001555   Thumb Code    58  i2c.o(i.HAL_I2C_MspInit)
    HAL_IncTick                              0x0800159d   Thumb Code    10  stm32f7xx_hal.o(i.HAL_IncTick)
    HAL_Init                                 0x080015ad   Thumb Code    22  stm32f7xx_hal.o(i.HAL_Init)
    HAL_InitTick                             0x080015c5   Thumb Code   100  stm32f7xx_hal_timebase_tim.o(i.HAL_InitTick)
    HAL_MspInit                              0x08001639   Thumb Code    88  stm32f7xx_hal_msp.o(i.HAL_MspInit)
    HAL_NVIC_EnableIRQ                       0x08001691   Thumb Code    22  stm32f7xx_hal_cortex.o(i.HAL_NVIC_EnableIRQ)
    HAL_NVIC_SetPriority                     0x080016a9   Thumb Code    60  stm32f7xx_hal_cortex.o(i.HAL_NVIC_SetPriority)
    HAL_NVIC_SetPriorityGrouping             0x080016e9   Thumb Code    28  stm32f7xx_hal_cortex.o(i.HAL_NVIC_SetPriorityGrouping)
    HAL_PWREx_EnableOverDrive                0x0800170d   Thumb Code   100  stm32f7xx_hal_pwr_ex.o(i.HAL_PWREx_EnableOverDrive)
    HAL_RCCEx_PeriphCLKConfig                0x08001779   Thumb Code  1712  stm32f7xx_hal_rcc_ex.o(i.HAL_RCCEx_PeriphCLKConfig)
    HAL_RCC_ClockConfig                      0x08001e2d   Thumb Code   338  stm32f7xx_hal_rcc.o(i.HAL_RCC_ClockConfig)
    HAL_RCC_GetClockConfig                   0x08001f91   Thumb Code    56  stm32f7xx_hal_rcc.o(i.HAL_RCC_GetClockConfig)
    HAL_RCC_GetHCLKFreq                      0x08001fd1   Thumb Code     6  stm32f7xx_hal_rcc.o(i.HAL_RCC_GetHCLKFreq)
    HAL_RCC_GetPCLK1Freq                     0x08001fdd   Thumb Code    34  stm32f7xx_hal_rcc.o(i.HAL_RCC_GetPCLK1Freq)
    HAL_RCC_GetPCLK2Freq                     0x0800200d   Thumb Code    34  stm32f7xx_hal_rcc.o(i.HAL_RCC_GetPCLK2Freq)
    HAL_RCC_GetSysClockFreq                  0x0800203d   Thumb Code   120  stm32f7xx_hal_rcc.o(i.HAL_RCC_GetSysClockFreq)
    HAL_RCC_OscConfig                        0x080020bd   Thumb Code   850  stm32f7xx_hal_rcc.o(i.HAL_RCC_OscConfig)
    HAL_SD_ConfigWideBusOperation            0x08002419   Thumb Code   120  stm32f7xx_hal_sd.o(i.HAL_SD_ConfigWideBusOperation)
    HAL_SD_GetCardCSD                        0x08002491   Thumb Code   506  stm32f7xx_hal_sd.o(i.HAL_SD_GetCardCSD)
    HAL_SD_GetCardInfo                       0x0800268b   Thumb Code    36  stm32f7xx_hal_sd.o(i.HAL_SD_GetCardInfo)
    HAL_SD_GetCardState                      0x080026af   Thumb Code    44  stm32f7xx_hal_sd.o(i.HAL_SD_GetCardState)
    HAL_SD_Init                              0x080026db   Thumb Code    54  stm32f7xx_hal_sd.o(i.HAL_SD_Init)
    HAL_SD_InitCard                          0x08002711   Thumb Code    92  stm32f7xx_hal_sd.o(i.HAL_SD_InitCard)
    HAL_SD_MspInit                           0x0800276d   Thumb Code    72  sdmmc.o(i.HAL_SD_MspInit)
    HAL_SD_ReadBlocks                        0x080027c5   Thumb Code   432  stm32f7xx_hal_sd.o(i.HAL_SD_ReadBlocks)
    HAL_SD_WriteBlocks                       0x08002975   Thumb Code   418  stm32f7xx_hal_sd.o(i.HAL_SD_WriteBlocks)
    HAL_SYSTICK_CLKSourceConfig              0x08002b17   Thumb Code    24  stm32f7xx_hal_cortex.o(i.HAL_SYSTICK_CLKSourceConfig)
    HAL_SYSTICK_Config                       0x08002b2f   Thumb Code    38  stm32f7xx_hal_cortex.o(i.HAL_SYSTICK_Config)
    HAL_TIMEx_BreakCallback                  0x08002b55   Thumb Code     2  stm32f7xx_hal_tim_ex.o(i.HAL_TIMEx_BreakCallback)
    HAL_TIMEx_CommutationCallback            0x08002b57   Thumb Code     2  stm32f7xx_hal_tim_ex.o(i.HAL_TIMEx_CommutationCallback)
    HAL_TIM_Base_Init                        0x08002b59   Thumb Code    54  stm32f7xx_hal_tim.o(i.HAL_TIM_Base_Init)
    HAL_TIM_Base_MspInit                     0x08002b8f   Thumb Code     2  stm32f7xx_hal_tim.o(i.HAL_TIM_Base_MspInit)
    HAL_TIM_Base_Start_IT                    0x08002b91   Thumb Code    24  stm32f7xx_hal_tim.o(i.HAL_TIM_Base_Start_IT)
    HAL_TIM_IC_CaptureCallback               0x08002ba9   Thumb Code     2  stm32f7xx_hal_tim.o(i.HAL_TIM_IC_CaptureCallback)
    HAL_TIM_IRQHandler                       0x08002bab   Thumb Code   382  stm32f7xx_hal_tim.o(i.HAL_TIM_IRQHandler)
    HAL_TIM_OC_DelayElapsedCallback          0x08002d29   Thumb Code     2  stm32f7xx_hal_tim.o(i.HAL_TIM_OC_DelayElapsedCallback)
    HAL_TIM_PWM_PulseFinishedCallback        0x08002d2b   Thumb Code     2  stm32f7xx_hal_tim.o(i.HAL_TIM_PWM_PulseFinishedCallback)
    HAL_TIM_PeriodElapsedCallback            0x08002d2d   Thumb Code    14  main.o(i.HAL_TIM_PeriodElapsedCallback)
    HAL_TIM_TriggerCallback                  0x08002d41   Thumb Code     2  stm32f7xx_hal_tim.o(i.HAL_TIM_TriggerCallback)
    HAL_UART_Init                            0x08002d43   Thumb Code   106  stm32f7xx_hal_uart.o(i.HAL_UART_Init)
    HAL_UART_MspInit                         0x08002dad   Thumb Code   106  usart.o(i.HAL_UART_MspInit)
    MX_ADC1_Init                             0x08002e2d   Thumb Code    80  adc.o(i.MX_ADC1_Init)
    MX_ADC2_Init                             0x08002e99   Thumb Code    80  adc.o(i.MX_ADC2_Init)
    MX_CAN1_Init                             0x08002f05   Thumb Code    58  can.o(i.MX_CAN1_Init)
    MX_FATFS_Init                            0x08002f59   Thumb Code    18  fatfs.o(i.MX_FATFS_Init)
    MX_FREERTOS_Init                         0x08002f75   Thumb Code    30  freertos.o(i.MX_FREERTOS_Init)
    MX_GPIO_Init                             0x08002f9d   Thumb Code   256  gpio.o(i.MX_GPIO_Init)
    MX_I2C1_Init                             0x080030b5   Thumb Code    88  i2c.o(i.MX_I2C1_Init)
    MX_LWIP_Init                             0x08003129   Thumb Code   152  lwip.o(i.MX_LWIP_Init)
    MX_SDMMC1_SD_Init                        0x080031d1   Thumb Code    22  sdmmc.o(i.MX_SDMMC1_SD_Init)
    MX_USART2_UART_Init                      0x080031f1   Thumb Code    56  usart.o(i.MX_USART2_UART_Init)
    MX_USART3_UART_Init                      0x08003241   Thumb Code    56  usart.o(i.MX_USART3_UART_Init)
    SDMMC_CmdAppCommand                      0x080032b3   Thumb Code    50  stm32f7xx_ll_sdmmc.o(i.SDMMC_CmdAppCommand)
    SDMMC_CmdAppOperCommand                  0x080032e5   Thumb Code    48  stm32f7xx_ll_sdmmc.o(i.SDMMC_CmdAppOperCommand)
    SDMMC_CmdBlockLength                     0x08003319   Thumb Code    50  stm32f7xx_ll_sdmmc.o(i.SDMMC_CmdBlockLength)
    SDMMC_CmdBusWidth                        0x0800334b   Thumb Code    50  stm32f7xx_ll_sdmmc.o(i.SDMMC_CmdBusWidth)
    SDMMC_CmdGoIdleState                     0x0800337d   Thumb Code    76  stm32f7xx_ll_sdmmc.o(i.SDMMC_CmdGoIdleState)
    SDMMC_CmdOperCond                        0x080033cd   Thumb Code    94  stm32f7xx_ll_sdmmc.o(i.SDMMC_CmdOperCond)
    SDMMC_CmdReadMultiBlock                  0x08003431   Thumb Code    50  stm32f7xx_ll_sdmmc.o(i.SDMMC_CmdReadMultiBlock)
    SDMMC_CmdReadSingleBlock                 0x08003463   Thumb Code    50  stm32f7xx_ll_sdmmc.o(i.SDMMC_CmdReadSingleBlock)
    SDMMC_CmdSelDesel                        0x08003495   Thumb Code    48  stm32f7xx_ll_sdmmc.o(i.SDMMC_CmdSelDesel)
    SDMMC_CmdSendCID                         0x080034c5   Thumb Code    42  stm32f7xx_ll_sdmmc.o(i.SDMMC_CmdSendCID)
    SDMMC_CmdSendCSD                         0x080034ef   Thumb Code    46  stm32f7xx_ll_sdmmc.o(i.SDMMC_CmdSendCSD)
    SDMMC_CmdSendSCR                         0x0800351d   Thumb Code    48  stm32f7xx_ll_sdmmc.o(i.SDMMC_CmdSendSCR)
    SDMMC_CmdSendStatus                      0x0800354d   Thumb Code    50  stm32f7xx_ll_sdmmc.o(i.SDMMC_CmdSendStatus)
    SDMMC_CmdSetRelAdd                       0x0800357f   Thumb Code    48  stm32f7xx_ll_sdmmc.o(i.SDMMC_CmdSetRelAdd)
    SDMMC_CmdStopTransfer                    0x080035b1   Thumb Code    46  stm32f7xx_ll_sdmmc.o(i.SDMMC_CmdStopTransfer)
    SDMMC_CmdWriteMultiBlock                 0x080035e5   Thumb Code    50  stm32f7xx_ll_sdmmc.o(i.SDMMC_CmdWriteMultiBlock)
    SDMMC_CmdWriteSingleBlock                0x08003617   Thumb Code    50  stm32f7xx_ll_sdmmc.o(i.SDMMC_CmdWriteSingleBlock)
    SDMMC_ConfigData                         0x08003649   Thumb Code    38  stm32f7xx_ll_sdmmc.o(i.SDMMC_ConfigData)
    SDMMC_GetPowerState                      0x080038a1   Thumb Code     8  stm32f7xx_ll_sdmmc.o(i.SDMMC_GetPowerState)
    SDMMC_GetResponse                        0x080038a9   Thumb Code    12  stm32f7xx_ll_sdmmc.o(i.SDMMC_GetResponse)
    SDMMC_Init                               0x080038b5   Thumb Code    34  stm32f7xx_ll_sdmmc.o(i.SDMMC_Init)
    SDMMC_PowerState_ON                      0x080038d7   Thumb Code     8  stm32f7xx_ll_sdmmc.o(i.SDMMC_PowerState_ON)
    SDMMC_ReadFIFO                           0x080038df   Thumb Code     6  stm32f7xx_ll_sdmmc.o(i.SDMMC_ReadFIFO)
    SDMMC_SendCommand                        0x080038e5   Thumb Code    34  stm32f7xx_ll_sdmmc.o(i.SDMMC_SendCommand)
    SDMMC_WriteFIFO                          0x08003907   Thumb Code    10  stm32f7xx_ll_sdmmc.o(i.SDMMC_WriteFIFO)
    SD_initialize                            0x08003c11   Thumb Code    26  sd_diskio.o(i.SD_initialize)
    SD_ioctl                                 0x08003c31   Thumb Code    84  sd_diskio.o(i.SD_ioctl)
    SD_read                                  0x08003c89   Thumb Code    52  sd_diskio.o(i.SD_read)
    SD_status                                0x08003cc5   Thumb Code    26  sd_diskio.o(i.SD_status)
    SD_write                                 0x08003ce5   Thumb Code    52  sd_diskio.o(i.SD_write)
    StartDefaultTask                         0x08003d21   Thumb Code    16  freertos.o(i.StartDefaultTask)
    SysTick_Handler                          0x08003d31   Thumb Code     4  stm32f7xx_it.o(i.SysTick_Handler)
    SystemClock_Config                       0x08003d35   Thumb Code   194  main.o(i.SystemClock_Config)
    SystemInit                               0x08003e15   Thumb Code    68  system_stm32f7xx.o(i.SystemInit)
    TIM8_TRG_COM_TIM14_IRQHandler            0x08003e69   Thumb Code     6  stm32f7xx_it.o(i.TIM8_TRG_COM_TIM14_IRQHandler)
    TIM_Base_SetConfig                       0x08003e75   Thumb Code   158  stm32f7xx_hal_tim.o(i.TIM_Base_SetConfig)
    UART_AdvFeatureConfig                    0x08003f41   Thumb Code   200  stm32f7xx_hal_uart.o(i.UART_AdvFeatureConfig)
    UART_CheckIdleState                      0x08004009   Thumb Code    64  stm32f7xx_hal_uart.o(i.UART_CheckIdleState)
    UART_SetConfig                           0x08004049   Thumb Code   550  stm32f7xx_hal_uart.o(i.UART_SetConfig)
    UART_WaitOnFlagUntilTimeout              0x080042a1   Thumb Code   100  stm32f7xx_hal_uart.o(i.UART_WaitOnFlagUntilTimeout)
    _Error_Handler                           0x08004305   Thumb Code     8  main.o(i._Error_Handler)
    __0printf$bare                           0x08004325   Thumb Code     8  printfb.o(i.__0printf$bare)
    __1printf$bare                           0x08004325   Thumb Code     0  printfb.o(i.__0printf$bare)
    __2printf                                0x08004325   Thumb Code     0  printfb.o(i.__0printf$bare)
    __scatterload_copy                       0x08004335   Thumb Code    14  handlers.o(i.__scatterload_copy)
    __scatterload_null                       0x08004343   Thumb Code     2  handlers.o(i.__scatterload_null)
    __scatterload_zeroinit                   0x08004345   Thumb Code    14  handlers.o(i.__scatterload_zeroinit)
    blinkThread                              0x08004375   Thumb Code    22  main.o(i.blinkThread)
    etharp_cleanup_netif                     0x080043ed   Thumb Code    42  etharp.o(i.etharp_cleanup_netif)
    etharp_input                             0x0800451d   Thumb Code   160  etharp.o(i.etharp_input)
    etharp_output                            0x080045bd   Thumb Code   220  etharp.o(i.etharp_output)
    etharp_query                             0x08004705   Thumb Code   232  etharp.o(i.etharp_query)
    etharp_request                           0x0800487d   Thumb Code     6  etharp.o(i.etharp_request)
    etharp_tmr                               0x080048a9   Thumb Code    92  etharp.o(i.etharp_tmr)
    ethernet_input                           0x08004989   Thumb Code   154  ethernet.o(i.ethernet_input)
    ethernet_output                          0x08004a29   Thumb Code    74  ethernet.o(i.ethernet_output)
    ethernetif_init                          0x08004a75   Thumb Code    30  ethernetif.o(i.ethernetif_init)
    ethernetif_input                         0x08004a9d   Thumb Code    48  ethernetif.o(i.ethernetif_input)
    fputc                                    0x08004ad1   Thumb Code    18  fputc.o(i.fputc)
    icmp_dest_unreach                        0x08004ae3   Thumb Code     8  icmp.o(i.icmp_dest_unreach)
    icmp_input                               0x08004aed   Thumb Code   244  icmp.o(i.icmp_input)
    icmp_time_exceeded                       0x08004c51   Thumb Code     8  icmp.o(i.icmp_time_exceeded)
    ip4_addr_isbroadcast_u32                 0x08004c65   Thumb Code    46  ip4_addr.o(i.ip4_addr_isbroadcast_u32)
    ip4_frag                                 0x08004c95   Thumb Code   346  ip4_frag.o(i.ip4_frag)
    ip4_input                                0x08004df5   Thumb Code   402  ip4.o(i.ip4_input)
    ip4_output_if                            0x08004f91   Thumb Code    30  ip4.o(i.ip4_output_if)
    ip4_output_if_src                        0x08004fb1   Thumb Code   162  ip4.o(i.ip4_output_if_src)
    ip4_reass                                0x0800505d   Thumb Code   398  ip4_frag.o(i.ip4_reass)
    ip4_route                                0x080051f1   Thumb Code    82  ip4.o(i.ip4_route)
    ip_reass_tmr                             0x08005459   Thumb Code    40  ip4_frag.o(i.ip_reass_tmr)
    lwip_htonl                               0x0800572d   Thumb Code     4  def.o(i.lwip_htonl)
    lwip_htons                               0x08005731   Thumb Code     4  def.o(i.lwip_htons)
    lwip_init                                0x08005735   Thumb Code    34  init.o(i.lwip_init)
    main                                     0x08005759   Thumb Code    76  main.o(i.main)
    mem_free                                 0x080057bd   Thumb Code    74  mem.o(i.mem_free)
    mem_init                                 0x0800580d   Thumb Code    50  mem.o(i.mem_init)
    mem_malloc                               0x08005849   Thumb Code   206  mem.o(i.mem_malloc)
    mem_trim                                 0x0800591d   Thumb Code   230  mem.o(i.mem_trim)
    memp_free                                0x08005a09   Thumb Code    20  memp.o(i.memp_free)
    memp_init                                0x08005a21   Thumb Code    26  memp.o(i.memp_init)
    memp_init_pool                           0x08005a41   Thumb Code    42  memp.o(i.memp_init_pool)
    memp_malloc                              0x08005a6d   Thumb Code    18  memp.o(i.memp_malloc)
    netif_add                                0x08005a85   Thumb Code    78  netif.o(i.netif_add)
    netif_init                               0x08005ad9   Thumb Code     2  netif.o(i.netif_init)
    netif_set_addr                           0x08005af5   Thumb Code    72  netif.o(i.netif_set_addr)
    netif_set_default                        0x08005b3d   Thumb Code     6  netif.o(i.netif_set_default)
    netif_set_down                           0x08005b49   Thumb Code    26  netif.o(i.netif_set_down)
    netif_set_gw                             0x08005b63   Thumb Code     8  netif.o(i.netif_set_gw)
    netif_set_ipaddr                         0x08005b6d   Thumb Code    60  netif.o(i.netif_set_ipaddr)
    netif_set_netmask                        0x08005bad   Thumb Code     8  netif.o(i.netif_set_netmask)
    netif_set_up                             0x08005bb5   Thumb Code    28  netif.o(i.netif_set_up)
    osDelay                                  0x08005bd1   Thumb Code    14  cmsis_os.o(i.osDelay)
    osKernelStart                            0x08005bdf   Thumb Code    10  cmsis_os.o(i.osKernelStart)
    osKernelSysTick                          0x08005be9   Thumb Code    24  cmsis_os.o(i.osKernelSysTick)
    osMessageCreate                          0x08005c01   Thumb Code    10  cmsis_os.o(i.osMessageCreate)
    osMessageGet                             0x08005c0d   Thumb Code   146  cmsis_os.o(i.osMessageGet)
    osMessagePut                             0x08005ca5   Thumb Code    88  cmsis_os.o(i.osMessagePut)
    osMutexCreate                            0x08005d01   Thumb Code     6  cmsis_os.o(i.osMutexCreate)
    osMutexRelease                           0x08005d09   Thumb Code    74  cmsis_os.o(i.osMutexRelease)
    osMutexWait                              0x08005d59   Thumb Code   102  cmsis_os.o(i.osMutexWait)
    osSemaphoreCreate                        0x08005dc5   Thumb Code    38  cmsis_os.o(i.osSemaphoreCreate)
    osSemaphoreRelease                       0x08005ded   Thumb Code    74  cmsis_os.o(i.osSemaphoreRelease)
    osSemaphoreWait                          0x08005e3d   Thumb Code   102  cmsis_os.o(i.osSemaphoreWait)
    osSystickHandler                         0x08005ea9   Thumb Code    20  cmsis_os.o(i.osSystickHandler)
    osThreadCreate                           0x08005ebd   Thumb Code    46  cmsis_os.o(i.osThreadCreate)
    pbuf_alloc                               0x08005eeb   Thumb Code   284  pbuf.o(i.pbuf_alloc)
    pbuf_alloced_custom                      0x08006007   Thumb Code    82  pbuf.o(i.pbuf_alloced_custom)
    pbuf_cat                                 0x08006059   Thumb Code    40  pbuf.o(i.pbuf_cat)
    pbuf_clen                                0x08006081   Thumb Code    18  pbuf.o(i.pbuf_clen)
    pbuf_copy                                0x08006093   Thumb Code   154  pbuf.o(i.pbuf_copy)
    pbuf_copy_partial                        0x0800612d   Thumb Code   102  pbuf.o(i.pbuf_copy_partial)
    pbuf_free                                0x08006193   Thumb Code    98  pbuf.o(i.pbuf_free)
    pbuf_header                              0x08006229   Thumb Code     6  pbuf.o(i.pbuf_header)
    pbuf_header_force                        0x0800622f   Thumb Code     6  pbuf.o(i.pbuf_header_force)
    pbuf_realloc                             0x080062d9   Thumb Code    84  pbuf.o(i.pbuf_realloc)
    pbuf_ref                                 0x0800632d   Thumb Code    26  pbuf.o(i.pbuf_ref)
    pvPortMalloc                             0x08006805   Thumb Code   222  heap_4.o(i.pvPortMalloc)
    pvTaskIncrementMutexHeldCount            0x080068e9   Thumb Code    18  tasks.o(i.pvTaskIncrementMutexHeldCount)
    pxPortInitialiseStack                    0x08006901   Thumb Code    42  port.o(i.pxPortInitialiseStack)
    sys_arch_mbox_fetch                      0x08006931   Thumb Code    70  sys_arch.o(i.sys_arch_mbox_fetch)
    sys_arch_protect                         0x08006979   Thumb Code    18  sys_arch.o(i.sys_arch_protect)
    sys_arch_unprotect                       0x08006991   Thumb Code     8  sys_arch.o(i.sys_arch_unprotect)
    sys_init                                 0x080069f5   Thumb Code    14  sys_arch.o(i.sys_init)
    sys_mbox_new                             0x08006a0d   Thumb Code    34  sys_arch.o(i.sys_mbox_new)
    sys_mbox_post                            0x08006a35   Thumb Code    26  sys_arch.o(i.sys_mbox_post)
    sys_mbox_trypost                         0x08006a4f   Thumb Code    20  sys_arch.o(i.sys_mbox_trypost)
    sys_mbox_valid                           0x08006a63   Thumb Code    10  sys_arch.o(i.sys_mbox_valid)
    sys_mutex_lock                           0x08006a6d   Thumb Code    10  sys_arch.o(i.sys_mutex_lock)
    sys_mutex_new                            0x08006a77   Thumb Code    28  sys_arch.o(i.sys_mutex_new)
    sys_mutex_unlock                         0x08006a93   Thumb Code     6  sys_arch.o(i.sys_mutex_unlock)
    sys_now                                  0x08006a99   Thumb Code     4  ethernetif.o(i.sys_now)
    sys_thread_new                           0x08006a9d   Thumb Code    48  sys_arch.o(i.sys_thread_new)
    sys_timeout                              0x08006acd   Thumb Code   138  timeouts.o(i.sys_timeout)
    sys_timeouts_init                        0x08006b5d   Thumb Code    38  timeouts.o(i.sys_timeouts_init)
    sys_timeouts_mbox_fetch                  0x08006b91   Thumb Code    66  timeouts.o(i.sys_timeouts_mbox_fetch)
    tcp_abandon                              0x08006bd9   Thumb Code   210  tcp.o(i.tcp_abandon)
    tcp_abort                                0x08006cb1   Thumb Code     6  tcp.o(i.tcp_abort)
    tcp_alloc                                0x08006cb9   Thumb Code   258  tcp.o(i.tcp_alloc)
    tcp_close                                0x08006dc9   Thumb Code    20  tcp.o(i.tcp_close)
    tcp_eff_send_mss_impl                    0x08006fd9   Thumb Code    34  tcp.o(i.tcp_eff_send_mss_impl)
    tcp_enqueue_flags                        0x08006ffb   Thumb Code   150  tcp_out.o(i.tcp_enqueue_flags)
    tcp_fasttmr                              0x08007091   Thumb Code    84  tcp.o(i.tcp_fasttmr)
    tcp_init                                 0x08007119   Thumb Code     2  tcp.o(i.tcp_init)
    tcp_input                                0x0800711d   Thumb Code   852  tcp_in.o(i.tcp_input)
    tcp_keepalive                            0x08007489   Thumb Code    82  tcp_out.o(i.tcp_keepalive)
    tcp_netif_ip_addr_changed                0x08007605   Thumb Code    72  tcp.o(i.tcp_netif_ip_addr_changed)
    tcp_next_iss                             0x08007675   Thumb Code    12  tcp.o(i.tcp_next_iss)
    tcp_output                               0x08007701   Thumb Code   452  tcp_out.o(i.tcp_output)
    tcp_pcb_purge                            0x08007a59   Thumb Code    66  tcp.o(i.tcp_pcb_purge)
    tcp_pcb_remove                           0x08007a9b   Thumb Code    80  tcp.o(i.tcp_pcb_remove)
    tcp_process_refused_data                 0x08007e61   Thumb Code   108  tcp.o(i.tcp_process_refused_data)
    tcp_recv_null                            0x080085a1   Thumb Code    36  tcp.o(i.tcp_recv_null)
    tcp_recved                               0x080085c5   Thumb Code    66  tcp.o(i.tcp_recved)
    tcp_rexmit                               0x08008607   Thumb Code    82  tcp_out.o(i.tcp_rexmit)
    tcp_rexmit_fast                          0x08008659   Thumb Code    92  tcp_out.o(i.tcp_rexmit_fast)
    tcp_rexmit_rto                           0x080086b5   Thumb Code    44  tcp_out.o(i.tcp_rexmit_rto)
    tcp_rst                                  0x080086e1   Thumb Code   128  tcp_out.o(i.tcp_rst)
    tcp_seg_copy                             0x08008761   Thumb Code    40  tcp.o(i.tcp_seg_copy)
    tcp_seg_free                             0x08008789   Thumb Code    28  tcp.o(i.tcp_seg_free)
    tcp_segs_free                            0x080087a5   Thumb Code    18  tcp.o(i.tcp_segs_free)
    tcp_send_empty_ack                       0x080087b7   Thumb Code   114  tcp_out.o(i.tcp_send_empty_ack)
    tcp_send_fin                             0x08008829   Thumb Code    68  tcp_out.o(i.tcp_send_fin)
    tcp_slowtmr                              0x0800886d   Thumb Code   626  tcp.o(i.tcp_slowtmr)
    tcp_timer_needed                         0x08008af1   Thumb Code    36  timeouts.o(i.tcp_timer_needed)
    tcp_tmr                                  0x08008b8d   Thumb Code    28  tcp.o(i.tcp_tmr)
    tcp_trigger_input_pcb_close              0x08008bad   Thumb Code    12  tcp_in.o(i.tcp_trigger_input_pcb_close)
    tcp_update_rcv_ann_wnd                   0x08008bbd   Thumb Code    54  tcp.o(i.tcp_update_rcv_ann_wnd)
    tcp_zero_window_probe                    0x08008bf3   Thumb Code   174  tcp_out.o(i.tcp_zero_window_probe)
    tcpip_callback_with_block                0x08008ca1   Thumb Code    80  tcpip.o(i.tcpip_callback_with_block)
    tcpip_init                               0x08008cf5   Thumb Code    52  tcpip.o(i.tcpip_init)
    tcpip_inpkt                              0x08008d41   Thumb Code    68  tcpip.o(i.tcpip_inpkt)
    tcpip_input                              0x08008d89   Thumb Code    20  tcpip.o(i.tcpip_input)
    udp_init                                 0x08008e49   Thumb Code     2  udp.o(i.udp_init)
    udp_input                                0x08008e4d   Thumb Code   284  udp.o(i.udp_input)
    udp_netif_ip_addr_changed                0x08008f71   Thumb Code    48  udp.o(i.udp_netif_ip_addr_changed)
    uxListRemove                             0x08008fa5   Thumb Code    36  list.o(i.uxListRemove)
    vListInitialise                          0x08008fc9   Thumb Code    22  list.o(i.vListInitialise)
    vListInitialiseItem                      0x08008fdf   Thumb Code     6  list.o(i.vListInitialiseItem)
    vListInsert                              0x08008fe5   Thumb Code    48  list.o(i.vListInsert)
    vListInsertEnd                           0x08009015   Thumb Code    24  list.o(i.vListInsertEnd)
    vPortEnterCritical                       0x0800902d   Thumb Code    62  port.o(i.vPortEnterCritical)
    vPortExitCritical                        0x08009075   Thumb Code    38  port.o(i.vPortExitCritical)
    vPortFree                                0x080090a1   Thumb Code    96  heap_4.o(i.vPortFree)
    vPortSetupTimerInterrupt                 0x08009105   Thumb Code    26  port.o(i.vPortSetupTimerInterrupt)
    vPortValidateInterruptPriority           0x08009125   Thumb Code    82  port.o(i.vPortValidateInterruptPriority)
    vTaskDelay                               0x08009181   Thumb Code    70  tasks.o(i.vTaskDelay)
    vTaskMissedYield                         0x080091d1   Thumb Code     8  tasks.o(i.vTaskMissedYield)
    vTaskPlaceOnEventList                    0x080091dd   Thumb Code    48  tasks.o(i.vTaskPlaceOnEventList)
    vTaskPriorityInherit                     0x08009211   Thumb Code   128  tasks.o(i.vTaskPriorityInherit)
    vTaskSetTimeOutState                     0x08009299   Thumb Code    34  tasks.o(i.vTaskSetTimeOutState)
    vTaskStartScheduler                      0x080092c1   Thumb Code    94  tasks.o(i.vTaskStartScheduler)
    vTaskSuspendAll                          0x08009331   Thumb Code    10  tasks.o(i.vTaskSuspendAll)
    vTaskSwitchContext                       0x08009341   Thumb Code    86  tasks.o(i.vTaskSwitchContext)
    xPortStartScheduler                      0x080093a1   Thumb Code   152  port.o(i.xPortStartScheduler)
    xPortSysTickHandler                      0x08009449   Thumb Code    42  port.o(i.xPortSysTickHandler)
    xQueueCreateMutex                        0x08009479   Thumb Code    36  queue.o(i.xQueueCreateMutex)
    xQueueGenericCreate                      0x0800949d   Thumb Code    76  queue.o(i.xQueueGenericCreate)
    xQueueGenericReceive                     0x080094e9   Thumb Code   376  queue.o(i.xQueueGenericReceive)
    xQueueGenericReset                       0x08009665   Thumb Code   148  queue.o(i.xQueueGenericReset)
    xQueueGenericSend                        0x080096fd   Thumb Code   362  queue.o(i.xQueueGenericSend)
    xQueueGenericSendFromISR                 0x0800986d   Thumb Code   204  queue.o(i.xQueueGenericSendFromISR)
    xQueueGiveFromISR                        0x08009939   Thumb Code   172  queue.o(i.xQueueGiveFromISR)
    xQueueReceiveFromISR                     0x080099e5   Thumb Code   168  queue.o(i.xQueueReceiveFromISR)
    xTaskCheckForTimeOut                     0x08009a8d   Thumb Code   110  tasks.o(i.xTaskCheckForTimeOut)
    xTaskCreate                              0x08009b01   Thumb Code    86  tasks.o(i.xTaskCreate)
    xTaskGetSchedulerState                   0x08009b59   Thumb Code    22  tasks.o(i.xTaskGetSchedulerState)
    xTaskGetTickCount                        0x08009b75   Thumb Code     6  tasks.o(i.xTaskGetTickCount)
    xTaskGetTickCountFromISR                 0x08009b81   Thumb Code    12  tasks.o(i.xTaskGetTickCountFromISR)
    xTaskIncrementTick                       0x08009b91   Thumb Code   196  tasks.o(i.xTaskIncrementTick)
    xTaskPriorityDisinherit                  0x08009c5d   Thumb Code   158  tasks.o(i.xTaskPriorityDisinherit)
    xTaskRemoveFromEventList                 0x08009d05   Thumb Code   112  tasks.o(i.xTaskRemoveFromEventList)
    xTaskResumeAll                           0x08009d7d   Thumb Code   188  tasks.o(i.xTaskResumeAll)
    AHBPrescTable                            0x08009e44   Data          16  system_stm32f7xx.o(.constdata)
    APBPrescTable                            0x08009e54   Data           8  system_stm32f7xx.o(.constdata)
    SD_Driver                                0x08009e5c   Data          20  sd_diskio.o(.constdata)
    ethbroadcast                             0x08009eac   Data           6  ethernet.o(.constdata)
    ethzero                                  0x08009eb2   Data           6  ethernet.o(.constdata)
    lwip_cyclic_timers                       0x08009eb8   Data          24  timeouts.o(.constdata)
    tcp_pcb_lists                            0x08009f14   Data          16  tcp.o(.constdata)
    ip_addr_any                              0x08009f24   Data           4  ip4_addr.o(.constdata)
    memp_UDP_PCB                             0x08009f28   Data          12  memp.o(.constdata)
    memp_TCP_PCB                             0x08009f34   Data          12  memp.o(.constdata)
    memp_TCP_PCB_LISTEN                      0x08009f40   Data          12  memp.o(.constdata)
    memp_TCP_SEG                             0x08009f4c   Data          12  memp.o(.constdata)
    memp_REASSDATA                           0x08009f58   Data          12  memp.o(.constdata)
    memp_FRAG_PBUF                           0x08009f64   Data          12  memp.o(.constdata)
    memp_NETBUF                              0x08009f70   Data          12  memp.o(.constdata)
    memp_NETCONN                             0x08009f7c   Data          12  memp.o(.constdata)
    memp_TCPIP_MSG_API                       0x08009f88   Data          12  memp.o(.constdata)
    memp_TCPIP_MSG_INPKT                     0x08009f94   Data          12  memp.o(.constdata)
    memp_SYS_TIMEOUT                         0x08009fa0   Data          12  memp.o(.constdata)
    memp_PBUF                                0x08009fac   Data          12  memp.o(.constdata)
    memp_PBUF_POOL                           0x08009fb8   Data          12  memp.o(.constdata)
    memp_pools                               0x08009fc4   Data          52  memp.o(.constdata)
    os_mutex_def_lwip_sys_mutex              0x08009ff8   Data           4  sys_arch.o(.constdata)
    Region$$Table$$Base                      0x0800a098   Number         0  anon$$obj.o(Region$$Table)
    Region$$Table$$Limit                     0x0800a0b8   Number         0  anon$$obj.o(Region$$Table)
    pxCurrentTCB                             0x20000024   Data           4  tasks.o(.data)
    uwTick                                   0x20000060   Data           4  stm32f7xx_hal.o(.data)
    SystemCoreClock                          0x20000064   Data           4  system_stm32f7xx.o(.data)
    s_xSemaphore                             0x2000006c   Data           4  ethernetif.o(.data)
    retSD                                    0x20000070   Data           1  fatfs.o(.data)
    SD_Path                                  0x20000071   Data           4  fatfs.o(.data)
    defaultTaskHandle                        0x20000078   Data           4  freertos.o(.data)
    ipaddr                                   0x2000007c   Data           4  lwip.o(.data)
    netmask                                  0x20000080   Data           4  lwip.o(.data)
    gw                                       0x20000084   Data           4  lwip.o(.data)
    IP_ADDRESS                               0x20000088   Data           4  lwip.o(.data)
    NETMASK_ADDRESS                          0x2000008c   Data           4  lwip.o(.data)
    GATEWAY_ADDRESS                          0x20000090   Data           4  lwip.o(.data)
    udp_pcbs                                 0x20000098   Data           4  udp.o(.data)
    lock_tcpip_core                          0x200000a8   Data           4  tcpip.o(.data)
    tcp_input_pcb                            0x200000cc   Data           4  tcp_in.o(.data)
    tcp_active_pcbs_changed                  0x200000dc   Data           1  tcp.o(.data)
    tcp_ticks                                0x200000e8   Data           4  tcp.o(.data)
    tcp_bound_pcbs                           0x200000ec   Data           4  tcp.o(.data)
    tcp_listen_pcbs                          0x200000f0   Data           4  tcp.o(.data)
    tcp_active_pcbs                          0x200000f4   Data           4  tcp.o(.data)
    tcp_tw_pcbs                              0x200000f8   Data           4  tcp.o(.data)
    pbuf_free_ooseq_pending                  0x20000104   Data           1  pbuf.o(.data)
    lwip_sys_mutex                           0x20000140   Data           4  sys_arch.o(.data)
    netif_list                               0x20000158   Data           4  netif.o(.data)
    netif_default                            0x2000015c   Data           4  netif.o(.data)
    __stdout                                 0x20000160   Data           4  stdout.o(.data)
    disk                                     0x20003e54   Data          12  ff_gen_drv.o(.bss)
    hadc1                                    0x20003e60   Data          72  adc.o(.bss)
    hadc2                                    0x20003ea8   Data          72  adc.o(.bss)
    hi2c1                                    0x20003ef0   Data          76  i2c.o(.bss)
    hsd1                                     0x20003f3c   Data         132  sdmmc.o(.bss)
    DMARxDscrTab                             0x20003fc0   Data         128  ethernetif.o(.bss)
    DMATxDscrTab                             0x20004040   Data         128  ethernetif.o(.bss)
    Rx_Buff                                  0x200040c0   Data        6096  ethernetif.o(.bss)
    Tx_Buff                                  0x20005890   Data        6096  ethernetif.o(.bss)
    heth                                     0x20007060   Data          72  ethernetif.o(.bss)
    gnetif                                   0x200070a8   Data          48  lwip.o(.bss)
    huart2                                   0x200070d8   Data         112  usart.o(.bss)
    huart3                                   0x20007148   Data         112  usart.o(.bss)
    hcan1                                    0x200071b8   Data          68  can.o(.bss)
    htim14                                   0x200071fc   Data          64  stm32f7xx_hal_timebase_tim.o(.bss)
    ip_data                                  0x2000733c   Data          24  ip.o(.bss)
    memp_memory_UDP_PCB_base                 0x20007354   Data         131  memp.o(.bss)
    memp_memory_TCP_PCB_base                 0x200073d7   Data         763  memp.o(.bss)
    memp_memory_TCP_PCB_LISTEN_base          0x200076d2   Data         227  memp.o(.bss)
    memp_memory_TCP_SEG_base                 0x200077b5   Data         259  memp.o(.bss)
    memp_memory_REASSDATA_base               0x200078b8   Data         163  memp.o(.bss)
    memp_memory_FRAG_PBUF_base               0x2000795b   Data         363  memp.o(.bss)
    memp_memory_NETBUF_base                  0x20007ac6   Data          35  memp.o(.bss)
    memp_memory_NETCONN_base                 0x20007ae9   Data         179  memp.o(.bss)
    memp_memory_TCPIP_MSG_API_base           0x20007b9c   Data         131  memp.o(.bss)
    memp_memory_TCPIP_MSG_INPKT_base         0x20007c1f   Data         131  memp.o(.bss)
    memp_memory_SYS_TIMEOUT_base             0x20007ca2   Data          51  memp.o(.bss)
    memp_memory_PBUF_base                    0x20007cd5   Data         259  memp.o(.bss)
    memp_memory_PBUF_POOL_base               0x20007dd8   Data        9731  memp.o(.bss)
    ram_heap                                 0x2000a3db   Data        1619  mem.o(.bss)
    __initial_sp                             0x2000ae30   Data           0  startup_stm32f746xx.o(STACK)



==============================================================================

Memory Map of the image

  Image Entry point : 0x080001c9

  Load Region LR_IROM1 (Base: 0x08000000, Size: 0x0000a21c, Max: 0x00100000, ABSOLUTE, COMPRESSED[0x0000a0d0])

    Execution Region ER_IROM1 (Base: 0x08000000, Size: 0x0000a0b8, Max: 0x00100000, ABSOLUTE)

    Base Addr    Size         Type   Attr      Idx    E Section Name        Object

    0x08000000   0x000001c8   Data   RO         1127    RESET               startup_stm32f746xx.o
    0x080001c8   0x00000000   Code   RO        10059  * .ARM.Collect$$$$00000000  mc_w.l(entry.o)
    0x080001c8   0x00000004   Code   RO        10334    .ARM.Collect$$$$00000001  mc_w.l(entry2.o)
    0x080001cc   0x00000004   Code   RO        10337    .ARM.Collect$$$$00000004  mc_w.l(entry5.o)
    0x080001d0   0x00000000   Code   RO        10339    .ARM.Collect$$$$00000008  mc_w.l(entry7b.o)
    0x080001d0   0x00000000   Code   RO        10341    .ARM.Collect$$$$0000000A  mc_w.l(entry8b.o)
    0x080001d0   0x00000008   Code   RO        10342    .ARM.Collect$$$$0000000B  mc_w.l(entry9a.o)
    0x080001d8   0x00000000   Code   RO        10344    .ARM.Collect$$$$0000000D  mc_w.l(entry10a.o)
    0x080001d8   0x00000000   Code   RO        10346    .ARM.Collect$$$$0000000F  mc_w.l(entry11a.o)
    0x080001d8   0x00000004   Code   RO        10335    .ARM.Collect$$$$00002712  mc_w.l(entry2.o)
    0x080001dc   0x000000ba   Code   RO          284    .emb_text           port.o
    0x08000296   0x00000002   PAD
    0x08000298   0x00000024   Code   RO         1128    .text               startup_stm32f746xx.o
    0x080002bc   0x00000024   Code   RO        10062    .text               mc_w.l(memcpya.o)
    0x080002e0   0x00000024   Code   RO        10064    .text               mc_w.l(memseta.o)
    0x08000304   0x0000001a   Code   RO        10068    .text               mc_w.l(memcmp.o)
    0x0800031e   0x00000002   PAD
    0x08000320   0x00000024   Code   RO        10366    .text               mc_w.l(init.o)
    0x08000344   0x00000000   Code   RO        10368    .text               mc_w.l(semi.o)
    0x08000344   0x00000000   Code   RO        10375    .text               mc_w.l(iusesemip.o)
    0x08000344   0x0000003a   Code   RO        10386    .text               mc_w.l(__dczerorl.o)
    0x0800037e   0x00000002   PAD
    0x08000380   0x00000138   Code   RO         3184    i.ADC_Init          stm32f7xx_hal_adc.o
    0x080004b8   0x0000000c   Code   RO         6217    i.BSP_SD_GetCardInfo  bsp_driver_sd.o
    0x080004c4   0x00000018   Code   RO         6218    i.BSP_SD_GetCardState  bsp_driver_sd.o
    0x080004dc   0x00000034   Code   RO         6220    i.BSP_SD_Init       bsp_driver_sd.o
    0x08000510   0x00000020   Code   RO         6222    i.BSP_SD_ReadBlocks  bsp_driver_sd.o
    0x08000530   0x00000020   Code   RO         6224    i.BSP_SD_WriteBlocks  bsp_driver_sd.o
    0x08000550   0x0000002e   Code   RO         1364    i.ETH_FlushTransmitFIFO  stm32f7xx_hal_eth.o
    0x0800057e   0x00000002   PAD
    0x08000580   0x0000000c   Code   RO         6152    i.ETH_IRQHandler    stm32f7xx_it.o
    0x0800058c   0x00000124   Code   RO         1365    i.ETH_MACDMAConfig  stm32f7xx_hal_eth.o
    0x080006b0   0x00000006   Code   RO         5086    i.FATFS_LinkDriver  ff_gen_drv.o
    0x080006b6   0x00000002   PAD
    0x080006b8   0x00000040   Code   RO         5087    i.FATFS_LinkDriverEx  ff_gen_drv.o
    0x080006f8   0x00000164   Code   RO         3186    i.HAL_ADC_ConfigChannel  stm32f7xx_hal_adc.o
    0x0800085c   0x00000054   Code   RO         3195    i.HAL_ADC_Init      stm32f7xx_hal_adc.o
    0x080008b0   0x0000005c   Code   RO         5599    i.HAL_ADC_MspInit   adc.o
    0x0800090c   0x0000014a   Code   RO         3063    i.HAL_CAN_Init      stm32f7xx_hal_can.o
    0x08000a56   0x00000002   PAD
    0x08000a58   0x00000048   Code   RO         6295    i.HAL_CAN_MspInit   can.o
    0x08000aa0   0x00000016   Code   RO         1654    i.HAL_Delay         stm32f7xx_hal.o
    0x08000ab6   0x00000074   Code   RO         1368    i.HAL_ETH_DMARxDescListInit  stm32f7xx_hal_eth.o
    0x08000b2a   0x00000002   PAD
    0x08000b2c   0x00000084   Code   RO         1369    i.HAL_ETH_DMATxDescListInit  stm32f7xx_hal_eth.o
    0x08000bb0   0x00000002   Code   RO         1371    i.HAL_ETH_ErrorCallback  stm32f7xx_hal_eth.o
    0x08000bb2   0x0000008c   Code   RO         1373    i.HAL_ETH_GetReceivedFrame_IT  stm32f7xx_hal_eth.o
    0x08000c3e   0x00000076   Code   RO         1375    i.HAL_ETH_IRQHandler  stm32f7xx_hal_eth.o
    0x08000cb4   0x000001f0   Code   RO         1376    i.HAL_ETH_Init      stm32f7xx_hal_eth.o
    0x08000ea4   0x000000ac   Code   RO         5752    i.HAL_ETH_MspInit   ethernetif.o
    0x08000f50   0x00000086   Code   RO         1379    i.HAL_ETH_ReadPHYRegister  stm32f7xx_hal_eth.o
    0x08000fd6   0x00000002   PAD
    0x08000fd8   0x0000000c   Code   RO         5753    i.HAL_ETH_RxCpltCallback  ethernetif.o
    0x08000fe4   0x00000084   Code   RO         1381    i.HAL_ETH_Start     stm32f7xx_hal_eth.o
    0x08001068   0x00000112   Code   RO         1383    i.HAL_ETH_TransmitFrame  stm32f7xx_hal_eth.o
    0x0800117a   0x00000002   Code   RO         1384    i.HAL_ETH_TxCpltCallback  stm32f7xx_hal_eth.o
    0x0800117c   0x0000007a   Code   RO         1385    i.HAL_ETH_WritePHYRegister  stm32f7xx_hal_eth.o
    0x080011f6   0x00000002   PAD
    0x080011f8   0x000001d8   Code   RO         2086    i.HAL_GPIO_Init     stm32f7xx_hal_gpio.o
    0x080013d0   0x00000008   Code   RO         2089    i.HAL_GPIO_TogglePin  stm32f7xx_hal_gpio.o
    0x080013d8   0x0000000a   Code   RO         2090    i.HAL_GPIO_WritePin  stm32f7xx_hal_gpio.o
    0x080013e2   0x00000002   PAD
    0x080013e4   0x0000000c   Code   RO         1662    i.HAL_GetTick       stm32f7xx_hal.o
    0x080013f0   0x00000058   Code   RO         1842    i.HAL_I2CEx_ConfigAnalogFilter  stm32f7xx_hal_i2c_ex.o
    0x08001448   0x00000054   Code   RO         1843    i.HAL_I2CEx_ConfigDigitalFilter  stm32f7xx_hal_i2c_ex.o
    0x0800149c   0x000000b8   Code   RO         3861    i.HAL_I2C_Init      stm32f7xx_hal_i2c.o
    0x08001554   0x00000048   Code   RO         5650    i.HAL_I2C_MspInit   i2c.o
    0x0800159c   0x00000010   Code   RO         1663    i.HAL_IncTick       stm32f7xx_hal.o
    0x080015ac   0x00000016   Code   RO         1664    i.HAL_Init          stm32f7xx_hal.o
    0x080015c2   0x00000002   PAD
    0x080015c4   0x00000074   Code   RO         6429    i.HAL_InitTick      stm32f7xx_hal_timebase_tim.o
    0x08001638   0x00000058   Code   RO         6192    i.HAL_MspInit       stm32f7xx_hal_msp.o
    0x08001690   0x00000016   Code   RO         1517    i.HAL_NVIC_EnableIRQ  stm32f7xx_hal_cortex.o
    0x080016a6   0x00000002   PAD
    0x080016a8   0x00000040   Code   RO         1523    i.HAL_NVIC_SetPriority  stm32f7xx_hal_cortex.o
    0x080016e8   0x00000024   Code   RO         1524    i.HAL_NVIC_SetPriorityGrouping  stm32f7xx_hal_cortex.o
    0x0800170c   0x0000006c   Code   RO         4894    i.HAL_PWREx_EnableOverDrive  stm32f7xx_hal_pwr_ex.o
    0x08001778   0x000006b4   Code   RO         1808    i.HAL_RCCEx_PeriphCLKConfig  stm32f7xx_hal_rcc_ex.o
    0x08001e2c   0x00000164   Code   RO         4558    i.HAL_RCC_ClockConfig  stm32f7xx_hal_rcc.o
    0x08001f90   0x00000040   Code   RO         4562    i.HAL_RCC_GetClockConfig  stm32f7xx_hal_rcc.o
    0x08001fd0   0x0000000c   Code   RO         4563    i.HAL_RCC_GetHCLKFreq  stm32f7xx_hal_rcc.o
    0x08001fdc   0x00000030   Code   RO         4565    i.HAL_RCC_GetPCLK1Freq  stm32f7xx_hal_rcc.o
    0x0800200c   0x00000030   Code   RO         4566    i.HAL_RCC_GetPCLK2Freq  stm32f7xx_hal_rcc.o
    0x0800203c   0x00000080   Code   RO         4567    i.HAL_RCC_GetSysClockFreq  stm32f7xx_hal_rcc.o
    0x080020bc   0x0000035c   Code   RO         4570    i.HAL_RCC_OscConfig  stm32f7xx_hal_rcc.o
    0x08002418   0x00000078   Code   RO         3354    i.HAL_SD_ConfigWideBusOperation  stm32f7xx_hal_sd.o
    0x08002490   0x000001fa   Code   RO         3359    i.HAL_SD_GetCardCSD  stm32f7xx_hal_sd.o
    0x0800268a   0x00000024   Code   RO         3360    i.HAL_SD_GetCardInfo  stm32f7xx_hal_sd.o
    0x080026ae   0x0000002c   Code   RO         3361    i.HAL_SD_GetCardState  stm32f7xx_hal_sd.o
    0x080026da   0x00000036   Code   RO         3366    i.HAL_SD_Init       stm32f7xx_hal_sd.o
    0x08002710   0x0000005c   Code   RO         3367    i.HAL_SD_InitCard   stm32f7xx_hal_sd.o
    0x0800276c   0x00000058   Code   RO         5710    i.HAL_SD_MspInit    sdmmc.o
    0x080027c4   0x000001b0   Code   RO         3370    i.HAL_SD_ReadBlocks  stm32f7xx_hal_sd.o
    0x08002974   0x000001a2   Code   RO         3375    i.HAL_SD_WriteBlocks  stm32f7xx_hal_sd.o
    0x08002b16   0x00000018   Code   RO         1526    i.HAL_SYSTICK_CLKSourceConfig  stm32f7xx_hal_cortex.o
    0x08002b2e   0x00000026   Code   RO         1528    i.HAL_SYSTICK_Config  stm32f7xx_hal_cortex.o
    0x08002b54   0x00000002   Code   RO         2149    i.HAL_TIMEx_BreakCallback  stm32f7xx_hal_tim_ex.o
    0x08002b56   0x00000002   Code   RO         2150    i.HAL_TIMEx_CommutationCallback  stm32f7xx_hal_tim_ex.o
    0x08002b58   0x00000036   Code   RO         2424    i.HAL_TIM_Base_Init  stm32f7xx_hal_tim.o
    0x08002b8e   0x00000002   Code   RO         2426    i.HAL_TIM_Base_MspInit  stm32f7xx_hal_tim.o
    0x08002b90   0x00000018   Code   RO         2429    i.HAL_TIM_Base_Start_IT  stm32f7xx_hal_tim.o
    0x08002ba8   0x00000002   Code   RO         2453    i.HAL_TIM_IC_CaptureCallback  stm32f7xx_hal_tim.o
    0x08002baa   0x0000017e   Code   RO         2466    i.HAL_TIM_IRQHandler  stm32f7xx_hal_tim.o
    0x08002d28   0x00000002   Code   RO         2469    i.HAL_TIM_OC_DelayElapsedCallback  stm32f7xx_hal_tim.o
    0x08002d2a   0x00000002   Code   RO         2496    i.HAL_TIM_PWM_PulseFinishedCallback  stm32f7xx_hal_tim.o
    0x08002d2c   0x00000014   Code   RO         6336    i.HAL_TIM_PeriodElapsedCallback  main.o
    0x08002d40   0x00000002   Code   RO         2507    i.HAL_TIM_TriggerCallback  stm32f7xx_hal_tim.o
    0x08002d42   0x0000006a   Code   RO         4297    i.HAL_UART_Init     stm32f7xx_hal_uart.o
    0x08002dac   0x00000080   Code   RO         6105    i.HAL_UART_MspInit  usart.o
    0x08002e2c   0x0000006c   Code   RO         5600    i.MX_ADC1_Init      adc.o
    0x08002e98   0x0000006c   Code   RO         5601    i.MX_ADC2_Init      adc.o
    0x08002f04   0x00000054   Code   RO         6296    i.MX_CAN1_Init      can.o
    0x08002f58   0x0000001c   Code   RO         5942    i.MX_FATFS_Init     fatfs.o
    0x08002f74   0x00000028   Code   RO         6003    i.MX_FREERTOS_Init  freertos.o
    0x08002f9c   0x00000118   Code   RO         5982    i.MX_GPIO_Init      gpio.o
    0x080030b4   0x00000074   Code   RO         5653    i.MX_I2C1_Init      i2c.o
    0x08003128   0x000000a8   Code   RO         6029    i.MX_LWIP_Init      lwip.o
    0x080031d0   0x00000020   Code   RO         5711    i.MX_SDMMC1_SD_Init  sdmmc.o
    0x080031f0   0x00000050   Code   RO         6106    i.MX_USART2_UART_Init  usart.o
    0x08003240   0x00000050   Code   RO         6107    i.MX_USART3_UART_Init  usart.o
    0x08003290   0x00000022   Code   RO         1530    i.NVIC_SetPriority  stm32f7xx_hal_cortex.o
    0x080032b2   0x00000032   Code   RO         3586    i.SDMMC_CmdAppCommand  stm32f7xx_ll_sdmmc.o
    0x080032e4   0x00000034   Code   RO         3587    i.SDMMC_CmdAppOperCommand  stm32f7xx_ll_sdmmc.o
    0x08003318   0x00000032   Code   RO         3588    i.SDMMC_CmdBlockLength  stm32f7xx_ll_sdmmc.o
    0x0800334a   0x00000032   Code   RO         3589    i.SDMMC_CmdBusWidth  stm32f7xx_ll_sdmmc.o
    0x0800337c   0x00000050   Code   RO         3593    i.SDMMC_CmdGoIdleState  stm32f7xx_ll_sdmmc.o
    0x080033cc   0x00000064   Code   RO         3595    i.SDMMC_CmdOperCond  stm32f7xx_ll_sdmmc.o
    0x08003430   0x00000032   Code   RO         3596    i.SDMMC_CmdReadMultiBlock  stm32f7xx_ll_sdmmc.o
    0x08003462   0x00000032   Code   RO         3597    i.SDMMC_CmdReadSingleBlock  stm32f7xx_ll_sdmmc.o
    0x08003494   0x00000030   Code   RO         3600    i.SDMMC_CmdSelDesel  stm32f7xx_ll_sdmmc.o
    0x080034c4   0x0000002a   Code   RO         3601    i.SDMMC_CmdSendCID  stm32f7xx_ll_sdmmc.o
    0x080034ee   0x0000002e   Code   RO         3602    i.SDMMC_CmdSendCSD  stm32f7xx_ll_sdmmc.o
    0x0800351c   0x00000030   Code   RO         3603    i.SDMMC_CmdSendSCR  stm32f7xx_ll_sdmmc.o
    0x0800354c   0x00000032   Code   RO         3604    i.SDMMC_CmdSendStatus  stm32f7xx_ll_sdmmc.o
    0x0800357e   0x00000030   Code   RO         3605    i.SDMMC_CmdSetRelAdd  stm32f7xx_ll_sdmmc.o
    0x080035ae   0x00000002   PAD
    0x080035b0   0x00000034   Code   RO         3607    i.SDMMC_CmdStopTransfer  stm32f7xx_ll_sdmmc.o
    0x080035e4   0x00000032   Code   RO         3609    i.SDMMC_CmdWriteMultiBlock  stm32f7xx_ll_sdmmc.o
    0x08003616   0x00000032   Code   RO         3610    i.SDMMC_CmdWriteSingleBlock  stm32f7xx_ll_sdmmc.o
    0x08003648   0x00000026   Code   RO         3611    i.SDMMC_ConfigData  stm32f7xx_ll_sdmmc.o
    0x0800366e   0x00000002   PAD
    0x08003670   0x0000011c   Code   RO         3612    i.SDMMC_GetCmdResp1  stm32f7xx_ll_sdmmc.o
    0x0800378c   0x00000050   Code   RO         3613    i.SDMMC_GetCmdResp2  stm32f7xx_ll_sdmmc.o
    0x080037dc   0x00000040   Code   RO         3614    i.SDMMC_GetCmdResp3  stm32f7xx_ll_sdmmc.o
    0x0800381c   0x00000084   Code   RO         3615    i.SDMMC_GetCmdResp6  stm32f7xx_ll_sdmmc.o
    0x080038a0   0x00000008   Code   RO         3619    i.SDMMC_GetPowerState  stm32f7xx_ll_sdmmc.o
    0x080038a8   0x0000000c   Code   RO         3620    i.SDMMC_GetResponse  stm32f7xx_ll_sdmmc.o
    0x080038b4   0x00000022   Code   RO         3621    i.SDMMC_Init        stm32f7xx_ll_sdmmc.o
    0x080038d6   0x00000008   Code   RO         3623    i.SDMMC_PowerState_ON  stm32f7xx_ll_sdmmc.o
    0x080038de   0x00000006   Code   RO         3624    i.SDMMC_ReadFIFO    stm32f7xx_ll_sdmmc.o
    0x080038e4   0x00000022   Code   RO         3625    i.SDMMC_SendCommand  stm32f7xx_ll_sdmmc.o
    0x08003906   0x0000000a   Code   RO         3627    i.SDMMC_WriteFIFO   stm32f7xx_ll_sdmmc.o
    0x08003910   0x000000d6   Code   RO         3383    i.SD_FindSCR        stm32f7xx_hal_sd.o
    0x080039e6   0x000000e6   Code   RO         3384    i.SD_InitCard       stm32f7xx_hal_sd.o
    0x08003acc   0x000000a6   Code   RO         3385    i.SD_PowerON        stm32f7xx_hal_sd.o
    0x08003b72   0x0000004e   Code   RO         3387    i.SD_WideBus_Disable  stm32f7xx_hal_sd.o
    0x08003bc0   0x0000004e   Code   RO         3388    i.SD_WideBus_Enable  stm32f7xx_hal_sd.o
    0x08003c0e   0x00000002   PAD
    0x08003c10   0x00000020   Code   RO         5542    i.SD_initialize     sd_diskio.o
    0x08003c30   0x00000058   Code   RO         5543    i.SD_ioctl          sd_diskio.o
    0x08003c88   0x0000003c   Code   RO         5544    i.SD_read           sd_diskio.o
    0x08003cc4   0x00000020   Code   RO         5545    i.SD_status         sd_diskio.o
    0x08003ce4   0x0000003c   Code   RO         5546    i.SD_write          sd_diskio.o
    0x08003d20   0x00000010   Code   RO         6004    i.StartDefaultTask  freertos.o
    0x08003d30   0x00000004   Code   RO         6153    i.SysTick_Handler   stm32f7xx_it.o
    0x08003d34   0x000000e0   Code   RO         6337    i.SystemClock_Config  main.o
    0x08003e14   0x00000054   Code   RO         4981    i.SystemInit        system_stm32f7xx.o
    0x08003e68   0x0000000c   Code   RO         6154    i.TIM8_TRG_COM_TIM14_IRQHandler  stm32f7xx_it.o
    0x08003e74   0x000000cc   Code   RO         2508    i.TIM_Base_SetConfig  stm32f7xx_hal_tim.o
    0x08003f40   0x000000c8   Code   RO         4310    i.UART_AdvFeatureConfig  stm32f7xx_hal_uart.o
    0x08004008   0x00000040   Code   RO         4311    i.UART_CheckIdleState  stm32f7xx_hal_uart.o
    0x08004048   0x00000258   Code   RO         4321    i.UART_SetConfig    stm32f7xx_hal_uart.o
    0x080042a0   0x00000064   Code   RO         4322    i.UART_WaitOnFlagUntilTimeout  stm32f7xx_hal_uart.o
    0x08004304   0x00000020   Code   RO         6338    i._Error_Handler    main.o
    0x08004324   0x00000010   Code   RO        10075    i.__0printf$bare    mc_w.l(printfb.o)
    0x08004334   0x0000000e   Code   RO        10380    i.__scatterload_copy  mc_w.l(handlers.o)
    0x08004342   0x00000002   Code   RO        10381    i.__scatterload_null  mc_w.l(handlers.o)
    0x08004344   0x0000000e   Code   RO        10382    i.__scatterload_zeroinit  mc_w.l(handlers.o)
    0x08004352   0x00000022   Code   RO        10082    i._printf_core      mc_w.l(printfb.o)
    0x08004374   0x0000001c   Code   RO         6339    i.blinkThread       main.o
    0x08004390   0x0000001c   Code   RO         7368    i.cyclic_timer      timeouts.o
    0x080043ac   0x0000001c   Code   RO         9143    i.do_memp_free_pool  memp.o
    0x080043c8   0x00000022   Code   RO         9144    i.do_memp_malloc_pool  memp.o
    0x080043ea   0x00000002   PAD
    0x080043ec   0x00000030   Code   RO         8442    i.etharp_cleanup_netif  etharp.o
    0x0800441c   0x000000dc   Code   RO         8444    i.etharp_find_entry  etharp.o
    0x080044f8   0x00000024   Code   RO         8445    i.etharp_free_entry  etharp.o
    0x0800451c   0x000000a0   Code   RO         8447    i.etharp_input      etharp.o
    0x080045bc   0x000000e8   Code   RO         8448    i.etharp_output     etharp.o
    0x080046a4   0x00000060   Code   RO         8449    i.etharp_output_to_arp_index  etharp.o
    0x08004704   0x000000f0   Code   RO         8450    i.etharp_query      etharp.o
    0x080047f4   0x00000088   Code   RO         8451    i.etharp_raw        etharp.o
    0x0800487c   0x0000000c   Code   RO         8452    i.etharp_request    etharp.o
    0x08004888   0x00000020   Code   RO         8453    i.etharp_request_dst  etharp.o
    0x080048a8   0x00000060   Code   RO         8454    i.etharp_tmr        etharp.o
    0x08004908   0x00000080   Code   RO         8455    i.etharp_update_arp_entry  etharp.o
    0x08004988   0x000000a0   Code   RO         6490    i.ethernet_input    ethernet.o
    0x08004a28   0x0000004a   Code   RO         6491    i.ethernet_output   ethernet.o
    0x08004a72   0x00000002   PAD
    0x08004a74   0x00000028   Code   RO         5754    i.ethernetif_init   ethernetif.o
    0x08004a9c   0x00000034   Code   RO         5755    i.ethernetif_input  ethernetif.o
    0x08004ad0   0x00000012   Code   RO        10348    i.fputc             mc_w.l(fputc.o)
    0x08004ae2   0x00000008   Code   RO         6540    i.icmp_dest_unreach  icmp.o
    0x08004aea   0x00000002   PAD
    0x08004aec   0x000000f8   Code   RO         6541    i.icmp_input        icmp.o
    0x08004be4   0x0000006c   Code   RO         6542    i.icmp_send_response  icmp.o
    0x08004c50   0x00000008   Code   RO         6543    i.icmp_time_exceeded  icmp.o
    0x08004c58   0x0000000c   Code   RO          364    i.inHandlerMode     cmsis_os.o
    0x08004c64   0x0000002e   Code   RO         9023    i.ip4_addr_isbroadcast_u32  ip4_addr.o
    0x08004c92   0x00000002   PAD
    0x08004c94   0x00000160   Code   RO         7855    i.ip4_frag          ip4_frag.o
    0x08004df4   0x0000019c   Code   RO         8367    i.ip4_input         ip4.o
    0x08004f90   0x0000001e   Code   RO         8369    i.ip4_output_if     ip4.o
    0x08004fae   0x00000002   PAD
    0x08004fb0   0x000000ac   Code   RO         8370    i.ip4_output_if_src  ip4.o
    0x0800505c   0x00000194   Code   RO         7856    i.ip4_reass         ip4_frag.o
    0x080051f0   0x0000005c   Code   RO         8371    i.ip4_route         ip4.o
    0x0800524c   0x00000008   Code   RO         7857    i.ip_frag_free_pbuf_custom_ref  ip4_frag.o
    0x08005254   0x000000f0   Code   RO         7858    i.ip_reass_chain_frag_into_datagram_and_validate  ip4_frag.o
    0x08005344   0x00000024   Code   RO         7859    i.ip_reass_dequeue_datagram  ip4_frag.o
    0x08005368   0x00000070   Code   RO         7860    i.ip_reass_free_complete_datagram  ip4_frag.o
    0x080053d8   0x00000080   Code   RO         7861    i.ip_reass_remove_oldest_datagram  ip4_frag.o
    0x08005458   0x0000002c   Code   RO         7862    i.ip_reass_tmr      ip4_frag.o
    0x08005484   0x00000016   Code   RO         7863    i.ipfrag_free_pbuf_custom  ip4_frag.o
    0x0800549a   0x00000002   PAD
    0x0800549c   0x0000011c   Code   RO         5756    i.low_level_init    ethernetif.o
    0x080055b8   0x000000c4   Code   RO         5757    i.low_level_input   ethernetif.o
    0x0800567c   0x000000b0   Code   RO         5758    i.low_level_output  ethernetif.o
    0x0800572c   0x00000004   Code   RO         7764    i.lwip_htonl        def.o
    0x08005730   0x00000004   Code   RO         7765    i.lwip_htons        def.o
    0x08005734   0x00000022   Code   RO         9882    i.lwip_init         init.o
    0x08005756   0x00000002   PAD
    0x08005758   0x00000054   Code   RO         6340    i.main              main.o
    0x080057ac   0x0000000e   Code   RO          366    i.makeFreeRtosPriority  cmsis_os.o
    0x080057ba   0x00000002   PAD
    0x080057bc   0x00000050   Code   RO         9657    i.mem_free          mem.o
    0x0800580c   0x0000003c   Code   RO         9658    i.mem_init          mem.o
    0x08005848   0x000000d4   Code   RO         9659    i.mem_malloc        mem.o
    0x0800591c   0x000000ec   Code   RO         9660    i.mem_trim          mem.o
    0x08005a08   0x00000018   Code   RO         9145    i.memp_free         memp.o
    0x08005a20   0x00000020   Code   RO         9147    i.memp_init         memp.o
    0x08005a40   0x0000002a   Code   RO         9148    i.memp_init_pool    memp.o
    0x08005a6a   0x00000002   PAD
    0x08005a6c   0x00000018   Code   RO         9149    i.memp_malloc       memp.o
    0x08005a84   0x00000054   Code   RO         9948    i.netif_add         netif.o
    0x08005ad8   0x00000002   Code   RO         9950    i.netif_init        netif.o
    0x08005ada   0x0000001a   Code   RO         9952    i.netif_issue_reports  netif.o
    0x08005af4   0x00000048   Code   RO         9954    i.netif_set_addr    netif.o
    0x08005b3c   0x0000000c   Code   RO         9955    i.netif_set_default  netif.o
    0x08005b48   0x0000001a   Code   RO         9956    i.netif_set_down    netif.o
    0x08005b62   0x00000008   Code   RO         9957    i.netif_set_gw      netif.o
    0x08005b6a   0x00000002   PAD
    0x08005b6c   0x00000040   Code   RO         9958    i.netif_set_ipaddr  netif.o
    0x08005bac   0x00000008   Code   RO         9961    i.netif_set_netmask  netif.o
    0x08005bb4   0x0000001c   Code   RO         9962    i.netif_set_up      netif.o
    0x08005bd0   0x0000000e   Code   RO          368    i.osDelay           cmsis_os.o
    0x08005bde   0x0000000a   Code   RO          371    i.osKernelStart     cmsis_os.o
    0x08005be8   0x00000018   Code   RO          372    i.osKernelSysTick   cmsis_os.o
    0x08005c00   0x0000000a   Code   RO          380    i.osMessageCreate   cmsis_os.o
    0x08005c0a   0x00000002   PAD
    0x08005c0c   0x00000098   Code   RO          382    i.osMessageGet      cmsis_os.o
    0x08005ca4   0x0000005c   Code   RO          384    i.osMessagePut      cmsis_os.o
    0x08005d00   0x00000006   Code   RO          386    i.osMutexCreate     cmsis_os.o
    0x08005d06   0x00000002   PAD
    0x08005d08   0x00000050   Code   RO          388    i.osMutexRelease    cmsis_os.o
    0x08005d58   0x0000006c   Code   RO          389    i.osMutexWait       cmsis_os.o
    0x08005dc4   0x00000026   Code   RO          397    i.osSemaphoreCreate  cmsis_os.o
    0x08005dea   0x00000002   PAD
    0x08005dec   0x00000050   Code   RO          400    i.osSemaphoreRelease  cmsis_os.o
    0x08005e3c   0x0000006c   Code   RO          401    i.osSemaphoreWait   cmsis_os.o
    0x08005ea8   0x00000014   Code   RO          404    i.osSystickHandler  cmsis_os.o
    0x08005ebc   0x0000002e   Code   RO          405    i.osThreadCreate    cmsis_os.o
    0x08005eea   0x0000011c   Code   RO         8173    i.pbuf_alloc        pbuf.o
    0x08006006   0x00000052   Code   RO         8174    i.pbuf_alloced_custom  pbuf.o
    0x08006058   0x00000028   Code   RO         8175    i.pbuf_cat          pbuf.o
    0x08006080   0x00000012   Code   RO         8177    i.pbuf_clen         pbuf.o
    0x08006092   0x0000009a   Code   RO         8179    i.pbuf_copy         pbuf.o
    0x0800612c   0x00000066   Code   RO         8180    i.pbuf_copy_partial  pbuf.o
    0x08006192   0x00000062   Code   RO         8182    i.pbuf_free         pbuf.o
    0x080061f4   0x00000034   Code   RO         8183    i.pbuf_free_ooseq_callback  pbuf.o
    0x08006228   0x00000006   Code   RO         8185    i.pbuf_header       pbuf.o
    0x0800622e   0x00000006   Code   RO         8186    i.pbuf_header_force  pbuf.o
    0x08006234   0x00000064   Code   RO         8187    i.pbuf_header_impl  pbuf.o
    0x08006298   0x00000040   Code   RO         8190    i.pbuf_pool_is_empty  pbuf.o
    0x080062d8   0x00000054   Code   RO         8192    i.pbuf_realloc      pbuf.o
    0x0800632c   0x0000001a   Code   RO         8193    i.pbuf_ref          pbuf.o
    0x08006346   0x00000002   PAD
    0x08006348   0x00000054   Code   RO         9661    i.plug_holes        mem.o
    0x0800639c   0x00000070   Code   RO          846    i.prvAddCurrentTaskToDelayedList  tasks.o
    0x0800640c   0x000000d0   Code   RO          847    i.prvAddNewTaskToReadyList  tasks.o
    0x080064dc   0x00000050   Code   RO          848    i.prvCheckTasksWaitingTermination  tasks.o
    0x0800652c   0x00000026   Code   RO          115    i.prvCopyDataFromQueue  queue.o
    0x08006552   0x0000006c   Code   RO          116    i.prvCopyDataToQueue  queue.o
    0x080065be   0x00000014   Code   RO          849    i.prvDeleteTCB      tasks.o
    0x080065d2   0x00000002   PAD
    0x080065d4   0x00000050   Code   RO          742    i.prvHeapInit       heap_4.o
    0x08006624   0x00000028   Code   RO          850    i.prvIdleTask       tasks.o
    0x0800664c   0x00000092   Code   RO          851    i.prvInitialiseNewTask  tasks.o
    0x080066de   0x00000002   PAD
    0x080066e0   0x0000004c   Code   RO          743    i.prvInsertBlockIntoFreeList  heap_4.o
    0x0800672c   0x0000001c   Code   RO          117    i.prvIsQueueEmpty   queue.o
    0x08006748   0x00000020   Code   RO          852    i.prvResetNextTaskUnblockTime  tasks.o
    0x08006768   0x00000030   Code   RO          285    i.prvTaskExitError  port.o
    0x08006798   0x0000006a   Code   RO          118    i.prvUnlockQueue    queue.o
    0x08006802   0x00000002   PAD
    0x08006804   0x000000e4   Code   RO          744    i.pvPortMalloc      heap_4.o
    0x080068e8   0x00000018   Code   RO          854    i.pvTaskIncrementMutexHeldCount  tasks.o
    0x08006900   0x00000030   Code   RO          286    i.pxPortInitialiseStack  port.o
    0x08006930   0x00000046   Code   RO         9286    i.sys_arch_mbox_fetch  sys_arch.o
    0x08006976   0x00000002   PAD
    0x08006978   0x00000018   Code   RO         9288    i.sys_arch_protect  sys_arch.o
    0x08006990   0x0000000c   Code   RO         9290    i.sys_arch_unprotect  sys_arch.o
    0x0800699c   0x00000058   Code   RO         7369    i.sys_check_timeouts  timeouts.o
    0x080069f4   0x00000018   Code   RO         9291    i.sys_init          sys_arch.o
    0x08006a0c   0x00000028   Code   RO         9293    i.sys_mbox_new      sys_arch.o
    0x08006a34   0x0000001a   Code   RO         9294    i.sys_mbox_post     sys_arch.o
    0x08006a4e   0x00000014   Code   RO         9296    i.sys_mbox_trypost  sys_arch.o
    0x08006a62   0x0000000a   Code   RO         9297    i.sys_mbox_valid    sys_arch.o
    0x08006a6c   0x0000000a   Code   RO         9299    i.sys_mutex_lock    sys_arch.o
    0x08006a76   0x0000001c   Code   RO         9300    i.sys_mutex_new     sys_arch.o
    0x08006a92   0x00000006   Code   RO         9301    i.sys_mutex_unlock  sys_arch.o
    0x08006a98   0x00000004   Code   RO         5760    i.sys_now           ethernetif.o
    0x08006a9c   0x00000030   Code   RO         9307    i.sys_thread_new    sys_arch.o
    0x08006acc   0x00000090   Code   RO         7371    i.sys_timeout       timeouts.o
    0x08006b5c   0x00000034   Code   RO         7372    i.sys_timeouts_init  timeouts.o
    0x08006b90   0x00000048   Code   RO         7373    i.sys_timeouts_mbox_fetch  timeouts.o
    0x08006bd8   0x000000d8   Code   RO         7469    i.tcp_abandon       tcp.o
    0x08006cb0   0x00000006   Code   RO         7470    i.tcp_abort         tcp.o
    0x08006cb6   0x00000002   PAD
    0x08006cb8   0x00000110   Code   RO         7473    i.tcp_alloc         tcp.o
    0x08006dc8   0x00000014   Code   RO         7476    i.tcp_close         tcp.o
    0x08006ddc   0x00000164   Code   RO         7477    i.tcp_close_shutdown  tcp.o
    0x08006f40   0x00000098   Code   RO         6886    i.tcp_create_segment  tcp_out.o
    0x08006fd8   0x00000022   Code   RO         7480    i.tcp_eff_send_mss_impl  tcp.o
    0x08006ffa   0x00000096   Code   RO         6887    i.tcp_enqueue_flags  tcp_out.o
    0x08007090   0x00000058   Code   RO         7482    i.tcp_fasttmr       tcp.o
    0x080070e8   0x00000030   Code   RO         7184    i.tcp_getoptbyte    tcp_in.o
    0x08007118   0x00000002   Code   RO         7483    i.tcp_init          tcp.o
    0x0800711a   0x00000002   PAD
    0x0800711c   0x0000036c   Code   RO         7185    i.tcp_input         tcp_in.o
    0x08007488   0x00000052   Code   RO         6888    i.tcp_keepalive     tcp_out.o
    0x080074da   0x00000002   PAD
    0x080074dc   0x0000003c   Code   RO         7484    i.tcp_kill_state    tcp.o
    0x08007518   0x000000ec   Code   RO         7186    i.tcp_listen_input  tcp_in.o
    0x08007604   0x0000004c   Code   RO         7486    i.tcp_netif_ip_addr_changed  tcp.o
    0x08007650   0x00000022   Code   RO         7487    i.tcp_netif_ip_addr_changed_pcblist  tcp.o
    0x08007672   0x00000002   PAD
    0x08007674   0x00000010   Code   RO         7491    i.tcp_next_iss      tcp.o
    0x08007684   0x0000007c   Code   RO         7187    i.tcp_oos_insert_segment  tcp_in.o
    0x08007700   0x000001c8   Code   RO         6889    i.tcp_output        tcp_out.o
    0x080078c8   0x0000006c   Code   RO         6890    i.tcp_output_alloc_header  tcp_out.o
    0x08007934   0x000000b0   Code   RO         6891    i.tcp_output_segment  tcp_out.o
    0x080079e4   0x00000074   Code   RO         7188    i.tcp_parseopt      tcp_in.o
    0x08007a58   0x00000042   Code   RO         7492    i.tcp_pcb_purge     tcp.o
    0x08007a9a   0x00000050   Code   RO         7493    i.tcp_pcb_remove    tcp.o
    0x08007aea   0x00000002   PAD
    0x08007aec   0x00000374   Code   RO         7189    i.tcp_process       tcp_in.o
    0x08007e60   0x0000006c   Code   RO         7495    i.tcp_process_refused_data  tcp.o
    0x08007ecc   0x000006d4   Code   RO         7190    i.tcp_receive       tcp_in.o
    0x080085a0   0x00000024   Code   RO         7497    i.tcp_recv_null     tcp.o
    0x080085c4   0x00000042   Code   RO         7498    i.tcp_recved        tcp.o
    0x08008606   0x00000052   Code   RO         6893    i.tcp_rexmit        tcp_out.o
    0x08008658   0x0000005c   Code   RO         6894    i.tcp_rexmit_fast   tcp_out.o
    0x080086b4   0x0000002c   Code   RO         6895    i.tcp_rexmit_rto    tcp_out.o
    0x080086e0   0x00000080   Code   RO         6896    i.tcp_rst           tcp_out.o
    0x08008760   0x00000028   Code   RO         7499    i.tcp_seg_copy      tcp.o
    0x08008788   0x0000001c   Code   RO         7500    i.tcp_seg_free      tcp.o
    0x080087a4   0x00000012   Code   RO         7501    i.tcp_segs_free     tcp.o
    0x080087b6   0x00000072   Code   RO         6897    i.tcp_send_empty_ack  tcp_out.o
    0x08008828   0x00000044   Code   RO         6898    i.tcp_send_fin      tcp_out.o
    0x0800886c   0x00000284   Code   RO         7505    i.tcp_slowtmr       tcp.o
    0x08008af0   0x00000034   Code   RO         7375    i.tcp_timer_needed  timeouts.o
    0x08008b24   0x00000068   Code   RO         7191    i.tcp_timewait_input  tcp_in.o
    0x08008b8c   0x00000020   Code   RO         7506    i.tcp_tmr           tcp.o
    0x08008bac   0x00000010   Code   RO         7192    i.tcp_trigger_input_pcb_close  tcp_in.o
    0x08008bbc   0x00000036   Code   RO         7508    i.tcp_update_rcv_ann_wnd  tcp.o
    0x08008bf2   0x000000ae   Code   RO         6900    i.tcp_zero_window_probe  tcp_out.o
    0x08008ca0   0x00000054   Code   RO         7085    i.tcpip_callback_with_block  tcpip.o
    0x08008cf4   0x0000004c   Code   RO         7088    i.tcpip_init        tcpip.o
    0x08008d40   0x00000048   Code   RO         7089    i.tcpip_inpkt       tcpip.o
    0x08008d88   0x0000001c   Code   RO         7090    i.tcpip_input       tcpip.o
    0x08008da4   0x00000038   Code   RO         7376    i.tcpip_tcp_timer   timeouts.o
    0x08008ddc   0x0000006c   Code   RO         7092    i.tcpip_thread      tcpip.o
    0x08008e48   0x00000002   Code   RO         6665    i.udp_init          udp.o
    0x08008e4a   0x00000002   PAD
    0x08008e4c   0x00000124   Code   RO         6666    i.udp_input         udp.o
    0x08008f70   0x00000034   Code   RO         6667    i.udp_netif_ip_addr_changed  udp.o
    0x08008fa4   0x00000024   Code   RO          809    i.uxListRemove      list.o
    0x08008fc8   0x00000016   Code   RO          810    i.vListInitialise   list.o
    0x08008fde   0x00000006   Code   RO          811    i.vListInitialiseItem  list.o
    0x08008fe4   0x00000030   Code   RO          812    i.vListInsert       list.o
    0x08009014   0x00000018   Code   RO          813    i.vListInsertEnd    list.o
    0x0800902c   0x00000048   Code   RO          288    i.vPortEnterCritical  port.o
    0x08009074   0x0000002c   Code   RO          289    i.vPortExitCritical  port.o
    0x080090a0   0x00000064   Code   RO          745    i.vPortFree         heap_4.o
    0x08009104   0x00000020   Code   RO          290    i.vPortSetupTimerInterrupt  port.o
    0x08009124   0x0000005c   Code   RO          291    i.vPortValidateInterruptPriority  port.o
    0x08009180   0x00000050   Code   RO          860    i.vTaskDelay        tasks.o
    0x080091d0   0x0000000c   Code   RO          863    i.vTaskMissedYield  tasks.o
    0x080091dc   0x00000034   Code   RO          865    i.vTaskPlaceOnEventList  tasks.o
    0x08009210   0x00000088   Code   RO          867    i.vTaskPriorityInherit  tasks.o
    0x08009298   0x00000028   Code   RO          870    i.vTaskSetTimeOutState  tasks.o
    0x080092c0   0x00000070   Code   RO          871    i.vTaskStartScheduler  tasks.o
    0x08009330   0x00000010   Code   RO          873    i.vTaskSuspendAll   tasks.o
    0x08009340   0x00000060   Code   RO          874    i.vTaskSwitchContext  tasks.o
    0x080093a0   0x000000a8   Code   RO          292    i.xPortStartScheduler  port.o
    0x08009448   0x00000030   Code   RO          293    i.xPortSysTickHandler  port.o
    0x08009478   0x00000024   Code   RO          125    i.xQueueCreateMutex  queue.o
    0x0800949c   0x0000004c   Code   RO          126    i.xQueueGenericCreate  queue.o
    0x080094e8   0x0000017c   Code   RO          127    i.xQueueGenericReceive  queue.o
    0x08009664   0x00000098   Code   RO          128    i.xQueueGenericReset  queue.o
    0x080096fc   0x00000170   Code   RO          129    i.xQueueGenericSend  queue.o
    0x0800986c   0x000000cc   Code   RO          130    i.xQueueGenericSendFromISR  queue.o
    0x08009938   0x000000ac   Code   RO          131    i.xQueueGiveFromISR  queue.o
    0x080099e4   0x000000a8   Code   RO          135    i.xQueueReceiveFromISR  queue.o
    0x08009a8c   0x00000074   Code   RO          875    i.xTaskCheckForTimeOut  tasks.o
    0x08009b00   0x00000056   Code   RO          876    i.xTaskCreate       tasks.o
    0x08009b56   0x00000002   PAD
    0x08009b58   0x0000001c   Code   RO          880    i.xTaskGetSchedulerState  tasks.o
    0x08009b74   0x0000000c   Code   RO          881    i.xTaskGetTickCount  tasks.o
    0x08009b80   0x00000010   Code   RO          882    i.xTaskGetTickCountFromISR  tasks.o
    0x08009b90   0x000000cc   Code   RO          883    i.xTaskIncrementTick  tasks.o
    0x08009c5c   0x000000a8   Code   RO          886    i.xTaskPriorityDisinherit  tasks.o
    0x08009d04   0x00000078   Code   RO          887    i.xTaskRemoveFromEventList  tasks.o
    0x08009d7c   0x000000c8   Code   RO          889    i.xTaskResumeAll    tasks.o
    0x08009e44   0x00000010   Data   RO         4982    .constdata          system_stm32f7xx.o
    0x08009e54   0x00000008   Data   RO         4983    .constdata          system_stm32f7xx.o
    0x08009e5c   0x00000014   Data   RO         5547    .constdata          sd_diskio.o
    0x08009e70   0x00000014   Data   RO         5762    .constdata          ethernetif.o
    0x08009e84   0x00000014   Data   RO         6005    .constdata          freertos.o
    0x08009e98   0x00000014   Data   RO         6341    .constdata          main.o
    0x08009eac   0x00000006   Data   RO         6492    .constdata          ethernet.o
    0x08009eb2   0x00000006   Data   RO         6493    .constdata          ethernet.o
    0x08009eb8   0x00000018   Data   RO         7377    .constdata          timeouts.o
    0x08009ed0   0x00000054   Data   RO         7509    .constdata          tcp.o
    0x08009f24   0x00000004   Data   RO         9030    .constdata          ip4_addr.o
    0x08009f28   0x0000000c   Data   RO         9164    .constdata          memp.o
    0x08009f34   0x0000000c   Data   RO         9165    .constdata          memp.o
    0x08009f40   0x0000000c   Data   RO         9166    .constdata          memp.o
    0x08009f4c   0x0000000c   Data   RO         9167    .constdata          memp.o
    0x08009f58   0x0000000c   Data   RO         9168    .constdata          memp.o
    0x08009f64   0x0000000c   Data   RO         9169    .constdata          memp.o
    0x08009f70   0x0000000c   Data   RO         9170    .constdata          memp.o
    0x08009f7c   0x0000000c   Data   RO         9171    .constdata          memp.o
    0x08009f88   0x0000000c   Data   RO         9172    .constdata          memp.o
    0x08009f94   0x0000000c   Data   RO         9173    .constdata          memp.o
    0x08009fa0   0x0000000c   Data   RO         9174    .constdata          memp.o
    0x08009fac   0x0000000c   Data   RO         9175    .constdata          memp.o
    0x08009fb8   0x0000000c   Data   RO         9176    .constdata          memp.o
    0x08009fc4   0x00000034   Data   RO         9177    .constdata          memp.o
    0x08009ff8   0x0000000c   Data   RO         9308    .constdata          sys_arch.o
    0x0800a004   0x00000006   Data   RO         5763    .conststring        ethernetif.o
    0x0800a00a   0x00000002   PAD
    0x0800a00c   0x0000000c   Data   RO         6006    .conststring        freertos.o
    0x0800a018   0x00000006   Data   RO         6342    .conststring        main.o
    0x0800a01e   0x00000002   PAD
    0x0800a020   0x00000075   Data   RO         7510    .conststring        tcp.o
    0x0800a095   0x00000003   PAD
    0x0800a098   0x00000020   Data   RO        10378    Region$$Table       anon$$obj.o


    Execution Region RW_IRAM1 (Base: 0x20000000, Size: 0x0000ae30, Max: 0x00050000, ABSOLUTE, COMPRESSED[0x00000018])

    Base Addr    Size         Type   Attr      Idx    E Section Name        Object

    0x20000000   0x0000000c   Data   RW          294    .data               port.o
    0x2000000c   0x00000018   Data   RW          750    .data               heap_4.o
    0x20000024   0x0000003c   Data   RW          892    .data               tasks.o
    0x20000060   0x00000004   Data   RW         1670    .data               stm32f7xx_hal.o
    0x20000064   0x00000004   Data   RW         4984    .data               system_stm32f7xx.o
    0x20000068   0x00000001   Data   RW         5548    .data               sd_diskio.o
    0x20000069   0x00000003   PAD
    0x2000006c   0x00000004   Data   RW         5764    .data               ethernetif.o
    0x20000070   0x00000005   Data   RW         5944    .data               fatfs.o
    0x20000075   0x00000003   PAD
    0x20000078   0x00000004   Data   RW         6007    .data               freertos.o
    0x2000007c   0x00000018   Data   RW         6035    .data               lwip.o
    0x20000094   0x00000008   Data   RW         6676    .data               udp.o
    0x2000009c   0x00000010   Data   RW         7094    .data               tcpip.o
    0x200000ac   0x00000024   Data   RW         7194    .data               tcp_in.o
    0x200000d0   0x0000000c   Data   RW         7378    .data               timeouts.o
    0x200000dc   0x00000020   Data   RW         7511    .data               tcp.o
    0x200000fc   0x00000008   Data   RW         7864    .data               ip4_frag.o
    0x20000104   0x00000001   Data   RW         8200    .data               pbuf.o
    0x20000105   0x00000001   PAD
    0x20000106   0x00000002   Data   RW         8372    .data               ip4.o
    0x20000108   0x00000001   Data   RW         8457    .data               etharp.o
    0x20000109   0x00000003   PAD
    0x2000010c   0x00000004   Data   RW         9178    .data               memp.o
    0x20000110   0x00000004   Data   RW         9179    .data               memp.o
    0x20000114   0x00000004   Data   RW         9180    .data               memp.o
    0x20000118   0x00000004   Data   RW         9181    .data               memp.o
    0x2000011c   0x00000004   Data   RW         9182    .data               memp.o
    0x20000120   0x00000004   Data   RW         9183    .data               memp.o
    0x20000124   0x00000004   Data   RW         9184    .data               memp.o
    0x20000128   0x00000004   Data   RW         9185    .data               memp.o
    0x2000012c   0x00000004   Data   RW         9186    .data               memp.o
    0x20000130   0x00000004   Data   RW         9187    .data               memp.o
    0x20000134   0x00000004   Data   RW         9188    .data               memp.o
    0x20000138   0x00000004   Data   RW         9189    .data               memp.o
    0x2000013c   0x00000004   Data   RW         9190    .data               memp.o
    0x20000140   0x00000004   Data   RW         9310    .data               sys_arch.o
    0x20000144   0x00000010   Data   RW         9663    .data               mem.o
    0x20000154   0x0000000c   Data   RW         9963    .data               netif.o
    0x20000160   0x00000004   Data   RW        10350    .data               mc_w.l(stdout.o)
    0x20000164   0x00003c00   Zero   RW          749    .bss                heap_4.o
    0x20003d64   0x000000f0   Zero   RW          891    .bss                tasks.o
    0x20003e54   0x0000000c   Zero   RW         5090    .bss                ff_gen_drv.o
    0x20003e60   0x00000090   Zero   RW         5602    .bss                adc.o
    0x20003ef0   0x0000004c   Zero   RW         5655    .bss                i2c.o
    0x20003f3c   0x00000084   Zero   RW         5712    .bss                sdmmc.o
    0x20003fc0   0x000030e8   Zero   RW         5761    .bss                ethernetif.o
    0x200070a8   0x00000030   Zero   RW         6034    .bss                lwip.o
    0x200070d8   0x000000e0   Zero   RW         6108    .bss                usart.o
    0x200071b8   0x00000044   Zero   RW         6297    .bss                can.o
    0x200071fc   0x00000040   Zero   RW         6432    .bss                stm32f7xx_hal_timebase_tim.o
    0x2000723c   0x00000010   Zero   RW         7193    .bss                tcp_in.o
    0x2000724c   0x000000f0   Zero   RW         8456    .bss                etharp.o
    0x2000733c   0x00000018   Zero   RW         8963    .bss                ip.o
    0x20007354   0x00000083   Zero   RW         9151    .bss                memp.o
    0x200073d7   0x000002fb   Zero   RW         9152    .bss                memp.o
    0x200076d2   0x000000e3   Zero   RW         9153    .bss                memp.o
    0x200077b5   0x00000103   Zero   RW         9154    .bss                memp.o
    0x200078b8   0x000000a3   Zero   RW         9155    .bss                memp.o
    0x2000795b   0x0000016b   Zero   RW         9156    .bss                memp.o
    0x20007ac6   0x00000023   Zero   RW         9157    .bss                memp.o
    0x20007ae9   0x000000b3   Zero   RW         9158    .bss                memp.o
    0x20007b9c   0x00000083   Zero   RW         9159    .bss                memp.o
    0x20007c1f   0x00000083   Zero   RW         9160    .bss                memp.o
    0x20007ca2   0x00000033   Zero   RW         9161    .bss                memp.o
    0x20007cd5   0x00000103   Zero   RW         9162    .bss                memp.o
    0x20007dd8   0x00002603   Zero   RW         9163    .bss                memp.o
    0x2000a3db   0x00000653   Zero   RW         9662    .bss                mem.o
    0x2000aa2e   0x00000002   PAD
    0x2000aa30   0x00000400   Zero   RW         1125    STACK               startup_stm32f746xx.o


==============================================================================

Image component sizes


      Code (inc. data)   RO Data    RW Data    ZI Data      Debug   Object Name

       308         72          0          0        144       2318   adc.o
       152         24          0          0          0       3427   bsp_driver_sd.o
       156         40          0          0         68       1661   can.o
       814         34          0          0          0      24868   cmsis_os.o
         0          0          0          0          0       8116   croutine.o
         8          0          0          0          0       1098   def.o
      1436         56          0          1        240      11035   etharp.o
       234          6         12          0          0       2486   ethernet.o
       936         78         26          4      12520      29331   ethernetif.o
         0          0          0          0          0      18756   event_groups.o
        28         10          0          5          0       1016   fatfs.o
        70          4          0          0         12       3635   ff_gen_drv.o
        56         10         32          4          0       1746   freertos.o
       280         24          0          0          0       1091   gpio.o
       484         24          0         24      15360       7335   heap_4.o
       188         42          0          0         76       1741   i2c.o
       372          4          0          0          0       4842   icmp.o
        34          0          0          0          0        584   init.o
         0          0          0          0         24       3042   ip.o
       706         30          0          2          0       4460   ip4.o
        46          0          4          0          0       6806   ip4_addr.o
      1346         36          0          8          0       8826   ip4_frag.o
       136          0          0          0          0       3474   list.o
       168         16          0         24         48       1485   lwip.o
       388         74         26          0          0       7035   main.o
       672         34          0         16       1619       5241   mem.o
       184         16        208         52      12423      10844   memp.o
       330         16          0         12          0       9321   netif.o
      1116         32          0          1          0      11922   pbuf.o
       738         82          0         12          0      12025   port.o
      1836         14          0          0          0      16980   queue.o
       272         32         20          1          0       4296   sd_diskio.o
       120         26          0          0        132       1620   sdmmc.o
        36          8        456          0       1024        824   startup_stm32f746xx.o
        72         12          0          4          0       3264   stm32f7xx_hal.o
       752         28          0          0          0       2739   stm32f7xx_hal_adc.o
       330          0          0          0          0       1455   stm32f7xx_hal_can.o
       218         12          0          0          0      35865   stm32f7xx_hal_cortex.o
      2006         66          0          0          0      11776   stm32f7xx_hal_eth.o
         0          0          0          0          0     894764   stm32f7xx_hal_flash.o
       490         54          0          0          0       2993   stm32f7xx_hal_gpio.o
       184          4          0          0          0       2931   stm32f7xx_hal_i2c.o
       172          0          0          0          0       1919   stm32f7xx_hal_i2c_ex.o
        88          0          0          0          0        546   stm32f7xx_hal_msp.o
       108          8          0          0          0       1308   stm32f7xx_hal_pwr_ex.o
      1516         78          0          0          0       6269   stm32f7xx_hal_rcc.o
      1716         16          0          0          0       2348   stm32f7xx_hal_rcc_ex.o
      2468          0          0          0          0      12088   stm32f7xx_hal_sd.o
       674         46          0          0          0       7248   stm32f7xx_hal_tim.o
         4          0          0          0          0       1726   stm32f7xx_hal_tim_ex.o
       116         16          0          0         64       1493   stm32f7xx_hal_timebase_tim.o
      1070         70          0          0          0       4677   stm32f7xx_hal_uart.o
        28         12          0          0          0       1447   stm32f7xx_it.o
      1626         42          0          0          0      22044   stm32f7xx_ll_sdmmc.o
         0          0          0          0          0        748   sys.o
       318         26         12          4          0      12948   sys_arch.o
         0          0          0          0          0       3484   syscall.o
        84         16         24          4          0       1287   system_stm32f7xx.o
      2156        182          0         60        240      23184   tasks.o
      2352         80        201         32          0      26951   tcp.o
      4152        130          0         36         16      18947   tcp_in.o
      1826         10          0          0          0      21166   tcp_out.o
       368         46          0         16          0       6483   tcpip.o
       492         72         24         12          0       7144   timeouts.o
       346         12          0          8          0       5179   udp.o
       288         70          0          0        224       2375   usart.o

    ----------------------------------------------------------------------
     39746       1952       1084        352      44236    1382083   Object Totals
         0          0         32          0          0          0   (incl. Generated)
        76          0          7         10          2          0   (incl. Padding)

    ----------------------------------------------------------------------

      Code (inc. data)   RO Data    RW Data    ZI Data      Debug   Library Member Name

        58          0          0          0          0          0   __dczerorl.o
         0          0          0          0          0          0   entry.o
         0          0          0          0          0          0   entry10a.o
         0          0          0          0          0          0   entry11a.o
         8          4          0          0          0          0   entry2.o
         4          0          0          0          0          0   entry5.o
         0          0          0          0          0          0   entry7b.o
         0          0          0          0          0          0   entry8b.o
         8          4          0          0          0          0   entry9a.o
        18          0          0          0          0         80   fputc.o
        30          0          0          0          0          0   handlers.o
        36          8          0          0          0         68   init.o
         0          0          0          0          0          0   iusesemip.o
        26          0          0          0          0         80   memcmp.o
        36          0          0          0          0         68   memcpya.o
        36          0          0          0          0        108   memseta.o
        50          8          0          0          0        152   printfb.o
         0          0          0          0          0          0   semi.o
         0          0          0          4          0          0   stdout.o

    ----------------------------------------------------------------------
       314         24          0          4          0        556   Library Totals
         4          0          0          0          0          0   (incl. Padding)

    ----------------------------------------------------------------------

      Code (inc. data)   RO Data    RW Data    ZI Data      Debug   Library Name

       310         24          0          4          0        556   mc_w.l

    ----------------------------------------------------------------------
       314         24          0          4          0        556   Library Totals

    ----------------------------------------------------------------------

==============================================================================


      Code (inc. data)   RO Data    RW Data    ZI Data      Debug   

     40060       1976       1084        356      44236    1347415   Grand Totals
     40060       1976       1084         24      44236    1347415   ELF Image Totals (compressed)
     40060       1976       1084         24          0          0   ROM Totals

==============================================================================

    Total RO  Size (Code + RO Data)                41144 (  40.18kB)
    Total RW  Size (RW Data + ZI Data)             44592 (  43.55kB)
    Total ROM Size (Code + RO Data + RW Data)      41168 (  40.20kB)

==============================================================================

