<html>
<body>
<pre>
<h1>µVision Build Log</h1>
<h2>Tool Versions:</h2>
IDE-Version: µVision V5.14.0.0
Copyright (C) 2015 ARM Ltd and ARM Germany GmbH. All rights reserved.
License Information: M D, Università, LIC=4ZLPC-7VUQY-UKXB6-DNH4Q-QI6FA-4R5DN
 
Tool Versions:
Toolchain:       MDK-ARM Professional  Version: 5.14.0.0
Toolchain Path:  C:\Keil_v5\ARM\ARMCC\Bin
C Compiler:      Armcc.exe V5.05 update 1 (build 106)
Assembler:       Armasm.exe V5.05 update 1 (build 106)
Linker/Locator:  ArmLink.exe V5.05 update 1 (build 106)
Library Manager: ArmAr.exe V5.05 update 1 (build 106)
Hex Converter:   FromElf.exe V5.05 update 1 (build 106)
CPU DLL:         SARMCM3.DLL V5.14.0.0
Dialog DLL:      DCM.DLL V1.13.1.0
Target DLL:      STLink\ST-LINKIII-KEIL_SWO.dll V2.0.14.0_KEIL
Dialog DLL:      TCM.DLL V1.14.4.0
 
<h2>Project:</h2>
C:\Users\mike_\Documents\GitHub\telemetria-2017\daq\prova_adc_temp\MDK-ARM\prova_adc_temp.uvprojx
Project File Date:  05/14/2017

<h2>Output:</h2>
Build target 'prova_adc_temp'
compiling main.c...
../Src/main.c(105): warning:  #1035-D: single-precision operand implicitly converted to double-precision
        temp = ((temp - 760.0) / 2.5) + 25;
../Src/main.c(108): warning:  #223-D: function "strlen" declared implicitly
        HAL_UART_Transmit(&huart3, (uint8_t*) msg, strlen(msg), HAL_MAX_DELAY);
../Src/main.c: 2 warnings, 0 errors
linking...
Program Size: Code=12236 RO-data=512 RW-data=16 ZI-data=1208  
"prova_adc_temp\prova_adc_temp.axf" - 0 Error(s), 2 Warning(s).

<h2>Software Packages used:</h2>

Package Vendor: ARM
                http://www.keil.com/pack/ARM.CMSIS.4.2.0.pack
                ARM::CMSIS:CORE:3.40.0
                CMSIS (Cortex Microcontroller Software Interface Standard)
   * Component: CORE Version: 3.40.0

<h2>Collection of Component include folders:</h2>
  C:\Users\mike_\Documents\GitHub\telemetria-2017\daq\prova_adc_temp\MDK-ARM\RTE
  C:\Keil_v5\ARM\PACK\ARM\CMSIS\4.2.0\CMSIS\Include
  C:\Keil_v5\ARM\PACK\Keil\STM32F7xx_DFP\2.9.0

<h2>Collection of Component Files used:</h2>

   * Component: ARM::CMSIS:CORE:3.40.0
      Source file:   CMSIS\UserCodeTemplates\ARM\ITM_Retarget.c
</pre>
</body>
</html>
